Component: ARM Compiler 5.06 update 7 (build 960) Tool: armlink [4d3601]

==============================================================================

Section Cross References

    startup_stm32f103xb.o(STACK) refers (Special) to heapauxi.o(.text) for __use_two_region_memory
    startup_stm32f103xb.o(HEAP) refers (Special) to heapauxi.o(.text) for __use_two_region_memory
    startup_stm32f103xb.o(RESET) refers (Special) to heapauxi.o(.text) for __use_two_region_memory
    startup_stm32f103xb.o(RESET) refers to startup_stm32f103xb.o(STACK) for __initial_sp
    startup_stm32f103xb.o(RESET) refers to startup_stm32f103xb.o(.text) for Reset_Handler
    startup_stm32f103xb.o(RESET) refers to stm32f1xx_it.o(i.NMI_Handler) for NMI_Handler
    startup_stm32f103xb.o(RESET) refers to stm32f1xx_it.o(i.HardFault_Handler) for HardFault_Handler
    startup_stm32f103xb.o(RESET) refers to stm32f1xx_it.o(i.MemManage_Handler) for MemManage_Handler
    startup_stm32f103xb.o(RESET) refers to stm32f1xx_it.o(i.BusFault_Handler) for BusFault_Handler
    startup_stm32f103xb.o(RESET) refers to stm32f1xx_it.o(i.UsageFault_Handler) for UsageFault_Handler
    startup_stm32f103xb.o(RESET) refers to stm32f1xx_it.o(i.SVC_Handler) for SVC_Handler
    startup_stm32f103xb.o(RESET) refers to stm32f1xx_it.o(i.DebugMon_Handler) for DebugMon_Handler
    startup_stm32f103xb.o(RESET) refers to stm32f1xx_it.o(i.PendSV_Handler) for PendSV_Handler
    startup_stm32f103xb.o(RESET) refers to stm32f1xx_it.o(i.SysTick_Handler) for SysTick_Handler
    startup_stm32f103xb.o(RESET) refers to stm32f1xx_it.o(i.TIM2_IRQHandler) for TIM2_IRQHandler
    startup_stm32f103xb.o(RESET) refers to stm32f1xx_it.o(i.TIM3_IRQHandler) for TIM3_IRQHandler
    startup_stm32f103xb.o(RESET) refers to stm32f1xx_it.o(i.TIM4_IRQHandler) for TIM4_IRQHandler
    startup_stm32f103xb.o(RESET) refers to stm32f1xx_it.o(i.USART1_IRQHandler) for USART1_IRQHandler
    startup_stm32f103xb.o(RESET) refers to stm32f1xx_it.o(i.USART2_IRQHandler) for USART2_IRQHandler
    startup_stm32f103xb.o(RESET) refers to stm32f1xx_it.o(i.USART3_IRQHandler) for USART3_IRQHandler
    startup_stm32f103xb.o(RESET) refers to stm32f1xx_it.o(i.EXTI15_10_IRQHandler) for EXTI15_10_IRQHandler
    startup_stm32f103xb.o(.text) refers (Special) to heapauxi.o(.text) for __use_two_region_memory
    startup_stm32f103xb.o(.text) refers to system_stm32f1xx.o(i.SystemInit) for SystemInit
    startup_stm32f103xb.o(.text) refers to __main.o(!!!main) for __main
    startup_stm32f103xb.o(.text) refers to startup_stm32f103xb.o(HEAP) for Heap_Mem
    startup_stm32f103xb.o(.text) refers to startup_stm32f103xb.o(STACK) for Stack_Mem
    main.o(i.SystemClock_Config) refers to rt_memclr_w.o(.text) for __aeabi_memclr4
    main.o(i.SystemClock_Config) refers to stm32f1xx_hal_rcc.o(i.HAL_RCC_OscConfig) for HAL_RCC_OscConfig
    main.o(i.SystemClock_Config) refers to stm32f1xx_hal_rcc.o(i.HAL_RCC_ClockConfig) for HAL_RCC_ClockConfig
    main.o(i.SystemClock_Config) refers to stm32f1xx_hal_rcc_ex.o(i.HAL_RCCEx_PeriphCLKConfig) for HAL_RCCEx_PeriphCLKConfig
    main.o(i.main) refers to stm32f1xx_hal.o(i.HAL_Init) for HAL_Init
    main.o(i.main) refers to main.o(i.SystemClock_Config) for SystemClock_Config
    main.o(i.main) refers to gpio.o(i.MX_GPIO_Init) for MX_GPIO_Init
    main.o(i.main) refers to adc.o(i.MX_ADC1_Init) for MX_ADC1_Init
    main.o(i.main) refers to adc.o(i.MX_ADC2_Init) for MX_ADC2_Init
    main.o(i.main) refers to tim.o(i.MX_TIM1_Init) for MX_TIM1_Init
    main.o(i.main) refers to tim.o(i.MX_TIM3_Init) for MX_TIM3_Init
    main.o(i.main) refers to tim.o(i.MX_TIM4_Init) for MX_TIM4_Init
    main.o(i.main) refers to usart.o(i.MX_USART1_UART_Init) for MX_USART1_UART_Init
    main.o(i.main) refers to usart.o(i.MX_USART3_UART_Init) for MX_USART3_UART_Init
    main.o(i.main) refers to sys.o(i.JTAG_Set) for JTAG_Set
    main.o(i.main) refers to delay.o(i.delay_init) for delay_init
    main.o(i.main) refers to oled.o(i.OLED_Init) for OLED_Init
    main.o(i.main) refers to mpu6050.o(i.MPU6050_initialize) for MPU6050_initialize
    main.o(i.main) refers to mpu6050.o(i.DMP_Init) for DMP_Init
    main.o(i.main) refers to tim.o(i.MX_TIM2_Init) for MX_TIM2_Init
    main.o(i.main) refers to stm32f1xx_hal_cortex.o(i.HAL_NVIC_EnableIRQ) for HAL_NVIC_EnableIRQ
    main.o(i.main) refers to main.o(.data) for .data
    gpio.o(i.MX_GPIO_Init) refers to stm32f1xx_hal_gpio.o(i.HAL_GPIO_WritePin) for HAL_GPIO_WritePin
    gpio.o(i.MX_GPIO_Init) refers to stm32f1xx_hal_gpio.o(i.HAL_GPIO_Init) for HAL_GPIO_Init
    gpio.o(i.MX_GPIO_Init) refers to stm32f1xx_hal_cortex.o(i.HAL_NVIC_SetPriority) for HAL_NVIC_SetPriority
    gpio.o(i.MX_GPIO_Init) refers to stm32f1xx_hal_cortex.o(i.HAL_NVIC_DisableIRQ) for HAL_NVIC_DisableIRQ
    adc.o(i.Get_battery_volt) refers to stm32f1xx_hal_adc.o(i.HAL_ADC_Start) for HAL_ADC_Start
    adc.o(i.Get_battery_volt) refers to stm32f1xx_hal_adc.o(i.HAL_ADC_PollForConversion) for HAL_ADC_PollForConversion
[...]
    SPI2_IRQHandler                          0x080001eb   Thumb Code     0  startup_stm32f103xb.o(.text)
    TAMPER_IRQHandler                        0x080001eb   Thumb Code     0  startup_stm32f103xb.o(.text)
    TIM1_BRK_IRQHandler                      0x080001eb   Thumb Code     0  startup_stm32f103xb.o(.text)
    TIM1_CC_IRQHandler                       0x080001eb   Thumb Code     0  startup_stm32f103xb.o(.text)
    TIM1_TRG_COM_IRQHandler                  0x080001eb   Thumb Code     0  startup_stm32f103xb.o(.text)
    TIM1_UP_IRQHandler                       0x080001eb   Thumb Code     0  startup_stm32f103xb.o(.text)
    USBWakeUp_IRQHandler                     0x080001eb   Thumb Code     0  startup_stm32f103xb.o(.text)
    USB_HP_CAN1_TX_IRQHandler                0x080001eb   Thumb Code     0  startup_stm32f103xb.o(.text)
    USB_LP_CAN1_RX0_IRQHandler               0x080001eb   Thumb Code     0  startup_stm32f103xb.o(.text)
    WWDG_IRQHandler                          0x080001eb   Thumb Code     0  startup_stm32f103xb.o(.text)
    __user_initial_stackheap                 0x080001ed   Thumb Code     0  startup_stm32f103xb.o(.text)
    __aeabi_ldivmod                          0x08000211   Thumb Code     0  llsdiv.o(.text)
    _ll_sdiv                                 0x08000211   Thumb Code    72  llsdiv.o(.text)
    __2printf                                0x08000259   Thumb Code    20  noretval__2printf.o(.text)
    __printf                                 0x08000271   Thumb Code   104  __printf.o(.text)
    _printf_int_dec                          0x080002d9   Thumb Code   104  _printf_dec.o(.text)
    memcmp                                   0x08000351   Thumb Code    88  memcmp.o(.text)
    __aeabi_memset                           0x080003a9   Thumb Code    16  aeabi_memset.o(.text)
    __aeabi_memclr                           0x080003b9   Thumb Code     0  rt_memclr.o(.text)
    __rt_memclr                              0x080003b9   Thumb Code    68  rt_memclr.o(.text)
    _memset                                  0x080003bd   Thumb Code     0  rt_memclr.o(.text)
    __aeabi_memclr4                          0x080003fd   Thumb Code     0  rt_memclr_w.o(.text)
    __aeabi_memclr8                          0x080003fd   Thumb Code     0  rt_memclr_w.o(.text)
    __rt_memclr_w                            0x080003fd   Thumb Code    78  rt_memclr_w.o(.text)
    _memset_w                                0x08000401   Thumb Code     0  rt_memclr_w.o(.text)
    __use_two_region_memory                  0x0800044b   Thumb Code     2  heapauxi.o(.text)
    __rt_heap_escrow$2region                 0x0800044d   Thumb Code     2  heapauxi.o(.text)
    __rt_heap_expand$2region                 0x0800044f   Thumb Code     2  heapauxi.o(.text)
    __aeabi_uldivmod                         0x08000451   Thumb Code     0  lludivv7m.o(.text)
    _ll_udiv                                 0x08000451   Thumb Code   238  lludivv7m.o(.text)
    __read_errno                             0x0800053f   Thumb Code    10  _rserrno.o(.text)
    __set_errno                              0x08000549   Thumb Code    12  _rserrno.o(.text)
    _printf_int_common                       0x08000555   Thumb Code   178  _printf_intcommon.o(.text)
    _printf_char_file                        0x08000609   Thumb Code    32  _printf_char_file.o(.text)
    __aeabi_errno_addr                       0x0800062d   Thumb Code     8  rt_errno_addr_intlibspace.o(.text)
    __errno$intlibspace                      0x0800062d   Thumb Code     0  rt_errno_addr_intlibspace.o(.text)
    __rt_errno_addr$intlibspace              0x0800062d   Thumb Code     0  rt_errno_addr_intlibspace.o(.text)
    _printf_char_common                      0x0800063f   Thumb Code    32  _printf_char_common.o(.text)
    ferror                                   0x08000665   Thumb Code     8  ferror.o(.text)
    __user_libspace                          0x0800066d   Thumb Code     8  libspace.o(.text)
    __user_perproc_libspace                  0x0800066d   Thumb Code     0  libspace.o(.text)
    __user_perthread_libspace                0x0800066d   Thumb Code     0  libspace.o(.text)
    __user_setup_stackheap                   0x08000675   Thumb Code    74  sys_stackheap_outer.o(.text)
    exit                                     0x080006bf   Thumb Code    18  exit.o(.text)
    ADC_ConversionStop_Disable               0x080006d1   Thumb Code    86  stm32f1xx_hal_adc.o(i.ADC_ConversionStop_Disable)
    Balance                                  0x08000729   Thumb Code    72  control.o(i.Balance)
    BusFault_Handler                         0x08000785   Thumb Code     2  stm32f1xx_it.o(i.BusFault_Handler)
    Complementary_Filter_x                   0x08000789   Thumb Code    56  filter.o(i.Complementary_Filter_x)
    Complementary_Filter_y                   0x080007cd   Thumb Code    56  filter.o(i.Complementary_Filter_y)
    DMP_Init                                 0x08000811   Thumb Code   222  mpu6050.o(i.DMP_Init)
    DebugMon_Handler                         0x08000a41   Thumb Code     2  stm32f1xx_it.o(i.DebugMon_Handler)
    EXTI15_10_IRQHandler                     0x08000a43   Thumb Code     8  stm32f1xx_it.o(i.EXTI15_10_IRQHandler)
    Error_Handler                            0x08000a4b   Thumb Code     4  main.o(i.Error_Handler)
    Get_Angle                                0x08000a51   Thumb Code   580  control.o(i.Get_Angle)
    Get_Velocity_Form_Encoder                0x08000ccd   Thumb Code   166  control.o(i.Get_Velocity_Form_Encoder)
    HAL_ADC_ConfigChannel                    0x08000d95   Thumb Code   240  stm32f1xx_hal_adc.o(i.HAL_ADC_ConfigChannel)
    HAL_ADC_Init                             0x08000e91   Thumb Code   272  stm32f1xx_hal_adc.o(i.HAL_ADC_Init)
    HAL_ADC_MspInit                          0x08000fad   Thumb Code   118  adc.o(i.HAL_ADC_MspInit)
    HAL_DMA_Abort                            0x08001035   Thumb Code    70  stm32f1xx_hal_dma.o(i.HAL_DMA_Abort)
    HAL_DMA_Abort_IT                         0x0800107d   Thumb Code   148  stm32f1xx_hal_dma.o(i.HAL_DMA_Abort_IT)
    HAL_GPIO_EXTI_Callback                   0x08001115   Thumb Code   200  control.o(i.HAL_GPIO_EXTI_Callback)
    HAL_GPIO_EXTI_IRQHandler                 0x0800120d   Thumb Code    18  stm32f1xx_hal_gpio.o(i.HAL_GPIO_EXTI_IRQHandler)
    HAL_GPIO_Init                            0x08001225   Thumb Code   446  stm32f1xx_hal_gpio.o(i.HAL_GPIO_Init)
    HAL_GPIO_WritePin                        0x08001405   Thumb Code    10  stm32f1xx_hal_gpio.o(i.HAL_GPIO_WritePin)
    HAL_GetTick                              0x08001411   Thumb Code     6  stm32f1xx_hal.o(i.HAL_GetTick)
    HAL_IncTick                              0x0800141d   Thumb Code    12  stm32f1xx_hal.o(i.HAL_IncTick)
    HAL_Init                                 0x0800142d   Thumb Code    32  stm32f1xx_hal.o(i.HAL_Init)
    HAL_InitTick                             0x08001451   Thumb Code    54  stm32f1xx_hal.o(i.HAL_InitTick)
    HAL_MspInit                              0x08001491   Thumb Code    58  stm32f1xx_hal_msp.o(i.HAL_MspInit)
    HAL_NVIC_DisableIRQ                      0x080014d5   Thumb Code    34  stm32f1xx_hal_cortex.o(i.HAL_NVIC_DisableIRQ)
    HAL_NVIC_EnableIRQ                       0x080014f7   Thumb Code    26  stm32f1xx_hal_cortex.o(i.HAL_NVIC_EnableIRQ)
    HAL_NVIC_SetPriority                     0x08001511   Thumb Code    60  stm32f1xx_hal_cortex.o(i.HAL_NVIC_SetPriority)
    HAL_NVIC_SetPriorityGrouping             0x08001551   Thumb Code    26  stm32f1xx_hal_cortex.o(i.HAL_NVIC_SetPriorityGrouping)
    HAL_RCCEx_PeriphCLKConfig                0x08001575   Thumb Code   224  stm32f1xx_hal_rcc_ex.o(i.HAL_RCCEx_PeriphCLKConfig)
    HAL_RCC_ClockConfig                      0x08001661   Thumb Code   280  stm32f1xx_hal_rcc.o(i.HAL_RCC_ClockConfig)
    HAL_RCC_GetPCLK1Freq                     0x0800178d   Thumb Code    20  stm32f1xx_hal_rcc.o(i.HAL_RCC_GetPCLK1Freq)
    HAL_RCC_GetPCLK2Freq                     0x080017ad   Thumb Code    20  stm32f1xx_hal_rcc.o(i.HAL_RCC_GetPCLK2Freq)
    HAL_RCC_GetSysClockFreq                  0x080017cd   Thumb Code    58  stm32f1xx_hal_rcc.o(i.HAL_RCC_GetSysClockFreq)
    HAL_RCC_OscConfig                        0x08001819   Thumb Code   778  stm32f1xx_hal_rcc.o(i.HAL_RCC_OscConfig)
    HAL_SYSTICK_Config                       0x08001b39   Thumb Code    40  stm32f1xx_hal_cortex.o(i.HAL_SYSTICK_Config)
    HAL_TIMEx_BreakCallback                  0x08001b61   Thumb Code     2  stm32f1xx_hal_tim_ex.o(i.HAL_TIMEx_BreakCallback)
    HAL_TIMEx_CommutCallback                 0x08001b63   Thumb Code     2  stm32f1xx_hal_tim_ex.o(i.HAL_TIMEx_CommutCallback)
    HAL_TIMEx_ConfigBreakDeadTime            0x08001b65   Thumb Code    84  stm32f1xx_hal_tim_ex.o(i.HAL_TIMEx_ConfigBreakDeadTime)
    HAL_TIMEx_MasterConfigSynchronization    0x08001bb9   Thumb Code    92  stm32f1xx_hal_tim_ex.o(i.HAL_TIMEx_MasterConfigSynchronization)
    HAL_TIM_Base_Start_IT                    0x08001c21   Thumb Code    76  stm32f1xx_hal_tim.o(i.HAL_TIM_Base_Start_IT)
    HAL_TIM_Encoder_Init                     0x08001c79   Thumb Code   164  stm32f1xx_hal_tim.o(i.HAL_TIM_Encoder_Init)
    HAL_TIM_Encoder_MspInit                  0x08001d1d   Thumb Code   150  tim.o(i.HAL_TIM_Encoder_MspInit)
    HAL_TIM_Encoder_Start                    0x08001dc9   Thumb Code   142  stm32f1xx_hal_tim.o(i.HAL_TIM_Encoder_Start)
    HAL_TIM_IC_CaptureCallback               0x08001e59   Thumb Code   154  tim.o(i.HAL_TIM_IC_CaptureCallback)
    HAL_TIM_IC_ConfigChannel                 0x08001efd   Thumb Code   292  stm32f1xx_hal_tim.o(i.HAL_TIM_IC_ConfigChannel)
    HAL_TIM_IC_Init                          0x08002021   Thumb Code    90  stm32f1xx_hal_tim.o(i.HAL_TIM_IC_Init)
    HAL_TIM_IC_MspInit                       0x0800207d   Thumb Code   112  tim.o(i.HAL_TIM_IC_MspInit)
    HAL_TIM_IC_Start_IT                      0x080020f5   Thumb Code   216  stm32f1xx_hal_tim.o(i.HAL_TIM_IC_Start_IT)
    HAL_TIM_IRQHandler                       0x080021d9   Thumb Code   358  stm32f1xx_hal_tim.o(i.HAL_TIM_IRQHandler)
    HAL_TIM_MspPostInit                      0x08002341   Thumb Code    64  tim.o(i.HAL_TIM_MspPostInit)
    HAL_TIM_OC_DelayElapsedCallback          0x0800238d   Thumb Code     2  stm32f1xx_hal_tim.o(i.HAL_TIM_OC_DelayElapsedCallback)
    HAL_TIM_PWM_ConfigChannel                0x0800238f   Thumb Code   204  stm32f1xx_hal_tim.o(i.HAL_TIM_PWM_ConfigChannel)
    HAL_TIM_PWM_Init                         0x0800245b   Thumb Code    90  stm32f1xx_hal_tim.o(i.HAL_TIM_PWM_Init)
    HAL_TIM_PWM_MspInit                      0x080024b5   Thumb Code    30  tim.o(i.HAL_TIM_PWM_MspInit)
    HAL_TIM_PWM_PulseFinishedCallback        0x080024dd   Thumb Code     2  stm32f1xx_hal_tim.o(i.HAL_TIM_PWM_PulseFinishedCallback)
    HAL_TIM_PWM_Start                        0x080024e1   Thumb Code   144  stm32f1xx_hal_tim.o(i.HAL_TIM_PWM_Start)
    HAL_TIM_PeriodElapsedCallback            0x0800257d   Thumb Code    44  tim.o(i.HAL_TIM_PeriodElapsedCallback)
    HAL_TIM_ReadCapturedValue                0x080025b1   Thumb Code    42  stm32f1xx_hal_tim.o(i.HAL_TIM_ReadCapturedValue)
    HAL_TIM_TriggerCallback                  0x080025db   Thumb Code     2  stm32f1xx_hal_tim.o(i.HAL_TIM_TriggerCallback)
    HAL_UARTEx_RxEventCallback               0x080025dd   Thumb Code     2  stm32f1xx_hal_uart.o(i.HAL_UARTEx_RxEventCallback)
    HAL_UART_ErrorCallback                   0x080025df   Thumb Code     2  stm32f1xx_hal_uart.o(i.HAL_UART_ErrorCallback)
    HAL_UART_IRQHandler                      0x080025e1   Thumb Code   616  stm32f1xx_hal_uart.o(i.HAL_UART_IRQHandler)
    HAL_UART_Init                            0x0800284d   Thumb Code   100  stm32f1xx_hal_uart.o(i.HAL_UART_Init)
    HAL_UART_MspInit                         0x080028b1   Thumb Code   282  usart.o(i.HAL_UART_MspInit)
    HAL_UART_Receive_IT                      0x080029e5   Thumb Code    28  stm32f1xx_hal_uart.o(i.HAL_UART_Receive_IT)
    HAL_UART_RxCpltCallback                  0x08002a01   Thumb Code   736  usart3.o(i.HAL_UART_RxCpltCallback)
    HAL_UART_TxCpltCallback                  0x08002d31   Thumb Code     2  stm32f1xx_hal_uart.o(i.HAL_UART_TxCpltCallback)
    HardFault_Handler                        0x08002d33   Thumb Code     2  stm32f1xx_it.o(i.HardFault_Handler)
    I2C_ReadOneByte                          0x08002d35   Thumb Code    62  ioi2c.o(i.I2C_ReadOneByte)
    IIC_Ack                                  0x08002d75   Thumb Code    54  ioi2c.o(i.IIC_Ack)
    IIC_NAck                                 0x08002db5   Thumb Code    56  ioi2c.o(i.IIC_NAck)
    IIC_Read_Byte                            0x08002df5   Thumb Code   100  ioi2c.o(i.IIC_Read_Byte)
    IIC_Send_Byte                            0x08002e61   Thumb Code    86  ioi2c.o(i.IIC_Send_Byte)
    IIC_Start                                0x08002ec1   Thumb Code    72  ioi2c.o(i.IIC_Start)
    IIC_Stop                                 0x08002f11   Thumb Code    56  ioi2c.o(i.IIC_Stop)
    IIC_Wait_Ack                             0x08002f51   Thumb Code    80  ioi2c.o(i.IIC_Wait_Ack)
    IICreadByte                              0x08002fa9   Thumb Code    14  ioi2c.o(i.IICreadByte)
    IICwriteBit                              0x08002fb7   Thumb Code    50  ioi2c.o(i.IICwriteBit)
    IICwriteBits                             0x08002fe9   Thumb Code    84  ioi2c.o(i.IICwriteBits)
    IICwriteByte                             0x0800303d   Thumb Code    12  ioi2c.o(i.IICwriteByte)
    IICwriteBytes                            0x08003049   Thumb Code    68  ioi2c.o(i.IICwriteBytes)
    JTAG_Set                                 0x0800308d   Thumb Code    30  sys.o(i.JTAG_Set)
    Kalman_Filter_x                          0x080030b5   Thumb Code   330  filter.o(i.Kalman_Filter_x)
    Kalman_Filter_y                          0x08003211   Thumb Code   330  filter.o(i.Kalman_Filter_y)
    Key                                      0x0800336d   Thumb Code    50  control.o(i.Key)
    Long_Press                               0x080033a9   Thumb Code    52  key.o(i.Long_Press)
    MPU6050_initialize                       0x080033e5   Thumb Code    42  mpu6050.o(i.MPU6050_initialize)
    MPU6050_setClockSource                   0x0800340f   Thumb Code    18  mpu6050.o(i.MPU6050_setClockSource)
    MPU6050_setFullScaleAccelRange           0x08003421   Thumb Code    18  mpu6050.o(i.MPU6050_setFullScaleAccelRange)
    MPU6050_setFullScaleGyroRange            0x08003433   Thumb Code    18  mpu6050.o(i.MPU6050_setFullScaleGyroRange)
    MPU6050_setI2CBypassEnabled              0x08003445   Thumb Code    12  mpu6050.o(i.MPU6050_setI2CBypassEnabled)
    MPU6050_setI2CMasterModeEnabled          0x08003451   Thumb Code    12  mpu6050.o(i.MPU6050_setI2CMasterModeEnabled)
    MPU6050_setSleepEnabled                  0x0800345d   Thumb Code    12  mpu6050.o(i.MPU6050_setSleepEnabled)
    MX_ADC1_Init                             0x08003469   Thumb Code    70  adc.o(i.MX_ADC1_Init)
    MX_ADC2_Init                             0x080034b9   Thumb Code    70  adc.o(i.MX_ADC2_Init)
    MX_GPIO_Init                             0x08003509   Thumb Code   246  gpio.o(i.MX_GPIO_Init)
    MX_TIM1_Init                             0x08003615   Thumb Code   184  tim.o(i.MX_TIM1_Init)
    MX_TIM2_Init                             0x080036d5   Thumb Code   114  tim.o(i.MX_TIM2_Init)
    MX_TIM3_Init                             0x0800374d   Thumb Code   112  tim.o(i.MX_TIM3_Init)
    MX_TIM4_Init                             0x080037c5   Thumb Code   112  tim.o(i.MX_TIM4_Init)
    MX_USART1_UART_Init                      0x0800383d   Thumb Code    48  usart.o(i.MX_USART1_UART_Init)
    MX_USART3_UART_Init                      0x08003875   Thumb Code    54  usart.o(i.MX_USART3_UART_Init)
    MemManage_Handler                        0x080038b9   Thumb Code     2  stm32f1xx_it.o(i.MemManage_Handler)
    NMI_Handler                              0x080038bb   Thumb Code     2  stm32f1xx_it.o(i.NMI_Handler)
    OLED_Clear                               0x080038bd   Thumb Code    40  oled.o(i.OLED_Clear)
    OLED_Init                                0x080038e9   Thumb Code   232  oled.o(i.OLED_Init)
    OLED_Refresh_Gram                        0x080039d5   Thumb Code    70  oled.o(i.OLED_Refresh_Gram)
    OLED_WR_Byte                             0x08003a21   Thumb Code    64  oled.o(i.OLED_WR_Byte)
    PWM_Limit                                0x08003a69   Thumb Code    14  control.o(i.PWM_Limit)
    PendSV_Handler                           0x08003a77   Thumb Code     2  stm32f1xx_it.o(i.PendSV_Handler)
    Read_DMP                                 0x08003a79   Thumb Code   424  mpu6050.o(i.Read_DMP)
    Read_Distane                             0x08003c29   Thumb Code    60  tim.o(i.Read_Distane)
    Read_Encoder                             0x08003c71   Thumb Code    28  encoder.o(i.Read_Encoder)
    Read_Temperature                         0x08003c95   Thumb Code    80  mpu6050.o(i.Read_Temperature)
    SVC_Handler                              0x08003cf5   Thumb Code     2  stm32f1xx_it.o(i.SVC_Handler)
    Set_Pwm                                  0x08003cf9   Thumb Code    74  control.o(i.Set_Pwm)
    SysTick_Handler                          0x08003d4d   Thumb Code     4  stm32f1xx_it.o(i.SysTick_Handler)
    SystemClock_Config                       0x08003d51   Thumb Code   120  main.o(i.SystemClock_Config)
    SystemInit                               0x08003dc9   Thumb Code     2  system_stm32f1xx.o(i.SystemInit)
    TIM2_IRQHandler                          0x08003dcd   Thumb Code     6  stm32f1xx_it.o(i.TIM2_IRQHandler)
    TIM3_IRQHandler                          0x08003dd9   Thumb Code     6  stm32f1xx_it.o(i.TIM3_IRQHandler)
    TIM4_IRQHandler                          0x08003de5   Thumb Code     6  stm32f1xx_it.o(i.TIM4_IRQHandler)
    TIM_Base_SetConfig                       0x08003df1   Thumb Code    94  stm32f1xx_hal_tim.o(i.TIM_Base_SetConfig)
    TIM_CCxChannelCmd                        0x08003e5d   Thumb Code    26  stm32f1xx_hal_tim.o(i.TIM_CCxChannelCmd)
    TIM_OC2_SetConfig                        0x08003ec9   Thumb Code    84  stm32f1xx_hal_tim.o(i.TIM_OC2_SetConfig)
    TIM_TI1_SetConfig                        0x08003fbd   Thumb Code    76  stm32f1xx_hal_tim.o(i.TIM_TI1_SetConfig)
    Turn                                     0x0800404d   Thumb Code   142  control.o(i.Turn)
    Turn_Off                                 0x08004105   Thumb Code    54  control.o(i.Turn_Off)
    UART_Start_Receive_IT                    0x08004325   Thumb Code    54  stm32f1xx_hal_uart.o(i.UART_Start_Receive_IT)
    USART1_IRQHandler                        0x0800435d   Thumb Code     6  stm32f1xx_it.o(i.USART1_IRQHandler)
    USART2_IRQHandler                        0x08004369   Thumb Code     6  stm32f1xx_it.o(i.USART2_IRQHandler)
    USART3_IRQHandler                        0x08004375   Thumb Code     6  stm32f1xx_it.o(i.USART3_IRQHandler)
    UsageFault_Handler                       0x08004381   Thumb Code     2  stm32f1xx_it.o(i.UsageFault_Handler)
    Velocity                                 0x08004385   Thumb Code   376  control.o(i.Velocity)
    __ARM_fpclassify                         0x08004565   Thumb Code    40  fpclassify.o(i.__ARM_fpclassify)
    __kernel_poly                            0x080045ad   Thumb Code   170  poly.o(i.__kernel_poly)
    __mathlib_dbl_divzero                    0x08004659   Thumb Code    12  dunder.o(i.__mathlib_dbl_divzero)
    __mathlib_dbl_infnan                     0x08004669   Thumb Code     6  dunder.o(i.__mathlib_dbl_infnan)
    __mathlib_dbl_infnan2                    0x0800466f   Thumb Code     4  dunder.o(i.__mathlib_dbl_infnan2)
    __mathlib_dbl_invalid                    0x08004673   Thumb Code    12  dunder.o(i.__mathlib_dbl_invalid)
    __mathlib_dbl_overflow                   0x0800467f   Thumb Code    14  dunder.o(i.__mathlib_dbl_overflow)
    __mathlib_dbl_underflow                  0x0800468d   Thumb Code    10  dunder.o(i.__mathlib_dbl_underflow)
    _sys_exit                                0x0800469d   Thumb Code     2  usart.o(i._sys_exit)
    asin                                     0x08004721   Thumb Code   572  asin.o(i.asin)
    atan                                     0x08004991   Thumb Code   474  atan.o(i.atan)
    atan2                                    0x08004bb1   Thumb Code   374  atan2.o(i.atan2)
    click_N_Double                           0x08004d4d   Thumb Code   132  key.o(i.click_N_Double)
    data_process                             0x08004dd9   Thumb Code   486  lidar.o(i.data_process)
    delay_init                               0x08004fe1   Thumb Code    26  delay.o(i.delay_init)
    delay_ms                                 0x08005001   Thumb Code    46  delay.o(i.delay_ms)
    delay_us                                 0x08005035   Thumb Code    46  delay.o(i.delay_us)
    dmp_enable_6x_lp_quat                    0x08005069   Thumb Code    58  inv_mpu_dmp_motion_driver.o(i.dmp_enable_6x_lp_quat)
    dmp_enable_feature                       0x080050a5   Thumb Code   464  inv_mpu_dmp_motion_driver.o(i.dmp_enable_feature)
    dmp_enable_gyro_cal                      0x0800527d   Thumb Code    34  inv_mpu_dmp_motion_driver.o(i.dmp_enable_gyro_cal)
    dmp_enable_lp_quat                       0x080052b9   Thumb Code    58  inv_mpu_dmp_motion_driver.o(i.dmp_enable_lp_quat)
    dmp_load_motion_driver_firmware          0x080052f5   Thumb Code    16  inv_mpu_dmp_motion_driver.o(i.dmp_load_motion_driver_firmware)
    dmp_read_fifo                            0x08005309   Thumb Code   352  inv_mpu_dmp_motion_driver.o(i.dmp_read_fifo)
    dmp_set_accel_bias                       0x0800546d   Thumb Code   210  inv_mpu_dmp_motion_driver.o(i.dmp_set_accel_bias)
    dmp_set_fifo_rate                        0x08005545   Thumb Code    82  inv_mpu_dmp_motion_driver.o(i.dmp_set_fifo_rate)
    dmp_set_gyro_bias                        0x080055a9   Thumb Code   196  inv_mpu_dmp_motion_driver.o(i.dmp_set_gyro_bias)
    dmp_set_orientation                      0x08005675   Thumb Code   246  inv_mpu_dmp_motion_driver.o(i.dmp_set_orientation)
    dmp_set_shake_reject_thresh              0x08005781   Thumb Code    48  inv_mpu_dmp_motion_driver.o(i.dmp_set_shake_reject_thresh)
    dmp_set_shake_reject_time                0x080057b1   Thumb Code    32  inv_mpu_dmp_motion_driver.o(i.dmp_set_shake_reject_time)
    dmp_set_shake_reject_timeout             0x080057d1   Thumb Code    32  inv_mpu_dmp_motion_driver.o(i.dmp_set_shake_reject_timeout)
    dmp_set_tap_axes                         0x080057f1   Thumb Code    64  inv_mpu_dmp_motion_driver.o(i.dmp_set_tap_axes)
    dmp_set_tap_count                        0x08005831   Thumb Code    34  inv_mpu_dmp_motion_driver.o(i.dmp_set_tap_count)
    dmp_set_tap_thresh                       0x08005855   Thumb Code   274  inv_mpu_dmp_motion_driver.o(i.dmp_set_tap_thresh)
    dmp_set_tap_time                         0x0800597d   Thumb Code    32  inv_mpu_dmp_motion_driver.o(i.dmp_set_tap_time)
    dmp_set_tap_time_multi                   0x0800599d   Thumb Code    32  inv_mpu_dmp_motion_driver.o(i.dmp_set_tap_time_multi)
    fputc                                    0x080059bd   Thumb Code    44  usart.o(i.fputc)
    i2cRead                                  0x08005e89   Thumb Code   112  ioi2c.o(i.i2cRead)
    i2cWrite                                 0x08005ef9   Thumb Code    84  ioi2c.o(i.i2cWrite)
    main                                     0x08005f95   Thumb Code   106  main.o(i.main)
    mpu_configure_fifo                       0x08006005   Thumb Code    78  inv_mpu.o(i.mpu_configure_fifo)
    mpu_get_accel_fsr                        0x08006059   Thumb Code    54  inv_mpu.o(i.mpu_get_accel_fsr)
    mpu_get_accel_sens                       0x08006095   Thumb Code    62  inv_mpu.o(i.mpu_get_accel_sens)
    mpu_get_gyro_fsr                         0x080060d9   Thumb Code    48  inv_mpu.o(i.mpu_get_gyro_fsr)
    mpu_get_gyro_sens                        0x0800610d   Thumb Code    44  inv_mpu.o(i.mpu_get_gyro_sens)
    mpu_get_lpf                              0x0800614d   Thumb Code    52  inv_mpu.o(i.mpu_get_lpf)
    mpu_get_sample_rate                      0x08006185   Thumb Code    22  inv_mpu.o(i.mpu_get_sample_rate)
    mpu_init                                 0x080061a1   Thumb Code   310  inv_mpu.o(i.mpu_init)
    mpu_load_firmware                        0x08006329   Thumb Code   154  inv_mpu.o(i.mpu_load_firmware)
    mpu_lp_accel_mode                        0x080063c9   Thumb Code   178  inv_mpu.o(i.mpu_lp_accel_mode)
    mpu_read_fifo_stream                     0x08006481   Thumb Code   140  inv_mpu.o(i.mpu_read_fifo_stream)
    mpu_read_mem                             0x08006511   Thumb Code    80  inv_mpu.o(i.mpu_read_mem)
    mpu_reset_fifo                           0x08006565   Thumb Code   330  inv_mpu.o(i.mpu_reset_fifo)
    mpu_run_self_test                        0x080066b5   Thumb Code   234  inv_mpu.o(i.mpu_run_self_test)
    mpu_set_accel_fsr                        0x080067a5   Thumb Code    98  inv_mpu.o(i.mpu_set_accel_fsr)
    mpu_set_bypass                           0x0800680d   Thumb Code   214  inv_mpu.o(i.mpu_set_bypass)
    mpu_set_dmp_state                        0x080068e9   Thumb Code   114  inv_mpu.o(i.mpu_set_dmp_state)
    mpu_set_gyro_fsr                         0x08006961   Thumb Code   104  inv_mpu.o(i.mpu_set_gyro_fsr)
    mpu_set_int_latched                      0x080069cd   Thumb Code    94  inv_mpu.o(i.mpu_set_int_latched)
    mpu_set_lpf                              0x08006a31   Thumb Code   102  inv_mpu.o(i.mpu_set_lpf)
    mpu_set_sample_rate                      0x08006a9d   Thumb Code   124  inv_mpu.o(i.mpu_set_sample_rate)
    mpu_set_sensors                          0x08006b1d   Thumb Code   178  inv_mpu.o(i.mpu_set_sensors)
    mpu_write_mem                            0x08006bd5   Thumb Code    80  inv_mpu.o(i.mpu_write_mem)
    myabs                                    0x08006c29   Thumb Code     8  control.o(i.myabs)
    myget_ms                                 0x08006c31   Thumb Code     2  inv_mpu.o(i.myget_ms)
    pow                                      0x08006c35   Thumb Code  2512  pow.o(i.pow)
    sqrt                                     0x080076e1   Thumb Code    76  sqrt.o(i.sqrt)
    __aeabi_d2f                              0x0800772d   Thumb Code     0  d2f.o(x$fpl$d2f)
    _d2f                                     0x0800772d   Thumb Code    98  d2f.o(x$fpl$d2f)
    __aeabi_dadd                             0x08007791   Thumb Code     0  daddsub_clz.o(x$fpl$dadd)
    _dadd                                    0x08007791   Thumb Code   332  daddsub_clz.o(x$fpl$dadd)
    __fpl_dcheck_NaN1                        0x080078e1   Thumb Code    10  dcheck1.o(x$fpl$dcheck1)
    __fpl_dcmp_Inf                           0x080078f1   Thumb Code    24  dcmpi.o(x$fpl$dcmpinf)
    __aeabi_ddiv                             0x08007909   Thumb Code     0  ddiv.o(x$fpl$ddiv)
    _ddiv                                    0x08007909   Thumb Code   552  ddiv.o(x$fpl$ddiv)
    __aeabi_cdcmpeq                          0x08007bb9   Thumb Code     0  deqf.o(x$fpl$deqf)
    _dcmpeq                                  0x08007bb9   Thumb Code   120  deqf.o(x$fpl$deqf)
    __aeabi_i2d                              0x08007c31   Thumb Code     0  dflt_clz.o(x$fpl$dflt)
    _dflt                                    0x08007c31   Thumb Code    46  dflt_clz.o(x$fpl$dflt)
    __aeabi_ui2d                             0x08007c5f   Thumb Code     0  dflt_clz.o(x$fpl$dfltu)
    _dfltu                                   0x08007c5f   Thumb Code    38  dflt_clz.o(x$fpl$dfltu)
    __aeabi_cdcmple                          0x08007c85   Thumb Code     0  dleqf.o(x$fpl$dleqf)
    _dcmple                                  0x08007c85   Thumb Code   120  dleqf.o(x$fpl$dleqf)
    __fpl_dcmple_InfNaN                      0x08007ce7   Thumb Code     0  dleqf.o(x$fpl$dleqf)
    __aeabi_dmul                             0x08007cfd   Thumb Code     0  dmul.o(x$fpl$dmul)
    _dmul                                    0x08007cfd   Thumb Code   332  dmul.o(x$fpl$dmul)
    __fpl_dnaninf                            0x08007e51   Thumb Code   156  dnaninf.o(x$fpl$dnaninf)
    __fpl_dretinf                            0x08007eed   Thumb Code    12  dretinf.o(x$fpl$dretinf)
    __aeabi_cdrcmple                         0x08007ef9   Thumb Code     0  drleqf.o(x$fpl$drleqf)
    _drcmple                                 0x08007ef9   Thumb Code   108  drleqf.o(x$fpl$drleqf)
    __aeabi_drsub                            0x08007f65   Thumb Code     0  daddsub_clz.o(x$fpl$drsb)
    _drsb                                    0x08007f65   Thumb Code    22  daddsub_clz.o(x$fpl$drsb)
    _dsqrt                                   0x08007f7d   Thumb Code   456  dsqrt_noumaal.o(x$fpl$dsqrt)
    __aeabi_dsub                             0x08008149   Thumb Code     0  daddsub_clz.o(x$fpl$dsub)
    _dsub                                    0x08008149   Thumb Code   464  daddsub_clz.o(x$fpl$dsub)
    __aeabi_f2d                              0x0800831d   Thumb Code     0  f2d.o(x$fpl$f2d)
    _f2d                                     0x0800831d   Thumb Code    86  f2d.o(x$fpl$f2d)
    __aeabi_fadd                             0x08008375   Thumb Code     0  faddsub_clz.o(x$fpl$fadd)
    _fadd                                    0x08008375   Thumb Code   196  faddsub_clz.o(x$fpl$fadd)
    __fpl_fcheck_NaN1                        0x08008439   Thumb Code     6  fcheck1.o(x$fpl$fcheck1)
    __aeabi_fdiv                             0x08008445   Thumb Code     0  fdiv.o(x$fpl$fdiv)
    _fdiv                                    0x08008445   Thumb Code   384  fdiv.o(x$fpl$fdiv)
    __aeabi_f2iz                             0x080085c9   Thumb Code     0  ffix.o(x$fpl$ffix)
    _ffix                                    0x080085c9   Thumb Code    54  ffix.o(x$fpl$ffix)
    __aeabi_f2uiz                            0x08008601   Thumb Code     0  ffixu.o(x$fpl$ffixu)
    _ffixu                                   0x08008601   Thumb Code    62  ffixu.o(x$fpl$ffixu)
    __aeabi_i2f                              0x08008641   Thumb Code     0  fflt_clz.o(x$fpl$fflt)
    _fflt                                    0x08008641   Thumb Code    48  fflt_clz.o(x$fpl$fflt)
    __aeabi_ui2f                             0x08008671   Thumb Code     0  fflt_clz.o(x$fpl$ffltu)
    _ffltu                                   0x08008671   Thumb Code    38  fflt_clz.o(x$fpl$ffltu)
    __aeabi_fmul                             0x08008699   Thumb Code     0  fmul.o(x$fpl$fmul)
    _fmul                                    0x08008699   Thumb Code   258  fmul.o(x$fpl$fmul)
    __fpl_fnaninf                            0x0800879b   Thumb Code   140  fnaninf.o(x$fpl$fnaninf)
    __fpl_fretinf                            0x08008827   Thumb Code    10  fretinf.o(x$fpl$fretinf)
    __aeabi_frsub                            0x08008831   Thumb Code     0  faddsub_clz.o(x$fpl$frsb)
    _frsb                                    0x08008831   Thumb Code    20  faddsub_clz.o(x$fpl$frsb)
    __aeabi_fsub                             0x08008845   Thumb Code     0  faddsub_clz.o(x$fpl$fsub)
    _fsub                                    0x08008845   Thumb Code   234  faddsub_clz.o(x$fpl$fsub)
    __fpl_return_NaN                         0x0800892f   Thumb Code   100  retnan.o(x$fpl$retnan)
    __ARM_scalbn                             0x08008993   Thumb Code    92  scalbn.o(x$fpl$scalbn)
    __ARM_scalbnf                            0x080089ef   Thumb Code    76  scalbnf.o(x$fpl$scalbnf)
    __fpl_cmpreturn                          0x08008a3b   Thumb Code    48  trapv.o(x$fpl$trapveneer)
    __I$use$fp                               0x08008a6a   Number         0  usenofp.o(x$fpl$usenofp)
    AHBPrescTable                            0x08008a7c   Data          16  system_stm32f1xx.o(.constdata)
    APBPrescTable                            0x08008a8c   Data           8  system_stm32f1xx.o(.constdata)
    hw                                       0x08008a94   Data          12  inv_mpu.o(.constdata)
    reg                                      0x08008aa0   Data          27  inv_mpu.o(.constdata)
    test                                     0x08008abc   Data          40  inv_mpu.o(.constdata)
    __mathlib_zero                           0x08009850   Data           8  qnan.o(.constdata)
    Region$$Table$$Base                      0x080098a8   Number         0  anon$$obj.o(Region$$Table)
    Region$$Table$$Limit                     0x080098c8   Number         0  anon$$obj.o(Region$$Table)
    Way_Angle                                0x20000000   Data           1  main.o(.data)
    Flag_velocity                            0x20000001   Data           1  main.o(.data)
    Flag_Stop                                0x20000002   Data           1  main.o(.data)
    Flag_Show                                0x20000003   Data           1  main.o(.data)
    Mode                                     0x20000004   Data           1  main.o(.data)
    delay_flag                               0x20000005   Data           1  main.o(.data)
    delay_50                                 0x20000006   Data           1  main.o(.data)
    Flag_follow                              0x20000007   Data           1  main.o(.data)
    Flag_avoid                               0x20000008   Data           1  main.o(.data)
    Balance_Kp                               0x2000000c   Data           4  main.o(.data)
    Balance_Kd                               0x20000010   Data           4  main.o(.data)
    Velocity_Kp                              0x20000014   Data           4  main.o(.data)
    Velocity_Ki                              0x20000018   Data           4  main.o(.data)
    Turn_Kp                                  0x2000001c   Data           4  main.o(.data)
    Turn_Kd                                  0x20000020   Data           4  main.o(.data)
    Flag_front                               0x20000024   Data           1  main.o(.data)
    Flag_back                                0x20000025   Data           1  main.o(.data)
    Flag_Left                                0x20000026   Data           1  main.o(.data)
    Flag_Right                               0x20000027   Data           1  main.o(.data)
    Motor_Left                               0x20000028   Data           4  main.o(.data)
    Motor_Right                              0x2000002c   Data           4  main.o(.data)
    Temperature                              0x20000030   Data           4  main.o(.data)
    Voltage                                  0x20000034   Data           4  main.o(.data)
    Middle_angle                             0x20000038   Data           4  main.o(.data)
    Angle_Balance                            0x2000003c   Data           4  main.o(.data)
    Gyro_Balance                             0x20000040   Data           4  main.o(.data)
    Gyro_Turn                                0x20000044   Data           4  main.o(.data)
    LD_Successful_Receive_flag               0x20000048   Data           1  main.o(.data)
    Move_X                                   0x2000004c   Data           4  main.o(.data)
    Move_Z                                   0x20000050   Data           4  main.o(.data)
    Distance                                 0x20000054   Data           4  main.o(.data)
    PID_Send                                 0x20000058   Data           1  main.o(.data)
    Acceleration_Z                           0x2000005c   Data           4  main.o(.data)
    TIM2CH2_CAPTURE_STA                      0x20000060   Data           2  tim.o(.data)
    TIM2CH2_CAPTURE_VAL                      0x20000062   Data           2  tim.o(.data)
    __stdout                                 0x20000064   Data           4  usart.o(.data)
    uwTickFreq                               0x20000068   Data           1  stm32f1xx_hal.o(.data)
    uwTickPrio                               0x2000006c   Data           4  stm32f1xx_hal.o(.data)
    uwTick                                   0x20000070   Data           4  stm32f1xx_hal.o(.data)
    SystemCoreClock                          0x20000074   Data           4  system_stm32f1xx.o(.data)
    Usart2_Receive_buf                       0x2000008a   Data           1  usart3.o(.data)
    Usart3_Receive_buf                       0x2000008b   Data           1  usart3.o(.data)
    Usart3_Receive                           0x2000008c   Data           1  usart3.o(.data)
    Follow_KP                                0x2000009c   Data           4  lidar.o(.data)
    Follow_KD                                0x200000a0   Data           4  lidar.o(.data)
    Follow_KI                                0x200000a4   Data           4  lidar.o(.data)
    Sensor_Left                              0x20000124   Data           4  control.o(.data)
    Sensor_Middle                            0x20000128   Data           4  control.o(.data)
    Sensor_Right                             0x2000012c   Data           4  control.o(.data)
    Sensor                                   0x20000130   Data           4  control.o(.data)
    dt                                       0x20000134   Data           4  filter.o(.data)
    sensors                                  0x200001e4   Data           2  mpu6050.o(.data)
    q0                                       0x200001e8   Data           4  mpu6050.o(.data)
    q1                                       0x200001ec   Data           4  mpu6050.o(.data)
    q2                                       0x200001f0   Data           4  mpu6050.o(.data)
    q3                                       0x200001f4   Data           4  mpu6050.o(.data)
    Roll                                     0x200001f8   Data           4  mpu6050.o(.data)
    Pitch                                    0x200001fc   Data           4  mpu6050.o(.data)
    Yaw                                      0x20000200   Data           4  mpu6050.o(.data)
    gyro                                     0x20000204   Data           6  mpu6050.o(.data)
    accel                                    0x2000020a   Data           6  mpu6050.o(.data)
    Velocity_Left                            0x20000220   Data           4  show.o(.data)
    Velocity_Right                           0x20000224   Data           4  show.o(.data)
    hadc1                                    0x20000228   Data          48  adc.o(.bss)
    hadc2                                    0x20000258   Data          48  adc.o(.bss)
    htim1                                    0x20000288   Data          72  tim.o(.bss)
    htim2                                    0x200002d0   Data          72  tim.o(.bss)
    htim3                                    0x20000318   Data          72  tim.o(.bss)
    htim4                                    0x20000360   Data          72  tim.o(.bss)
    huart1                                   0x200003a8   Data          72  usart.o(.bss)
    huart2                                   0x200003f0   Data          72  usart.o(.bss)
    huart3                                   0x20000438   Data          72  usart.o(.bss)
    OLED_GRAM                                0x20000480   Data        1024  oled.o(.bss)
    PointDataProcess                         0x200008b4   Data        1800  lidar.o(.bss)
    Pack_Data                                0x20000fbc   Data          58  lidar.o(.bss)
    Dataprocess                              0x20000ff8   Data        1800  lidar.o(.bss)
    __libspace_start                         0x20001730   Data          96  libspace.o(.bss)
    __temporary_stack_top$libspace           0x20001790   Data           0  libspace.o(.bss)



==============================================================================

Memory Map of the image

  Image Entry point : 0x080000ed

  Load Region LR_IROM1 (Base: 0x08000000, Size: 0x00009af0, Max: 0x00010000, ABSOLUTE, COMPRESSED[0x00009920])

    Execution Region ER_IROM1 (Exec base: 0x08000000, Load base: 0x08000000, Size: 0x000098c8, Max: 0x00010000, ABSOLUTE)

    Exec Addr    Load Addr    Size         Type   Attr      Idx    E Section Name        Object

    0x08000000   0x08000000   0x000000ec   Data   RO            3    RESET               startup_stm32f103xb.o
    0x080000ec   0x080000ec   0x00000008   Code   RO         4769  * !!!main             c_w.l(__main.o)
    0x080000f4   0x080000f4   0x00000034   Code   RO         5114    !!!scatter          c_w.l(__scatter.o)
    0x08000128   0x08000128   0x0000005a   Code   RO         5112    !!dczerorl2         c_w.l(__dczerorl2.o)
    0x08000182   0x08000182   0x00000002   PAD
    0x08000184   0x08000184   0x0000001c   Code   RO         5116    !!handler_zi        c_w.l(__scatter_zi.o)
    0x080001a0   0x080001a0   0x00000000   Code   RO         4758    .ARM.Collect$$_printf_percent$$00000000  c_w.l(_printf_percent.o)
    0x080001a0   0x080001a0   0x00000006   Code   RO         4757    .ARM.Collect$$_printf_percent$$00000009  c_w.l(_printf_d.o)
    0x080001a6   0x080001a6   0x00000004   Code   RO         4868    .ARM.Collect$$_printf_percent$$00000017  c_w.l(_printf_percent_end.o)
    0x080001aa   0x080001aa   0x00000002   Code   RO         4979    .ARM.Collect$$libinit$$00000000  c_w.l(libinit.o)
    0x080001ac   0x080001ac   0x00000000   Code   RO         4989    .ARM.Collect$$libinit$$00000002  c_w.l(libinit2.o)
    0x080001ac   0x080001ac   0x00000000   Code   RO         4991    .ARM.Collect$$libinit$$00000004  c_w.l(libinit2.o)
    0x080001ac   0x080001ac   0x00000000   Code   RO         4994    .ARM.Collect$$libinit$$0000000A  c_w.l(libinit2.o)
    0x080001ac   0x080001ac   0x00000000   Code   RO         4996    .ARM.Collect$$libinit$$0000000C  c_w.l(libinit2.o)
    0x080001ac   0x080001ac   0x00000000   Code   RO         4998    .ARM.Collect$$libinit$$0000000E  c_w.l(libinit2.o)
    0x080001ac   0x080001ac   0x00000000   Code   RO         5001    .ARM.Collect$$libinit$$00000011  c_w.l(libinit2.o)
    0x080001ac   0x080001ac   0x00000000   Code   RO         5003    .ARM.Collect$$libinit$$00000013  c_w.l(libinit2.o)
    0x080001ac   0x080001ac   0x00000000   Code   RO         5005    .ARM.Collect$$libinit$$00000015  c_w.l(libinit2.o)
    0x080001ac   0x080001ac   0x00000000   Code   RO         5007    .ARM.Collect$$libinit$$00000017  c_w.l(libinit2.o)
    0x080001ac   0x080001ac   0x00000000   Code   RO         5009    .ARM.Collect$$libinit$$00000019  c_w.l(libinit2.o)
    0x080001ac   0x080001ac   0x00000000   Code   RO         5011    .ARM.Collect$$libinit$$0000001B  c_w.l(libinit2.o)
    0x080001ac   0x080001ac   0x00000000   Code   RO         5013    .ARM.Collect$$libinit$$0000001D  c_w.l(libinit2.o)
    0x080001ac   0x080001ac   0x00000000   Code   RO         5015    .ARM.Collect$$libinit$$0000001F  c_w.l(libinit2.o)
    0x080001ac   0x080001ac   0x00000000   Code   RO         5017    .ARM.Collect$$libinit$$00000021  c_w.l(libinit2.o)
    0x080001ac   0x080001ac   0x00000000   Code   RO         5019    .ARM.Collect$$libinit$$00000023  c_w.l(libinit2.o)
    0x080001ac   0x080001ac   0x00000000   Code   RO         5021    .ARM.Collect$$libinit$$00000025  c_w.l(libinit2.o)
    0x080001ac   0x080001ac   0x00000000   Code   RO         5025    .ARM.Collect$$libinit$$0000002C  c_w.l(libinit2.o)
    0x080001ac   0x080001ac   0x00000000   Code   RO         5027    .ARM.Collect$$libinit$$0000002E  c_w.l(libinit2.o)
    0x080001ac   0x080001ac   0x00000000   Code   RO         5029    .ARM.Collect$$libinit$$00000030  c_w.l(libinit2.o)
    0x080001ac   0x080001ac   0x00000000   Code   RO         5031    .ARM.Collect$$libinit$$00000032  c_w.l(libinit2.o)
    0x080001ac   0x080001ac   0x00000002   Code   RO         5032    .ARM.Collect$$libinit$$00000033  c_w.l(libinit2.o)
    0x080001ae   0x080001ae   0x00000002   Code   RO         5060    .ARM.Collect$$libshutdown$$00000000  c_w.l(libshutdown.o)
    0x080001b0   0x080001b0   0x00000000   Code   RO         5074    .ARM.Collect$$libshutdown$$00000002  c_w.l(libshutdown2.o)
    0x080001b0   0x080001b0   0x00000000   Code   RO         5076    .ARM.Collect$$libshutdown$$00000004  c_w.l(libshutdown2.o)
    0x080001b0   0x080001b0   0x00000000   Code   RO         5078    .ARM.Collect$$libshutdown$$00000006  c_w.l(libshutdown2.o)
    0x080001b0   0x080001b0   0x00000000   Code   RO         5081    .ARM.Collect$$libshutdown$$00000009  c_w.l(libshutdown2.o)
    0x080001b0   0x080001b0   0x00000000   Code   RO         5084    .ARM.Collect$$libshutdown$$0000000C  c_w.l(libshutdown2.o)
    0x080001b0   0x080001b0   0x00000000   Code   RO         5086    .ARM.Collect$$libshutdown$$0000000E  c_w.l(libshutdown2.o)
    0x080001b0   0x080001b0   0x00000000   Code   RO         5089    .ARM.Collect$$libshutdown$$00000011  c_w.l(libshutdown2.o)
    0x080001b0   0x080001b0   0x00000002   Code   RO         5090    .ARM.Collect$$libshutdown$$00000012  c_w.l(libshutdown2.o)
    0x080001b2   0x080001b2   0x00000000   Code   RO         4859    .ARM.Collect$$rtentry$$00000000  c_w.l(__rtentry.o)
    0x080001b2   0x080001b2   0x00000000   Code   RO         4926    .ARM.Collect$$rtentry$$00000002  c_w.l(__rtentry2.o)
    0x080001b2   0x080001b2   0x00000006   Code   RO         4938    .ARM.Collect$$rtentry$$00000004  c_w.l(__rtentry4.o)
    0x080001b8   0x080001b8   0x00000000   Code   RO         4928    .ARM.Collect$$rtentry$$00000009  c_w.l(__rtentry2.o)
    0x080001b8   0x080001b8   0x00000004   Code   RO         4929    .ARM.Collect$$rtentry$$0000000A  c_w.l(__rtentry2.o)
    0x080001bc   0x080001bc   0x00000000   Code   RO         4931    .ARM.Collect$$rtentry$$0000000C  c_w.l(__rtentry2.o)
    0x080001bc   0x080001bc   0x00000008   Code   RO         4932    .ARM.Collect$$rtentry$$0000000D  c_w.l(__rtentry2.o)
    0x080001c4   0x080001c4   0x00000002   Code   RO         4982    .ARM.Collect$$rtexit$$00000000  c_w.l(rtexit.o)
    0x080001c6   0x080001c6   0x00000000   Code   RO         5034    .ARM.Collect$$rtexit$$00000002  c_w.l(rtexit2.o)
    0x080001c6   0x080001c6   0x00000004   Code   RO         5035    .ARM.Collect$$rtexit$$00000003  c_w.l(rtexit2.o)
    0x080001ca   0x080001ca   0x00000006   Code   RO         5036    .ARM.Collect$$rtexit$$00000004  c_w.l(rtexit2.o)
    0x080001d0   0x080001d0   0x00000040   Code   RO            4    .text               startup_stm32f103xb.o
    0x08000210   0x08000210   0x00000048   Code   RO         4727    .text               c_w.l(llsdiv.o)
    0x08000258   0x08000258   0x00000018   Code   RO         4731    .text               c_w.l(noretval__2printf.o)
    0x08000270   0x08000270   0x00000068   Code   RO         4733    .text               c_w.l(__printf.o)
    0x080002d8   0x080002d8   0x00000078   Code   RO         4735    .text               c_w.l(_printf_dec.o)
    0x08000350   0x08000350   0x00000058   Code   RO         4759    .text               c_w.l(memcmp.o)
    0x080003a8   0x080003a8   0x00000010   Code   RO         4761    .text               c_w.l(aeabi_memset.o)
    0x080003b8   0x080003b8   0x00000044   Code   RO         4763    .text               c_w.l(rt_memclr.o)
    0x080003fc   0x080003fc   0x0000004e   Code   RO         4765    .text               c_w.l(rt_memclr_w.o)
    0x0800044a   0x0800044a   0x00000006   Code   RO         4767    .text               c_w.l(heapauxi.o)
    0x08000450   0x08000450   0x000000ee   Code   RO         4860    .text               c_w.l(lludivv7m.o)
    0x0800053e   0x0800053e   0x00000016   Code   RO         4862    .text               c_w.l(_rserrno.o)
    0x08000554   0x08000554   0x000000b2   Code   RO         4864    .text               c_w.l(_printf_intcommon.o)
    0x08000606   0x08000606   0x00000002   PAD
    0x08000608   0x08000608   0x00000024   Code   RO         4866    .text               c_w.l(_printf_char_file.o)
    0x0800062c   0x0800062c   0x00000008   Code   RO         4947    .text               c_w.l(rt_errno_addr_intlibspace.o)
    0x08000634   0x08000634   0x00000030   Code   RO         4949    .text               c_w.l(_printf_char_common.o)
    0x08000664   0x08000664   0x00000008   Code   RO         4951    .text               c_w.l(ferror.o)
    0x0800066c   0x0800066c   0x00000008   Code   RO         4963    .text               c_w.l(libspace.o)
    0x08000674   0x08000674   0x0000004a   Code   RO         4966    .text               c_w.l(sys_stackheap_outer.o)
    0x080006be   0x080006be   0x00000012   Code   RO         4972    .text               c_w.l(exit.o)
    0x080006d0   0x080006d0   0x00000056   Code   RO          720    i.ADC_ConversionStop_Disable  stm32f1xx_hal_adc.o
    0x08000726   0x08000726   0x00000002   PAD
    0x08000728   0x08000728   0x0000005c   Code   RO         3858    i.Balance           control.o
    0x08000784   0x08000784   0x00000002   Code   RO          543    i.BusFault_Handler  stm32f1xx_it.o
    0x08000786   0x08000786   0x00000002   PAD
    0x08000788   0x08000788   0x00000044   Code   RO         4046    i.Complementary_Filter_x  filter.o
    0x080007cc   0x080007cc   0x00000044   Code   RO         4047    i.Complementary_Filter_y  filter.o
    0x08000810   0x08000810   0x00000230   Code   RO         4563    i.DMP_Init          mpu6050.o
    0x08000a40   0x08000a40   0x00000002   Code   RO          544    i.DebugMon_Handler  stm32f1xx_it.o
    0x08000a42   0x08000a42   0x00000008   Code   RO          545    i.EXTI15_10_IRQHandler  stm32f1xx_it.o
    0x08000a4a   0x08000a4a   0x00000004   Code   RO           13    i.Error_Handler     main.o
    0x08000a4e   0x08000a4e   0x00000002   PAD
    0x08000a50   0x08000a50   0x0000027c   Code   RO         3865    i.Get_Angle         control.o
    0x08000ccc   0x08000ccc   0x000000c8   Code   RO         3866    i.Get_Velocity_Form_Encoder  control.o
    0x08000d94   0x08000d94   0x000000fc   Code   RO          726    i.HAL_ADC_ConfigChannel  stm32f1xx_hal_adc.o
    0x08000e90   0x08000e90   0x0000011c   Code   RO          735    i.HAL_ADC_Init      stm32f1xx_hal_adc.o
    0x08000fac   0x08000fac   0x00000088   Code   RO          311    i.HAL_ADC_MspInit   adc.o
    0x08001034   0x08001034   0x00000046   Code   RO         1377    i.HAL_DMA_Abort     stm32f1xx_hal_dma.o
    0x0800107a   0x0800107a   0x00000002   PAD
    0x0800107c   0x0800107c   0x00000098   Code   RO         1378    i.HAL_DMA_Abort_IT  stm32f1xx_hal_dma.o
    0x08001114   0x08001114   0x000000f8   Code   RO         3867    i.HAL_GPIO_EXTI_Callback  control.o
    0x0800120c   0x0800120c   0x00000018   Code   RO         1312    i.HAL_GPIO_EXTI_IRQHandler  stm32f1xx_hal_gpio.o
    0x08001224   0x08001224   0x000001e0   Code   RO         1313    i.HAL_GPIO_Init     stm32f1xx_hal_gpio.o
    0x08001404   0x08001404   0x0000000a   Code   RO         1317    i.HAL_GPIO_WritePin  stm32f1xx_hal_gpio.o
    0x0800140e   0x0800140e   0x00000002   PAD
    0x08001410   0x08001410   0x0000000c   Code   RO         1007    i.HAL_GetTick       stm32f1xx_hal.o
    0x0800141c   0x0800141c   0x00000010   Code   RO         1013    i.HAL_IncTick       stm32f1xx_hal.o
    0x0800142c   0x0800142c   0x00000024   Code   RO         1014    i.HAL_Init          stm32f1xx_hal.o
    0x08001450   0x08001450   0x00000040   Code   RO         1015    i.HAL_InitTick      stm32f1xx_hal.o
    0x08001490   0x08001490   0x00000044   Code   RO          660    i.HAL_MspInit       stm32f1xx_hal_msp.o
    0x080014d4   0x080014d4   0x00000022   Code   RO         1472    i.HAL_NVIC_DisableIRQ  stm32f1xx_hal_cortex.o
    0x080014f6   0x080014f6   0x0000001a   Code   RO         1473    i.HAL_NVIC_EnableIRQ  stm32f1xx_hal_cortex.o
    0x08001510   0x08001510   0x00000040   Code   RO         1479    i.HAL_NVIC_SetPriority  stm32f1xx_hal_cortex.o
    0x08001550   0x08001550   0x00000024   Code   RO         1480    i.HAL_NVIC_SetPriorityGrouping  stm32f1xx_hal_cortex.o
    0x08001574   0x08001574   0x000000ec   Code   RO         1275    i.HAL_RCCEx_PeriphCLKConfig  stm32f1xx_hal_rcc_ex.o
    0x08001660   0x08001660   0x0000012c   Code   RO         1171    i.HAL_RCC_ClockConfig  stm32f1xx_hal_rcc.o
    0x0800178c   0x0800178c   0x00000020   Code   RO         1178    i.HAL_RCC_GetPCLK1Freq  stm32f1xx_hal_rcc.o
    0x080017ac   0x080017ac   0x00000020   Code   RO         1179    i.HAL_RCC_GetPCLK2Freq  stm32f1xx_hal_rcc.o
    0x080017cc   0x080017cc   0x0000004c   Code   RO         1180    i.HAL_RCC_GetSysClockFreq  stm32f1xx_hal_rcc.o
    0x08001818   0x08001818   0x00000320   Code   RO         1183    i.HAL_RCC_OscConfig  stm32f1xx_hal_rcc.o
    0x08001b38   0x08001b38   0x00000028   Code   RO         1484    i.HAL_SYSTICK_Config  stm32f1xx_hal_cortex.o
    0x08001b60   0x08001b60   0x00000002   Code   RO         2679    i.HAL_TIMEx_BreakCallback  stm32f1xx_hal_tim_ex.o
    0x08001b62   0x08001b62   0x00000002   Code   RO         2680    i.HAL_TIMEx_CommutCallback  stm32f1xx_hal_tim_ex.o
    0x08001b64   0x08001b64   0x00000054   Code   RO         2682    i.HAL_TIMEx_ConfigBreakDeadTime  stm32f1xx_hal_tim_ex.o
    0x08001bb8   0x08001bb8   0x00000068   Code   RO         2698    i.HAL_TIMEx_MasterConfigSynchronization  stm32f1xx_hal_tim_ex.o
    0x08001c20   0x08001c20   0x00000058   Code   RO         1980    i.HAL_TIM_Base_Start_IT  stm32f1xx_hal_tim.o
    0x08001c78   0x08001c78   0x000000a4   Code   RO         1996    i.HAL_TIM_Encoder_Init  stm32f1xx_hal_tim.o
    0x08001d1c   0x08001d1c   0x000000ac   Code   RO          364    i.HAL_TIM_Encoder_MspInit  tim.o
    0x08001dc8   0x08001dc8   0x0000008e   Code   RO         1999    i.HAL_TIM_Encoder_Start  stm32f1xx_hal_tim.o
    0x08001e56   0x08001e56   0x00000002   PAD
    0x08001e58   0x08001e58   0x000000a4   Code   RO          365    i.HAL_TIM_IC_CaptureCallback  tim.o
    0x08001efc   0x08001efc   0x00000124   Code   RO         2011    i.HAL_TIM_IC_ConfigChannel  stm32f1xx_hal_tim.o
    0x08002020   0x08002020   0x0000005a   Code   RO         2014    i.HAL_TIM_IC_Init   stm32f1xx_hal_tim.o
    0x0800207a   0x0800207a   0x00000002   PAD
    0x0800207c   0x0800207c   0x00000078   Code   RO          367    i.HAL_TIM_IC_MspInit  tim.o
    0x080020f4   0x080020f4   0x000000e4   Code   RO         2019    i.HAL_TIM_IC_Start_IT  stm32f1xx_hal_tim.o
    0x080021d8   0x080021d8   0x00000166   Code   RO         2023    i.HAL_TIM_IRQHandler  stm32f1xx_hal_tim.o
    0x0800233e   0x0800233e   0x00000002   PAD
    0x08002340   0x08002340   0x0000004c   Code   RO          368    i.HAL_TIM_MspPostInit  tim.o
    0x0800238c   0x0800238c   0x00000002   Code   RO         2026    i.HAL_TIM_OC_DelayElapsedCallback  stm32f1xx_hal_tim.o
    0x0800238e   0x0800238e   0x000000cc   Code   RO         2047    i.HAL_TIM_PWM_ConfigChannel  stm32f1xx_hal_tim.o
    0x0800245a   0x0800245a   0x0000005a   Code   RO         2050    i.HAL_TIM_PWM_Init  stm32f1xx_hal_tim.o
    0x080024b4   0x080024b4   0x00000028   Code   RO          370    i.HAL_TIM_PWM_MspInit  tim.o
    0x080024dc   0x080024dc   0x00000002   Code   RO         2053    i.HAL_TIM_PWM_PulseFinishedCallback  stm32f1xx_hal_tim.o
    0x080024de   0x080024de   0x00000002   PAD
    0x080024e0   0x080024e0   0x0000009c   Code   RO         2055    i.HAL_TIM_PWM_Start  stm32f1xx_hal_tim.o
    0x0800257c   0x0800257c   0x00000034   Code   RO          371    i.HAL_TIM_PeriodElapsedCallback  tim.o
    0x080025b0   0x080025b0   0x0000002a   Code   RO         2063    i.HAL_TIM_ReadCapturedValue  stm32f1xx_hal_tim.o
    0x080025da   0x080025da   0x00000002   Code   RO         2066    i.HAL_TIM_TriggerCallback  stm32f1xx_hal_tim.o
    0x080025dc   0x080025dc   0x00000002   Code   RO         2958    i.HAL_UARTEx_RxEventCallback  stm32f1xx_hal_uart.o
    0x080025de   0x080025de   0x00000002   Code   RO         2972    i.HAL_UART_ErrorCallback  stm32f1xx_hal_uart.o
    0x080025e0   0x080025e0   0x0000026c   Code   RO         2975    i.HAL_UART_IRQHandler  stm32f1xx_hal_uart.o
    0x0800284c   0x0800284c   0x00000064   Code   RO         2976    i.HAL_UART_Init     stm32f1xx_hal_uart.o
    0x080028b0   0x080028b0   0x00000134   Code   RO          473    i.HAL_UART_MspInit  usart.o
    0x080029e4   0x080029e4   0x0000001c   Code   RO         2981    i.HAL_UART_Receive_IT  stm32f1xx_hal_uart.o
    0x08002a00   0x08002a00   0x00000330   Code   RO         3598    i.HAL_UART_RxCpltCallback  usart3.o
    0x08002d30   0x08002d30   0x00000002   Code   RO         2987    i.HAL_UART_TxCpltCallback  stm32f1xx_hal_uart.o
    0x08002d32   0x08002d32   0x00000002   Code   RO          546    i.HardFault_Handler  stm32f1xx_it.o
    0x08002d34   0x08002d34   0x0000003e   Code   RO         3630    i.I2C_ReadOneByte   ioi2c.o
    0x08002d72   0x08002d72   0x00000002   PAD
    0x08002d74   0x08002d74   0x00000040   Code   RO         3631    i.IIC_Ack           ioi2c.o
    0x08002db4   0x08002db4   0x00000040   Code   RO         3632    i.IIC_NAck          ioi2c.o
    0x08002df4   0x08002df4   0x0000006c   Code   RO         3633    i.IIC_Read_Byte     ioi2c.o
    0x08002e60   0x08002e60   0x00000060   Code   RO         3634    i.IIC_Send_Byte     ioi2c.o
    0x08002ec0   0x08002ec0   0x00000050   Code   RO         3635    i.IIC_Start         ioi2c.o
    0x08002f10   0x08002f10   0x00000040   Code   RO         3636    i.IIC_Stop          ioi2c.o
    0x08002f50   0x08002f50   0x00000058   Code   RO         3637    i.IIC_Wait_Ack      ioi2c.o
    0x08002fa8   0x08002fa8   0x0000000e   Code   RO         3638    i.IICreadByte       ioi2c.o
    0x08002fb6   0x08002fb6   0x00000032   Code   RO         3640    i.IICwriteBit       ioi2c.o
    0x08002fe8   0x08002fe8   0x00000054   Code   RO         3641    i.IICwriteBits      ioi2c.o
    0x0800303c   0x0800303c   0x0000000c   Code   RO         3642    i.IICwriteByte      ioi2c.o
    0x08003048   0x08003048   0x00000044   Code   RO         3643    i.IICwriteBytes     ioi2c.o
    0x0800308c   0x0800308c   0x00000028   Code   RO         3831    i.JTAG_Set          sys.o
    0x080030b4   0x080030b4   0x0000015c   Code   RO         4048    i.Kalman_Filter_x   filter.o
    0x08003210   0x08003210   0x0000015c   Code   RO         4049    i.Kalman_Filter_y   filter.o
    0x0800336c   0x0800336c   0x0000003c   Code   RO         3868    i.Key               control.o
    0x080033a8   0x080033a8   0x0000003c   Code   RO         3434    i.Long_Press        key.o
    0x080033e4   0x080033e4   0x0000002a   Code   RO         4565    i.MPU6050_initialize  mpu6050.o
    0x0800340e   0x0800340e   0x00000012   Code   RO         4567    i.MPU6050_setClockSource  mpu6050.o
    0x08003420   0x08003420   0x00000012   Code   RO         4568    i.MPU6050_setFullScaleAccelRange  mpu6050.o
    0x08003432   0x08003432   0x00000012   Code   RO         4569    i.MPU6050_setFullScaleGyroRange  mpu6050.o
    0x08003444   0x08003444   0x0000000c   Code   RO         4570    i.MPU6050_setI2CBypassEnabled  mpu6050.o
    0x08003450   0x08003450   0x0000000c   Code   RO         4571    i.MPU6050_setI2CMasterModeEnabled  mpu6050.o
    0x0800345c   0x0800345c   0x0000000c   Code   RO         4572    i.MPU6050_setSleepEnabled  mpu6050.o
    0x08003468   0x08003468   0x00000050   Code   RO          312    i.MX_ADC1_Init      adc.o
    0x080034b8   0x080034b8   0x00000050   Code   RO          313    i.MX_ADC2_Init      adc.o
    0x08003508   0x08003508   0x0000010c   Code   RO          273    i.MX_GPIO_Init      gpio.o
    0x08003614   0x08003614   0x000000c0   Code   RO          372    i.MX_TIM1_Init      tim.o
    0x080036d4   0x080036d4   0x00000078   Code   RO          373    i.MX_TIM2_Init      tim.o
    0x0800374c   0x0800374c   0x00000078   Code   RO          374    i.MX_TIM3_Init      tim.o
    0x080037c4   0x080037c4   0x00000078   Code   RO          375    i.MX_TIM4_Init      tim.o
    0x0800383c   0x0800383c   0x00000038   Code   RO          474    i.MX_USART1_UART_Init  usart.o
    0x08003874   0x08003874   0x00000044   Code   RO          476    i.MX_USART3_UART_Init  usart.o
    0x080038b8   0x080038b8   0x00000002   Code   RO          547    i.MemManage_Handler  stm32f1xx_it.o
    0x080038ba   0x080038ba   0x00000002   Code   RO          548    i.NMI_Handler       stm32f1xx_it.o
    0x080038bc   0x080038bc   0x0000002c   Code   RO         3496    i.OLED_Clear        oled.o
    0x080038e8   0x080038e8   0x000000ec   Code   RO         3501    i.OLED_Init         oled.o
    0x080039d4   0x080039d4   0x0000004c   Code   RO         3502    i.OLED_Refresh_Gram  oled.o
    0x08003a20   0x08003a20   0x00000048   Code   RO         3507    i.OLED_WR_Byte      oled.o
    0x08003a68   0x08003a68   0x0000000e   Code   RO         3872    i.PWM_Limit         control.o
    0x08003a76   0x08003a76   0x00000002   Code   RO          549    i.PendSV_Handler    stm32f1xx_it.o
    0x08003a78   0x08003a78   0x000001b0   Code   RO         4574    i.Read_DMP          mpu6050.o
    0x08003c28   0x08003c28   0x00000048   Code   RO          376    i.Read_Distane      tim.o
    0x08003c70   0x08003c70   0x00000024   Code   RO         3410    i.Read_Encoder      encoder.o
    0x08003c94   0x08003c94   0x00000060   Code   RO         4575    i.Read_Temperature  mpu6050.o
    0x08003cf4   0x08003cf4   0x00000002   Code   RO          550    i.SVC_Handler       stm32f1xx_it.o
    0x08003cf6   0x08003cf6   0x00000002   PAD
    0x08003cf8   0x08003cf8   0x00000054   Code   RO         3876    i.Set_Pwm           control.o
    0x08003d4c   0x08003d4c   0x00000004   Code   RO          551    i.SysTick_Handler   stm32f1xx_it.o
    0x08003d50   0x08003d50   0x00000078   Code   RO           14    i.SystemClock_Config  main.o
    0x08003dc8   0x08003dc8   0x00000002   Code   RO         3310    i.SystemInit        system_stm32f1xx.o
    0x08003dca   0x08003dca   0x00000002   PAD
    0x08003dcc   0x08003dcc   0x0000000c   Code   RO          552    i.TIM2_IRQHandler   stm32f1xx_it.o
    0x08003dd8   0x08003dd8   0x0000000c   Code   RO          553    i.TIM3_IRQHandler   stm32f1xx_it.o
    0x08003de4   0x08003de4   0x0000000c   Code   RO          554    i.TIM4_IRQHandler   stm32f1xx_it.o
    0x08003df0   0x08003df0   0x0000006c   Code   RO         2068    i.TIM_Base_SetConfig  stm32f1xx_hal_tim.o
    0x08003e5c   0x08003e5c   0x0000001a   Code   RO         2069    i.TIM_CCxChannelCmd  stm32f1xx_hal_tim.o
    0x08003e76   0x08003e76   0x00000002   PAD
    0x08003e78   0x08003e78   0x00000050   Code   RO         2081    i.TIM_OC1_SetConfig  stm32f1xx_hal_tim.o
    0x08003ec8   0x08003ec8   0x00000058   Code   RO         2082    i.TIM_OC2_SetConfig  stm32f1xx_hal_tim.o
    0x08003f20   0x08003f20   0x00000058   Code   RO         2083    i.TIM_OC3_SetConfig  stm32f1xx_hal_tim.o
    0x08003f78   0x08003f78   0x00000044   Code   RO         2084    i.TIM_OC4_SetConfig  stm32f1xx_hal_tim.o
    0x08003fbc   0x08003fbc   0x00000058   Code   RO         2087    i.TIM_TI1_SetConfig  stm32f1xx_hal_tim.o
    0x08004014   0x08004014   0x00000036   Code   RO         2089    i.TIM_TI2_SetConfig  stm32f1xx_hal_tim.o
    0x0800404a   0x0800404a   0x00000002   PAD
    0x0800404c   0x0800404c   0x000000b8   Code   RO         3877    i.Turn              control.o
    0x08004104   0x08004104   0x00000048   Code   RO         3878    i.Turn_Off          control.o
    0x0800414c   0x0800414c   0x00000010   Code   RO         2989    i.UART_DMAAbortOnError  stm32f1xx_hal_uart.o
    0x0800415c   0x0800415c   0x0000004e   Code   RO         2999    i.UART_EndRxTransfer  stm32f1xx_hal_uart.o
    0x080041aa   0x080041aa   0x000000c2   Code   RO         3001    i.UART_Receive_IT   stm32f1xx_hal_uart.o
    0x0800426c   0x0800426c   0x000000b8   Code   RO         3002    i.UART_SetConfig    stm32f1xx_hal_uart.o
    0x08004324   0x08004324   0x00000036   Code   RO         3004    i.UART_Start_Receive_IT  stm32f1xx_hal_uart.o
    0x0800435a   0x0800435a   0x00000002   PAD
    0x0800435c   0x0800435c   0x0000000c   Code   RO          555    i.USART1_IRQHandler  stm32f1xx_it.o
    0x08004368   0x08004368   0x0000000c   Code   RO          556    i.USART2_IRQHandler  stm32f1xx_it.o
    0x08004374   0x08004374   0x0000000c   Code   RO          557    i.USART3_IRQHandler  stm32f1xx_it.o
    0x08004380   0x08004380   0x00000002   Code   RO          558    i.UsageFault_Handler  stm32f1xx_it.o
    0x08004382   0x08004382   0x00000002   PAD
    0x08004384   0x08004384   0x000001e0   Code   RO         3879    i.Velocity          control.o
    0x08004564   0x08004564   0x00000028   Code   RO         4912    i.__ARM_fpclassify  m_ws.l(fpclassify.o)
    0x0800458c   0x0800458c   0x00000020   Code   RO         1486    i.__NVIC_SetPriority  stm32f1xx_hal_cortex.o
    0x080045ac   0x080045ac   0x000000aa   Code   RO         4914    i.__kernel_poly     m_ws.l(poly.o)
    0x08004656   0x08004656   0x00000002   PAD
    0x08004658   0x08004658   0x00000010   Code   RO         4898    i.__mathlib_dbl_divzero  m_ws.l(dunder.o)
    0x08004668   0x08004668   0x00000006   Code   RO         4899    i.__mathlib_dbl_infnan  m_ws.l(dunder.o)
    0x0800466e   0x0800466e   0x00000004   Code   RO         4900    i.__mathlib_dbl_infnan2  m_ws.l(dunder.o)
    0x08004672   0x08004672   0x0000000c   Code   RO         4901    i.__mathlib_dbl_invalid  m_ws.l(dunder.o)
    0x0800467e   0x0800467e   0x0000000e   Code   RO         4902    i.__mathlib_dbl_overflow  m_ws.l(dunder.o)
    0x0800468c   0x0800468c   0x00000010   Code   RO         4904    i.__mathlib_dbl_underflow  m_ws.l(dunder.o)
    0x0800469c   0x0800469c   0x00000002   Code   RO          477    i._sys_exit         usart.o
    0x0800469e   0x0800469e   0x00000002   PAD
    0x080046a0   0x080046a0   0x00000080   Code   RO         4083    i.accel_self_test   inv_mpu.o
    0x08004720   0x08004720   0x00000270   Code   RO         4832    i.asin              m_ws.l(asin.o)
    0x08004990   0x08004990   0x00000220   Code   RO         4889    i.atan              m_ws.l(atan.o)
    0x08004bb0   0x08004bb0   0x0000019c   Code   RO         4842    i.atan2             m_ws.l(atan2.o)
    0x08004d4c   0x08004d4c   0x0000008c   Code   RO         3436    i.click_N_Double    key.o
    0x08004dd8   0x08004dd8   0x00000208   Code   RO         3746    i.data_process      lidar.o
    0x08004fe0   0x08004fe0   0x00000020   Code   RO         3792    i.delay_init        delay.o
    0x08005000   0x08005000   0x00000034   Code   RO         3793    i.delay_ms          delay.o
    0x08005034   0x08005034   0x00000034   Code   RO         3794    i.delay_us          delay.o
    0x08005068   0x08005068   0x0000003a   Code   RO         4384    i.dmp_enable_6x_lp_quat  inv_mpu_dmp_motion_driver.o
    0x080050a2   0x080050a2   0x00000002   PAD
    0x080050a4   0x080050a4   0x000001d8   Code   RO         4385    i.dmp_enable_feature  inv_mpu_dmp_motion_driver.o
    0x0800527c   0x0800527c   0x0000003c   Code   RO         4386    i.dmp_enable_gyro_cal  inv_mpu_dmp_motion_driver.o
    0x080052b8   0x080052b8   0x0000003a   Code   RO         4387    i.dmp_enable_lp_quat  inv_mpu_dmp_motion_driver.o
    0x080052f2   0x080052f2   0x00000002   PAD
    0x080052f4   0x080052f4   0x00000014   Code   RO         4392    i.dmp_load_motion_driver_firmware  inv_mpu_dmp_motion_driver.o
    0x08005308   0x08005308   0x00000164   Code   RO         4393    i.dmp_read_fifo     inv_mpu_dmp_motion_driver.o
    0x0800546c   0x0800546c   0x000000d8   Code   RO         4396    i.dmp_set_accel_bias  inv_mpu_dmp_motion_driver.o
    0x08005544   0x08005544   0x00000064   Code   RO         4397    i.dmp_set_fifo_rate  inv_mpu_dmp_motion_driver.o
    0x080055a8   0x080055a8   0x000000cc   Code   RO         4398    i.dmp_set_gyro_bias  inv_mpu_dmp_motion_driver.o
    0x08005674   0x08005674   0x0000010c   Code   RO         4400    i.dmp_set_orientation  inv_mpu_dmp_motion_driver.o
    0x08005780   0x08005780   0x00000030   Code   RO         4403    i.dmp_set_shake_reject_thresh  inv_mpu_dmp_motion_driver.o
    0x080057b0   0x080057b0   0x00000020   Code   RO         4404    i.dmp_set_shake_reject_time  inv_mpu_dmp_motion_driver.o
    0x080057d0   0x080057d0   0x00000020   Code   RO         4405    i.dmp_set_shake_reject_timeout  inv_mpu_dmp_motion_driver.o
    0x080057f0   0x080057f0   0x00000040   Code   RO         4406    i.dmp_set_tap_axes  inv_mpu_dmp_motion_driver.o
    0x08005830   0x08005830   0x00000022   Code   RO         4407    i.dmp_set_tap_count  inv_mpu_dmp_motion_driver.o
    0x08005852   0x08005852   0x00000002   PAD
    0x08005854   0x08005854   0x00000128   Code   RO         4408    i.dmp_set_tap_thresh  inv_mpu_dmp_motion_driver.o
    0x0800597c   0x0800597c   0x00000020   Code   RO         4409    i.dmp_set_tap_time  inv_mpu_dmp_motion_driver.o
    0x0800599c   0x0800599c   0x00000020   Code   RO         4410    i.dmp_set_tap_time_multi  inv_mpu_dmp_motion_driver.o
    0x080059bc   0x080059bc   0x00000038   Code   RO          478    i.fputc             usart.o
    0x080059f4   0x080059f4   0x000000ac   Code   RO         4084    i.get_accel_prod_shift  inv_mpu.o
    0x08005aa0   0x08005aa0   0x00000314   Code   RO         4085    i.get_st_biases     inv_mpu.o
    0x08005db4   0x08005db4   0x000000d4   Code   RO         4086    i.gyro_self_test    inv_mpu.o
    0x08005e88   0x08005e88   0x00000070   Code   RO         3644    i.i2cRead           ioi2c.o
    0x08005ef8   0x08005ef8   0x00000054   Code   RO         3645    i.i2cWrite          ioi2c.o
    0x08005f4c   0x08005f4c   0x00000048   Code   RO         4576    i.inv_row_2_scale   mpu6050.o
    0x08005f94   0x08005f94   0x00000070   Code   RO           15    i.main              main.o
    0x08006004   0x08006004   0x00000054   Code   RO         4087    i.mpu_configure_fifo  inv_mpu.o
    0x08006058   0x08006058   0x0000003c   Code   RO         4088    i.mpu_get_accel_fsr  inv_mpu.o
    0x08006094   0x08006094   0x00000044   Code   RO         4090    i.mpu_get_accel_sens  inv_mpu.o
    0x080060d8   0x080060d8   0x00000034   Code   RO         4096    i.mpu_get_gyro_fsr  inv_mpu.o
    0x0800610c   0x0800610c   0x00000040   Code   RO         4098    i.mpu_get_gyro_sens  inv_mpu.o
    0x0800614c   0x0800614c   0x00000038   Code   RO         4100    i.mpu_get_lpf       inv_mpu.o
    0x08006184   0x08006184   0x0000001c   Code   RO         4102    i.mpu_get_sample_rate  inv_mpu.o
    0x080061a0   0x080061a0   0x00000188   Code   RO         4104    i.mpu_init          inv_mpu.o
    0x08006328   0x08006328   0x000000a0   Code   RO         4105    i.mpu_load_firmware  inv_mpu.o
    0x080063c8   0x080063c8   0x000000b8   Code   RO         4106    i.mpu_lp_accel_mode  inv_mpu.o
    0x08006480   0x08006480   0x00000090   Code   RO         4109    i.mpu_read_fifo_stream  inv_mpu.o
    0x08006510   0x08006510   0x00000054   Code   RO         4110    i.mpu_read_mem      inv_mpu.o
    0x08006564   0x08006564   0x00000150   Code   RO         4113    i.mpu_reset_fifo    inv_mpu.o
    0x080066b4   0x080066b4   0x000000f0   Code   RO         4114    i.mpu_run_self_test  inv_mpu.o
    0x080067a4   0x080067a4   0x00000068   Code   RO         4116    i.mpu_set_accel_fsr  inv_mpu.o
    0x0800680c   0x0800680c   0x000000dc   Code   RO         4117    i.mpu_set_bypass    inv_mpu.o
    0x080068e8   0x080068e8   0x00000078   Code   RO         4119    i.mpu_set_dmp_state  inv_mpu.o
    0x08006960   0x08006960   0x0000006c   Code   RO         4120    i.mpu_set_gyro_fsr  inv_mpu.o
    0x080069cc   0x080069cc   0x00000064   Code   RO         4121    i.mpu_set_int_latched  inv_mpu.o
    0x08006a30   0x08006a30   0x0000006c   Code   RO         4123    i.mpu_set_lpf       inv_mpu.o
    0x08006a9c   0x08006a9c   0x00000080   Code   RO         4124    i.mpu_set_sample_rate  inv_mpu.o
    0x08006b1c   0x08006b1c   0x000000b8   Code   RO         4125    i.mpu_set_sensors   inv_mpu.o
    0x08006bd4   0x08006bd4   0x00000054   Code   RO         4126    i.mpu_write_mem     inv_mpu.o
    0x08006c28   0x08006c28   0x00000008   Code   RO         3880    i.myabs             control.o
    0x08006c30   0x08006c30   0x00000002   Code   RO         4127    i.myget_ms          inv_mpu.o
    0x08006c32   0x08006c32   0x00000002   PAD
    0x08006c34   0x08006c34   0x000009d8   Code   RO         4850    i.pow               m_ws.l(pow.o)
    0x0800760c   0x0800760c   0x0000007a   Code   RO         4577    i.run_self_test     mpu6050.o
    0x08007686   0x08007686   0x00000002   PAD
    0x08007688   0x08007688   0x00000058   Code   RO         4128    i.set_int_enable    inv_mpu.o
    0x080076e0   0x080076e0   0x0000004c   Code   RO         4918    i.sqrt              m_ws.l(sqrt.o)
    0x0800772c   0x0800772c   0x00000062   Code   RO         4771    x$fpl$d2f           fz_ws.l(d2f.o)
    0x0800778e   0x0800778e   0x00000002   PAD
    0x08007790   0x08007790   0x00000150   Code   RO         4773    x$fpl$dadd          fz_ws.l(daddsub_clz.o)
    0x080078e0   0x080078e0   0x00000010   Code   RO         4869    x$fpl$dcheck1       fz_ws.l(dcheck1.o)
    0x080078f0   0x080078f0   0x00000018   Code   RO         4955    x$fpl$dcmpinf       fz_ws.l(dcmpi.o)
    0x08007908   0x08007908   0x000002b0   Code   RO         4780    x$fpl$ddiv          fz_ws.l(ddiv.o)
    0x08007bb8   0x08007bb8   0x00000078   Code   RO         4871    x$fpl$deqf          fz_ws.l(deqf.o)
    0x08007c30   0x08007c30   0x0000002e   Code   RO         4788    x$fpl$dflt          fz_ws.l(dflt_clz.o)
    0x08007c5e   0x08007c5e   0x00000026   Code   RO         4787    x$fpl$dfltu         fz_ws.l(dflt_clz.o)
    0x08007c84   0x08007c84   0x00000078   Code   RO         4957    x$fpl$dleqf         fz_ws.l(dleqf.o)
    0x08007cfc   0x08007cfc   0x00000154   Code   RO         4793    x$fpl$dmul          fz_ws.l(dmul.o)
    0x08007e50   0x08007e50   0x0000009c   Code   RO         4873    x$fpl$dnaninf       fz_ws.l(dnaninf.o)
    0x08007eec   0x08007eec   0x0000000c   Code   RO         4875    x$fpl$dretinf       fz_ws.l(dretinf.o)
    0x08007ef8   0x08007ef8   0x0000006c   Code   RO         4877    x$fpl$drleqf        fz_ws.l(drleqf.o)
    0x08007f64   0x08007f64   0x00000016   Code   RO         4774    x$fpl$drsb          fz_ws.l(daddsub_clz.o)
    0x08007f7a   0x08007f7a   0x00000002   PAD
    0x08007f7c   0x08007f7c   0x000001cc   Code   RO         4959    x$fpl$dsqrt         fz_ws.l(dsqrt_noumaal.o)
    0x08008148   0x08008148   0x000001d4   Code   RO         4775    x$fpl$dsub          fz_ws.l(daddsub_clz.o)
    0x0800831c   0x0800831c   0x00000056   Code   RO         4795    x$fpl$f2d           fz_ws.l(f2d.o)
    0x08008372   0x08008372   0x00000002   PAD
    0x08008374   0x08008374   0x000000c4   Code   RO         4797    x$fpl$fadd          fz_ws.l(faddsub_clz.o)
    0x08008438   0x08008438   0x0000000c   Code   RO         4879    x$fpl$fcheck1       fz_ws.l(fcheck1.o)
    0x08008444   0x08008444   0x00000184   Code   RO         4804    x$fpl$fdiv          fz_ws.l(fdiv.o)
    0x080085c8   0x080085c8   0x00000036   Code   RO         4807    x$fpl$ffix          fz_ws.l(ffix.o)
    0x080085fe   0x080085fe   0x00000002   PAD
    0x08008600   0x08008600   0x0000003e   Code   RO         4811    x$fpl$ffixu         fz_ws.l(ffixu.o)
    0x0800863e   0x0800863e   0x00000002   PAD
    0x08008640   0x08008640   0x00000030   Code   RO         4816    x$fpl$fflt          fz_ws.l(fflt_clz.o)
    0x08008670   0x08008670   0x00000026   Code   RO         4815    x$fpl$ffltu         fz_ws.l(fflt_clz.o)
    0x08008696   0x08008696   0x00000002   PAD
    0x08008698   0x08008698   0x00000102   Code   RO         4823    x$fpl$fmul          fz_ws.l(fmul.o)
    0x0800879a   0x0800879a   0x0000008c   Code   RO         4883    x$fpl$fnaninf       fz_ws.l(fnaninf.o)
    0x08008826   0x08008826   0x0000000a   Code   RO         4885    x$fpl$fretinf       fz_ws.l(fretinf.o)
    0x08008830   0x08008830   0x00000014   Code   RO         4798    x$fpl$frsb          fz_ws.l(faddsub_clz.o)
    0x08008844   0x08008844   0x000000ea   Code   RO         4799    x$fpl$fsub          fz_ws.l(faddsub_clz.o)
    0x0800892e   0x0800892e   0x00000064   Code   RO         4961    x$fpl$retnan        fz_ws.l(retnan.o)
    0x08008992   0x08008992   0x0000005c   Code   RO         4827    x$fpl$scalbn        fz_ws.l(scalbn.o)
    0x080089ee   0x080089ee   0x0000004c   Code   RO         4829    x$fpl$scalbnf       fz_ws.l(scalbnf.o)
    0x08008a3a   0x08008a3a   0x00000030   Code   RO         4980    x$fpl$trapveneer    fz_ws.l(trapv.o)
    0x08008a6a   0x08008a6a   0x00000000   Code   RO         4887    x$fpl$usenofp       fz_ws.l(usenofp.o)
    0x08008a6a   0x08008a6a   0x00000012   Data   RO         1184    .constdata          stm32f1xx_hal_rcc.o
    0x08008a7c   0x08008a7c   0x00000010   Data   RO         3311    .constdata          system_stm32f1xx.o
    0x08008a8c   0x08008a8c   0x00000008   Data   RO         3312    .constdata          system_stm32f1xx.o
    0x08008a94   0x08008a94   0x0000000c   Data   RO         4129    .constdata          inv_mpu.o
    0x08008aa0   0x08008aa0   0x0000001b   Data   RO         4130    .constdata          inv_mpu.o
    0x08008abb   0x08008abb   0x00000001   PAD
    0x08008abc   0x08008abc   0x00000028   Data   RO         4131    .constdata          inv_mpu.o
    0x08008ae4   0x08008ae4   0x00000bf6   Data   RO         4412    .constdata          inv_mpu_dmp_motion_driver.o
    0x080096da   0x080096da   0x00000006   PAD
    0x080096e0   0x080096e0   0x00000050   Data   RO         4833    .constdata          m_ws.l(asin.o)
    0x08009730   0x08009730   0x00000088   Data   RO         4851    .constdata          m_ws.l(pow.o)
    0x080097b8   0x080097b8   0x00000098   Data   RO         4890    .constdata          m_ws.l(atan.o)
    0x08009850   0x08009850   0x00000008   Data   RO         4916    .constdata          m_ws.l(qnan.o)
    0x08009858   0x08009858   0x0000004e   Data   RO         4132    .conststring        inv_mpu.o
    0x080098a6   0x080098a6   0x00000002   PAD
    0x080098a8   0x080098a8   0x00000020   Data   RO         5110    Region$$Table       anon$$obj.o


    Execution Region RW_IRAM1 (Exec base: 0x20000000, Load base: 0x080098c8, Size: 0x00001d90, Max: 0x00005000, ABSOLUTE, COMPRESSED[0x00000058])

    Exec Addr    Load Addr    Size         Type   Attr      Idx    E Section Name        Object

    0x20000000   COMPRESSED   0x00000001   Data   RW           17    .data               main.o
    0x20000001   COMPRESSED   0x00000001   Data   RW           18    .data               main.o
    0x20000002   COMPRESSED   0x00000001   Data   RW           19    .data               main.o
    0x20000003   COMPRESSED   0x00000001   Data   RW           20    .data               main.o
    0x20000004   COMPRESSED   0x00000003   Data   RW           21    .data               main.o
    0x20000007   COMPRESSED   0x00000001   Data   RW           22    .data               main.o
    0x20000008   COMPRESSED   0x00000001   Data   RW           23    .data               main.o
    0x20000009   COMPRESSED   0x00000003   PAD
    0x2000000c   COMPRESSED   0x00000004   Data   RW           24    .data               main.o
    0x20000010   COMPRESSED   0x00000004   Data   RW           25    .data               main.o
    0x20000014   COMPRESSED   0x00000004   Data   RW           26    .data               main.o
    0x20000018   COMPRESSED   0x00000004   Data   RW           27    .data               main.o
    0x2000001c   COMPRESSED   0x00000004   Data   RW           28    .data               main.o
    0x20000020   COMPRESSED   0x00000004   Data   RW           29    .data               main.o
    0x20000024   COMPRESSED   0x00000001   Data   RW           30    .data               main.o
    0x20000025   COMPRESSED   0x00000001   Data   RW           31    .data               main.o
    0x20000026   COMPRESSED   0x00000001   Data   RW           32    .data               main.o
    0x20000027   COMPRESSED   0x00000001   Data   RW           33    .data               main.o
    0x20000028   COMPRESSED   0x00000004   Data   RW           34    .data               main.o
    0x2000002c   COMPRESSED   0x00000004   Data   RW           35    .data               main.o
    0x20000030   COMPRESSED   0x00000004   Data   RW           36    .data               main.o
    0x20000034   COMPRESSED   0x00000004   Data   RW           37    .data               main.o
    0x20000038   COMPRESSED   0x00000004   Data   RW           38    .data               main.o
    0x2000003c   COMPRESSED   0x00000004   Data   RW           39    .data               main.o
    0x20000040   COMPRESSED   0x00000004   Data   RW           40    .data               main.o
    0x20000044   COMPRESSED   0x00000004   Data   RW           41    .data               main.o
    0x20000048   COMPRESSED   0x00000001   Data   RW           42    .data               main.o
    0x20000049   COMPRESSED   0x00000003   PAD
    0x2000004c   COMPRESSED   0x00000004   Data   RW           46    .data               main.o
    0x20000050   COMPRESSED   0x00000004   Data   RW           47    .data               main.o
    0x20000054   COMPRESSED   0x00000004   Data   RW           48    .data               main.o
    0x20000058   COMPRESSED   0x00000001   Data   RW           49    .data               main.o
    0x20000059   COMPRESSED   0x00000003   PAD
    0x2000005c   COMPRESSED   0x00000004   Data   RW           50    .data               main.o
    0x20000060   COMPRESSED   0x00000004   Data   RW          378    .data               tim.o
    0x20000064   COMPRESSED   0x00000004   Data   RW          480    .data               usart.o
    0x20000068   COMPRESSED   0x0000000c   Data   RW         1021    .data               stm32f1xx_hal.o
    0x20000074   COMPRESSED   0x00000004   Data   RW         3313    .data               system_stm32f1xx.o
    0x20000078   COMPRESSED   0x0000000c   Data   RW         3437    .data               key.o
    0x20000084   COMPRESSED   0x00000014   Data   RW         3600    .data               usart3.o
    0x20000098   COMPRESSED   0x00000038   Data   RW         3748    .data               lidar.o
    0x200000d0   COMPRESSED   0x00000004   Data   RW         3795    .data               delay.o
    0x200000d4   COMPRESSED   0x00000060   Data   RW         3881    .data               control.o
    0x20000134   COMPRESSED   0x00000084   Data   RW         4051    .data               filter.o
    0x200001b8   COMPRESSED   0x0000002c   Data   RW         4133    .data               inv_mpu.o
    0x200001e4   COMPRESSED   0x00000035   Data   RW         4579    .data               mpu6050.o
    0x20000219   COMPRESSED   0x00000003   PAD
    0x2000021c   COMPRESSED   0x0000000c   Data   RW         4682    .data               show.o
    0x20000228        -       0x00000060   Zero   RW          314    .bss                adc.o
    0x20000288        -       0x00000120   Zero   RW          377    .bss                tim.o
    0x200003a8        -       0x000000d8   Zero   RW          479    .bss                usart.o
    0x20000480        -       0x00000400   Zero   RW         3509    .bss                oled.o
    0x20000880        -       0x00000032   Zero   RW         3599    .bss                usart3.o
    0x200008b2   COMPRESSED   0x00000002   PAD
    0x200008b4        -       0x00000e4c   Zero   RW         3747    .bss                lidar.o
    0x20001700        -       0x00000020   Zero   RW         4050    .bss                filter.o
    0x20001720        -       0x00000010   Zero   RW         4411    .bss                inv_mpu_dmp_motion_driver.o
    0x20001730        -       0x00000060   Zero   RW         4964    .bss                c_w.l(libspace.o)
    0x20001790        -       0x00000200   Zero   RW            2    HEAP                startup_stm32f103xb.o
    0x20001990        -       0x00000400   Zero   RW            1    STACK               startup_stm32f103xb.o


==============================================================================

Image component sizes


      Code (inc. data)   RO Data    RW Data    ZI Data      Debug   Object Name

       296         38          0          0         96       2414   adc.o
      2078        342          0         96          0      14027   control.o
       136         18          0          4          0       1767   delay.o
        36          8          0          0          0        607   encoder.o
       832         60          0        132         32       3627   filter.o
       268         22          0          0          0       5074   gpio.o
      4498        280        157         44          0      27042   inv_mpu.o
      2382        118       3062          0         16      19966   inv_mpu_dmp_motion_driver.o
      1050         60          0          0          0      10194   ioi2c.o
       200         16          0         12          0       1942   key.o
       520         50          0         56       3660       4681   lidar.o
       236          6          0         87          0     447505   main.o
      1414        362          0         53          0      34173   mpu6050.o
       428         22          0          0       1024       3643   oled.o
         0          0          0         12          0       1082   show.o
        64         26        236          0       1536        824   startup_stm32f103xb.o
       128         24          0         12          0       5465   stm32f1xx_hal.o
       622         24          0          0          0       3396   stm32f1xx_hal_adc.o
       232         14          0          0          0      29797   stm32f1xx_hal_cortex.o
       222          4          0          0          0       1843   stm32f1xx_hal_dma.o
       514         40          0          0          0       3583   stm32f1xx_hal_gpio.o
        68         10          0          0          0        918   stm32f1xx_hal_msp.o
      1240         84         18          0          0       5256   stm32f1xx_hal_rcc.o
       236         12          0          0          0       1428   stm32f1xx_hal_rcc_ex.o
      2460         82          0          0          0      18653   stm32f1xx_hal_tim.o
       192         12          0          0          0       3309   stm32f1xx_hal_tim_ex.o
      1280         10          0          0          0       9132   stm32f1xx_hal_uart.o
       100         36          0          0          0       7287   stm32f1xx_it.o
        40         10          0          0          0        487   sys.o
         2          0         24          4          0       1191   system_stm32f1xx.o
      1248        112          0          4        288       7609   tim.o
       490         60          0          4        216       4954   usart.o
       816        144          0         20         50       2412   usart3.o

    ----------------------------------------------------------------------
     24372       2106       3538        552       6920     685288   Object Totals
         0          0         32          0          0          0   (incl. Generated)
        44          0          9         12          2          0   (incl. Padding)

    ----------------------------------------------------------------------

      Code (inc. data)   RO Data    RW Data    ZI Data      Debug   Library Member Name

        90          0          0          0          0          0   __dczerorl2.o
         8          0          0          0          0         68   __main.o
       104          0          0          0          0         84   __printf.o
         0          0          0          0          0          0   __rtentry.o
        12          0          0          0          0          0   __rtentry2.o
         6          0          0          0          0          0   __rtentry4.o
        52          8          0          0          0          0   __scatter.o
        28          0          0          0          0          0   __scatter_zi.o
        48          6          0          0          0         96   _printf_char_common.o
        36          4          0          0          0         80   _printf_char_file.o
         6          0          0          0          0          0   _printf_d.o
       120         16          0          0          0         92   _printf_dec.o
       178          0          0          0          0         88   _printf_intcommon.o
         0          0          0          0          0          0   _printf_percent.o
         4          0          0          0          0          0   _printf_percent_end.o
        22          0          0          0          0        100   _rserrno.o
        16          0          0          0          0         68   aeabi_memset.o
        18          0          0          0          0         80   exit.o
         8          0          0          0          0         68   ferror.o
         6          0          0          0          0        152   heapauxi.o
         2          0          0          0          0          0   libinit.o
         2          0          0          0          0          0   libinit2.o
         2          0          0          0          0          0   libshutdown.o
         2          0          0          0          0          0   libshutdown2.o
         8          4          0          0         96         68   libspace.o
        72          0          0          0          0         76   llsdiv.o
       238          0          0          0          0        100   lludivv7m.o
        88          0          0          0          0         76   memcmp.o
        24          4          0          0          0         84   noretval__2printf.o
         8          4          0          0          0         68   rt_errno_addr_intlibspace.o
        68          0          0          0          0         68   rt_memclr.o
        78          0          0          0          0         80   rt_memclr_w.o
         2          0          0          0          0          0   rtexit.o
        10          0          0          0          0          0   rtexit2.o
        74          0          0          0          0         80   sys_stackheap_outer.o
        98          4          0          0          0         92   d2f.o
       826         16          0          0          0        348   daddsub_clz.o
        16          4          0          0          0         68   dcheck1.o
        24          0          0          0          0         68   dcmpi.o
       688        140          0          0          0        208   ddiv.o
       120          4          0          0          0         92   deqf.o
        84          0          0          0          0        136   dflt_clz.o
       120          4          0          0          0         92   dleqf.o
       340         12          0          0          0        104   dmul.o
       156          4          0          0          0         92   dnaninf.o
        12          0          0          0          0         68   dretinf.o
       108          0          0          0          0         80   drleqf.o
       460         56          0          0          0        120   dsqrt_noumaal.o
        86          4          0          0          0         84   f2d.o
       450          8          0          0          0        236   faddsub_clz.o
        12          4          0          0          0         68   fcheck1.o
       388         76          0          0          0         96   fdiv.o
        54          4          0          0          0         84   ffix.o
        62          4          0          0          0         84   ffixu.o
        86          0          0          0          0        136   fflt_clz.o
       258          4          0          0          0         84   fmul.o
       140          4          0          0          0         84   fnaninf.o
        10          0          0          0          0         68   fretinf.o
       100          0          0          0          0         68   retnan.o
        92          0          0          0          0         68   scalbn.o
        76          0          0          0          0         68   scalbnf.o
        48          0          0          0          0         68   trapv.o
         0          0          0          0          0          0   usenofp.o
       624         52         80          0          0        168   asin.o
       544         70        152          0          0        124   atan.o
       412         38          0          0          0        144   atan2.o
        68         10          0          0          0        408   dunder.o
        40          0          0          0          0         68   fpclassify.o
       170          0          0          0          0         96   poly.o
      2520        190        136          0          0        324   pow.o
         0          0          8          0          0          0   qnan.o
        76          0          0          0          0         84   sqrt.o

    ----------------------------------------------------------------------
     10826        758        376          0         96       5956   Library Totals
        18          0          0          0          0          0   (incl. Padding)

    ----------------------------------------------------------------------

      Code (inc. data)   RO Data    RW Data    ZI Data      Debug   Library Name

      1440         46          0          0         96       1676   c_w.l
      4914        352          0          0          0       2864   fz_ws.l
      4454        360        376          0          0       1416   m_ws.l

    ----------------------------------------------------------------------
     10826        758        376          0         96       5956   Library Totals

    ----------------------------------------------------------------------

==============================================================================


      Code (inc. data)   RO Data    RW Data    ZI Data      Debug   

     35198       2864       3914        552       7016     677720   Grand Totals
     35198       2864       3914         88       7016     677720   ELF Image Totals (compressed)
     35198       2864       3914         88          0          0   ROM Totals

==============================================================================

    Total RO  Size (Code + RO Data)                39112 (  38.20kB)
    Total RW  Size (RW Data + ZI Data)              7568 (   7.39kB)
    Total ROM Size (Code + RO Data + RW Data)      39200 (  38.28kB)

==============================================================================

