<html>
<body>
<pre>
<h1>礦ision Build Log</h1>
<h2>Tool Versions:</h2>
IDE-Version: μVision V5.41.0.0
Copyright (C) 2024 ARM Ltd and ARM Germany GmbH. All rights reserved.
License Information: jhg 341182521@qq.com, ghf, LIC=D0D7S-LZTUH-KPJZY-IFPP3-BSK4L-Y2YCK
 
Tool Versions:
Toolchain:       MDK-ARM Plus  Version: 5.41.0.0
Toolchain Path:  C:\Users\34118\AppData\Local\Keil_v5\ARM\ARMCC\Bin
C Compiler:      Armcc.exe V5.06 update 7 (build 960)
Assembler:       Armasm.exe V5.06 update 7 (build 960)
Linker/Locator:  ArmLink.exe V5.06 update 7 (build 960)
Library Manager: ArmAr.exe V5.06 update 7 (build 960)
Hex Converter:   FromElf.exe V5.06 update 7 (build 960)
CPU DLL:         SARMCM3.DLL V5.41.0.0
Dialog DLL:      DCM.DLL V1.17.5.0
Target DLL:      CMSIS_AGDI.dll V1.33.21.0
Dialog DLL:      TCM.DLL V1.56.4.0
 
<h2>Project:</h2>
c:\Users\34118\Desktop\7.WHEELTEC B570 平衡小车源码（HAL库版)\B570\MDK-ARM\B570.uvprojx
Project File Date:  03/02/2025

<h2>Output:</h2>
*** Using Compiler 'V5.06 update 7 (build 960)', folder: 'C:\Users\34118\AppData\Local\Keil_v5\ARM\ARMCC\Bin'
Rebuild target 'B570'
assembling startup_stm32f103xb.s...
compiling stm32f1xx_hal_adc_ex.c...
compiling usart.c...
compiling stm32f1xx_hal_adc.c...
compiling stm32f1xx_hal_gpio_ex.c...
compiling tim.c...
compiling stm32f1xx_hal_msp.c...
compiling stm32f1xx_hal.c...
compiling stm32f1xx_hal_rcc_ex.c...
compiling adc.c...
compiling stm32f1xx_hal_gpio.c...
compiling stm32f1xx_hal_rcc.c...
compiling stm32f1xx_it.c...
compiling stm32f1xx_hal_dma.c...
compiling gpio.c...
compiling main.c...
compiling stm32f1xx_hal_cortex.c...
compiling stm32f1xx_hal_pwr.c...
compiling stm32f1xx_hal_flash.c...
compiling stm32f1xx_hal_flash_ex.c...
compiling system_stm32f1xx.c...
compiling stm32f1xx_hal_exti.c...
compiling stm32f1xx_hal_tim_ex.c...
compiling stm32f1xx_hal_uart.c...
compiling DataScop_DP.c...
compiling usart3.c...
compiling ele_ccd.c...
compiling encoder.c...
compiling key.c...
..\Hardware\KEY\key.c(109): warning:  #1-D: last line of file ends without a newline
  }
..\Hardware\KEY\key.c: 1 warning, 0 errors
compiling led.c...
..\Hardware\LED\led.c(36): warning:  #1-D: last line of file ends without a newline
  }
..\Hardware\LED\led.c: 1 warning, 0 errors
compiling filter.c...
compiling oled.c...
compiling stm32f1xx_hal_tim.c...
compiling IOI2C.c...
compiling sys.c...
compiling delay.c...
compiling Lidar.c...
compiling control.c...
compiling inv_mpu.c...
compiling inv_mpu_dmp_motion_driver.c...
compiling LineFinder.c...
compiling show.c...
compiling MPU6050.c...
linking...
Program Size: Code=43670 RO-data=3914 RW-data=608 ZI-data=6016  
FromELF: creating hex file...
"..\Output\B570.axf" - 0 Error(s), 2 Warning(s).

<h2>Software Packages used:</h2>

Package Vendor: ARM
                https://www.keil.com/pack/ARM.CMSIS.6.1.0.pack
                ARM::CMSIS@6.1.0
                CMSIS (Common Microcontroller Software Interface Standard)
   * Component: CORE Version: 6.1.0

Package Vendor: Keil
                https://www.keil.com/pack/Keil.STM32F1xx_DFP.2.4.1.pack
                Keil::STM32F1xx_DFP@2.4.1
                STMicroelectronics STM32F1 Series Device Support, Drivers and Examples

<h2>Collection of Component include folders:</h2>
  ./RTE/_B570
  C:/Users/34118/AppData/Local/Arm/Packs/ARM/CMSIS/6.1.0/CMSIS/Core/Include
  C:/Users/34118/AppData/Local/Arm/Packs/Keil/STM32F1xx_DFP/2.4.1/Device/Include

<h2>Collection of Component Files used:</h2>

   * Component: ARM::CMSIS:CORE@6.1.0
      Include file:  CMSIS/Core/Include/tz_context.h
Build Time Elapsed:  00:00:04
</pre>
</body>
</html>
