Component: ARM Compiler 5.06 update 7 (build 960) Tool: armlink [4d3601]

==============================================================================

Section Cross References

    startup_stm32f103xb.o(STACK) refers (Special) to heapauxi.o(.text) for __use_two_region_memory
    startup_stm32f103xb.o(HEAP) refers (Special) to heapauxi.o(.text) for __use_two_region_memory
    startup_stm32f103xb.o(RESET) refers (Special) to heapauxi.o(.text) for __use_two_region_memory
    startup_stm32f103xb.o(RESET) refers to startup_stm32f103xb.o(STACK) for __initial_sp
    startup_stm32f103xb.o(RESET) refers to startup_stm32f103xb.o(.text) for Reset_Handler
    startup_stm32f103xb.o(RESET) refers to stm32f1xx_it.o(i.NMI_Handler) for NMI_Handler
    startup_stm32f103xb.o(RESET) refers to stm32f1xx_it.o(i.HardFault_Handler) for HardFault_Handler
    startup_stm32f103xb.o(RESET) refers to stm32f1xx_it.o(i.MemManage_Handler) for MemManage_Handler
    startup_stm32f103xb.o(RESET) refers to stm32f1xx_it.o(i.BusFault_Handler) for BusFault_Handler
    startup_stm32f103xb.o(RESET) refers to stm32f1xx_it.o(i.UsageFault_Handler) for UsageFault_Handler
    startup_stm32f103xb.o(RESET) refers to stm32f1xx_it.o(i.SVC_Handler) for SVC_Handler
    startup_stm32f103xb.o(RESET) refers to stm32f1xx_it.o(i.DebugMon_Handler) for DebugMon_Handler
    startup_stm32f103xb.o(RESET) refers to stm32f1xx_it.o(i.PendSV_Handler) for PendSV_Handler
    startup_stm32f103xb.o(RESET) refers to stm32f1xx_it.o(i.SysTick_Handler) for SysTick_Handler
    startup_stm32f103xb.o(RESET) refers to stm32f1xx_it.o(i.TIM2_IRQHandler) for TIM2_IRQHandler
    startup_stm32f103xb.o(RESET) refers to stm32f1xx_it.o(i.TIM3_IRQHandler) for TIM3_IRQHandler
    startup_stm32f103xb.o(RESET) refers to stm32f1xx_it.o(i.TIM4_IRQHandler) for TIM4_IRQHandler
    startup_stm32f103xb.o(RESET) refers to stm32f1xx_it.o(i.USART1_IRQHandler) for USART1_IRQHandler
    startup_stm32f103xb.o(RESET) refers to stm32f1xx_it.o(i.USART2_IRQHandler) for USART2_IRQHandler
    startup_stm32f103xb.o(RESET) refers to stm32f1xx_it.o(i.USART3_IRQHandler) for USART3_IRQHandler
    startup_stm32f103xb.o(RESET) refers to stm32f1xx_it.o(i.EXTI15_10_IRQHandler) for EXTI15_10_IRQHandler
    startup_stm32f103xb.o(.text) refers (Special) to heapauxi.o(.text) for __use_two_region_memory
    startup_stm32f103xb.o(.text) refers to system_stm32f1xx.o(i.SystemInit) for SystemInit
    startup_stm32f103xb.o(.text) refers to __main.o(!!!main) for __main
    startup_stm32f103xb.o(.text) refers to startup_stm32f103xb.o(HEAP) for Heap_Mem
    startup_stm32f103xb.o(.text) refers to startup_stm32f103xb.o(STACK) for Stack_Mem
    main.o(i.SystemClock_Config) refers to rt_memclr_w.o(.text) for __aeabi_memclr4
    main.o(i.SystemClock_Config) refers to stm32f1xx_hal_rcc.o(i.HAL_RCC_OscConfig) for HAL_RCC_OscConfig
    main.o(i.SystemClock_Config) refers to stm32f1xx_hal_rcc.o(i.HAL_RCC_ClockConfig) for HAL_RCC_ClockConfig
    main.o(i.SystemClock_Config) refers to stm32f1xx_hal_rcc_ex.o(i.HAL_RCCEx_PeriphCLKConfig) for HAL_RCCEx_PeriphCLKConfig
    main.o(i.main) refers to stm32f1xx_hal.o(i.HAL_Init) for HAL_Init
    main.o(i.main) refers to main.o(i.SystemClock_Config) for SystemClock_Config
    main.o(i.main) refers to gpio.o(i.MX_GPIO_Init) for MX_GPIO_Init
    main.o(i.main) refers to stm32f1xx_hal_gpio.o(i.HAL_GPIO_WritePin) for HAL_GPIO_WritePin
    main.o(i.main) refers to gpio.o(i.Init_Sensor_Pins) for Init_Sensor_Pins
    main.o(i.main) refers to adc.o(i.MX_ADC1_Init) for MX_ADC1_Init
    main.o(i.main) refers to adc.o(i.MX_ADC2_Init) for MX_ADC2_Init
    main.o(i.main) refers to tim.o(i.MX_TIM1_Init) for MX_TIM1_Init
    main.o(i.main) refers to tim.o(i.MX_TIM3_Init) for MX_TIM3_Init
    main.o(i.main) refers to tim.o(i.MX_TIM4_Init) for MX_TIM4_Init
    main.o(i.main) refers to usart.o(i.MX_USART1_UART_Init) for MX_USART1_UART_Init
    main.o(i.main) refers to usart.o(i.MX_USART3_UART_Init) for MX_USART3_UART_Init
    main.o(i.main) refers to sys.o(i.JTAG_Set) for JTAG_Set
    main.o(i.main) refers to delay.o(i.delay_init) for delay_init
    main.o(i.main) refers to key.o(i.KEY_Init) for KEY_Init
    main.o(i.main) refers to mpu6050.o(i.MPU6050_initialize) for MPU6050_initialize
    main.o(i.main) refers to mpu6050.o(i.DMP_Init) for DMP_Init
    main.o(i.main) refers to tim.o(i.MX_TIM2_Init) for MX_TIM2_Init
    main.o(i.main) refers to stm32f1xx_hal_cortex.o(i.HAL_NVIC_EnableIRQ) for HAL_NVIC_EnableIRQ
    main.o(i.main) refers to main.o(.data) for .data
    gpio.o(i.Init_Sensor_Pins) refers to stm32f1xx_hal_gpio.o(i.HAL_GPIO_Init) for HAL_GPIO_Init
    gpio.o(i.MX_GPIO_Init) refers to stm32f1xx_hal_gpio.o(i.HAL_GPIO_WritePin) for HAL_GPIO_WritePin
    gpio.o(i.MX_GPIO_Init) refers to stm32f1xx_hal_gpio.o(i.HAL_GPIO_Init) for HAL_GPIO_Init
    gpio.o(i.MX_GPIO_Init) refers to stm32f1xx_hal_cortex.o(i.HAL_NVIC_SetPriority) for HAL_NVIC_SetPriority
[...]
    __aeabi_memclr4                          0x08000415   Thumb Code     0  rt_memclr_w.o(.text)
    __aeabi_memclr8                          0x08000415   Thumb Code     0  rt_memclr_w.o(.text)
    __rt_memclr_w                            0x08000415   Thumb Code    78  rt_memclr_w.o(.text)
    _memset_w                                0x08000419   Thumb Code     0  rt_memclr_w.o(.text)
    __use_two_region_memory                  0x08000463   Thumb Code     2  heapauxi.o(.text)
    __rt_heap_escrow$2region                 0x08000465   Thumb Code     2  heapauxi.o(.text)
    __rt_heap_expand$2region                 0x08000467   Thumb Code     2  heapauxi.o(.text)
    __aeabi_uldivmod                         0x08000469   Thumb Code     0  lludivv7m.o(.text)
    _ll_udiv                                 0x08000469   Thumb Code   238  lludivv7m.o(.text)
    __read_errno                             0x08000557   Thumb Code    10  _rserrno.o(.text)
    __set_errno                              0x08000561   Thumb Code    12  _rserrno.o(.text)
    _printf_int_common                       0x0800056d   Thumb Code   178  _printf_intcommon.o(.text)
    __lib_sel_fp_printf                      0x0800061f   Thumb Code     2  _printf_fp_dec.o(.text)
    _printf_fp_dec_real                      0x080007d1   Thumb Code   620  _printf_fp_dec.o(.text)
    _printf_char_file                        0x08000a3d   Thumb Code    32  _printf_char_file.o(.text)
    __rt_locale                              0x08000a61   Thumb Code     8  rt_locale_intlibspace.o(.text)
    __aeabi_errno_addr                       0x08000a69   Thumb Code     8  rt_errno_addr_intlibspace.o(.text)
    __errno$intlibspace                      0x08000a69   Thumb Code     0  rt_errno_addr_intlibspace.o(.text)
    __rt_errno_addr$intlibspace              0x08000a69   Thumb Code     0  rt_errno_addr_intlibspace.o(.text)
    _ll_udiv10                               0x08000a71   Thumb Code   138  lludiv10.o(.text)
    _printf_char_common                      0x08000b07   Thumb Code    32  _printf_char_common.o(.text)
    _printf_fp_infnan                        0x08000b2d   Thumb Code   112  _printf_fp_infnan.o(.text)
    _btod_etento                             0x08000bad   Thumb Code   224  bigflt0.o(.text)
    ferror                                   0x08000c91   Thumb Code     8  ferror.o(.text)
    __user_libspace                          0x08000c99   Thumb Code     8  libspace.o(.text)
    __user_perproc_libspace                  0x08000c99   Thumb Code     0  libspace.o(.text)
    __user_perthread_libspace                0x08000c99   Thumb Code     0  libspace.o(.text)
    __user_setup_stackheap                   0x08000ca1   Thumb Code    74  sys_stackheap_outer.o(.text)
    exit                                     0x08000ceb   Thumb Code    18  exit.o(.text)
    strcmp                                   0x08000cfd   Thumb Code   128  strcmpv7m.o(.text)
    _btod_d2e                                0x08000d7d   Thumb Code    62  btod.o(CL$$btod_d2e)
    _d2e_denorm_low                          0x08000dbb   Thumb Code    70  btod.o(CL$$btod_d2e_denorm_low)
    _d2e_norm_op1                            0x08000e01   Thumb Code    96  btod.o(CL$$btod_d2e_norm_op1)
    __btod_div_common                        0x08000e61   Thumb Code   696  btod.o(CL$$btod_div_common)
    _e2e                                     0x08001199   Thumb Code   220  btod.o(CL$$btod_e2e)
    _btod_ediv                               0x08001275   Thumb Code    42  btod.o(CL$$btod_ediv)
    _btod_emul                               0x0800129f   Thumb Code    42  btod.o(CL$$btod_emul)
    __btod_mult_common                       0x080012c9   Thumb Code   580  btod.o(CL$$btod_mult_common)
    ADC_ConversionStop_Disable               0x0800150d   Thumb Code    86  stm32f1xx_hal_adc.o(i.ADC_ConversionStop_Disable)
    BusFault_Handler                         0x08001563   Thumb Code     2  stm32f1xx_it.o(i.BusFault_Handler)
    Complementary_Filter_x                   0x08001565   Thumb Code    56  filter.o(i.Complementary_Filter_x)
    Complementary_Filter_y                   0x080015a9   Thumb Code    56  filter.o(i.Complementary_Filter_y)
    DMP_Init                                 0x080015ed   Thumb Code   222  mpu6050.o(i.DMP_Init)
    DebugMon_Handler                         0x0800181d   Thumb Code     2  stm32f1xx_it.o(i.DebugMon_Handler)
    EXTI15_10_IRQHandler                     0x0800181f   Thumb Code     8  stm32f1xx_it.o(i.EXTI15_10_IRQHandler)
    Error_Handler                            0x08001827   Thumb Code     4  main.o(i.Error_Handler)
    Get_Angle                                0x0800182d   Thumb Code   580  control.o(i.Get_Angle)
    Get_Velocity_Form_Encoder                0x08001aa9   Thumb Code   166  control.o(i.Get_Velocity_Form_Encoder)
    HAL_ADC_ConfigChannel                    0x08001b71   Thumb Code   240  stm32f1xx_hal_adc.o(i.HAL_ADC_ConfigChannel)
    HAL_ADC_Init                             0x08001c6d   Thumb Code   272  stm32f1xx_hal_adc.o(i.HAL_ADC_Init)
    HAL_ADC_MspInit                          0x08001d89   Thumb Code   118  adc.o(i.HAL_ADC_MspInit)
    HAL_DMA_Abort                            0x08001e11   Thumb Code    70  stm32f1xx_hal_dma.o(i.HAL_DMA_Abort)
    HAL_DMA_Abort_IT                         0x08001e59   Thumb Code   148  stm32f1xx_hal_dma.o(i.HAL_DMA_Abort_IT)
    HAL_GPIO_EXTI_Callback                   0x08001ef1   Thumb Code   178  control.o(i.HAL_GPIO_EXTI_Callback)
    HAL_GPIO_EXTI_IRQHandler                 0x08001fcd   Thumb Code    18  stm32f1xx_hal_gpio.o(i.HAL_GPIO_EXTI_IRQHandler)
    HAL_GPIO_Init                            0x08001fe5   Thumb Code   446  stm32f1xx_hal_gpio.o(i.HAL_GPIO_Init)
    HAL_GPIO_WritePin                        0x080021c5   Thumb Code    10  stm32f1xx_hal_gpio.o(i.HAL_GPIO_WritePin)
    HAL_GetTick                              0x080021d1   Thumb Code     6  stm32f1xx_hal.o(i.HAL_GetTick)
    HAL_IncTick                              0x080021dd   Thumb Code    12  stm32f1xx_hal.o(i.HAL_IncTick)
    HAL_Init                                 0x080021ed   Thumb Code    32  stm32f1xx_hal.o(i.HAL_Init)
    HAL_InitTick                             0x08002211   Thumb Code    54  stm32f1xx_hal.o(i.HAL_InitTick)
    HAL_MspInit                              0x08002251   Thumb Code    58  stm32f1xx_hal_msp.o(i.HAL_MspInit)
    HAL_NVIC_DisableIRQ                      0x08002295   Thumb Code    34  stm32f1xx_hal_cortex.o(i.HAL_NVIC_DisableIRQ)
    HAL_NVIC_EnableIRQ                       0x080022b7   Thumb Code    26  stm32f1xx_hal_cortex.o(i.HAL_NVIC_EnableIRQ)
    HAL_NVIC_SetPriority                     0x080022d1   Thumb Code    60  stm32f1xx_hal_cortex.o(i.HAL_NVIC_SetPriority)
    HAL_NVIC_SetPriorityGrouping             0x08002311   Thumb Code    26  stm32f1xx_hal_cortex.o(i.HAL_NVIC_SetPriorityGrouping)
    HAL_RCCEx_PeriphCLKConfig                0x08002335   Thumb Code   224  stm32f1xx_hal_rcc_ex.o(i.HAL_RCCEx_PeriphCLKConfig)
    HAL_RCC_ClockConfig                      0x08002421   Thumb Code   280  stm32f1xx_hal_rcc.o(i.HAL_RCC_ClockConfig)
    HAL_RCC_GetPCLK1Freq                     0x0800254d   Thumb Code    20  stm32f1xx_hal_rcc.o(i.HAL_RCC_GetPCLK1Freq)
    HAL_RCC_GetPCLK2Freq                     0x0800256d   Thumb Code    20  stm32f1xx_hal_rcc.o(i.HAL_RCC_GetPCLK2Freq)
    HAL_RCC_GetSysClockFreq                  0x0800258d   Thumb Code    58  stm32f1xx_hal_rcc.o(i.HAL_RCC_GetSysClockFreq)
    HAL_RCC_OscConfig                        0x080025d9   Thumb Code   778  stm32f1xx_hal_rcc.o(i.HAL_RCC_OscConfig)
    HAL_SYSTICK_Config                       0x080028f9   Thumb Code    40  stm32f1xx_hal_cortex.o(i.HAL_SYSTICK_Config)
    HAL_TIMEx_BreakCallback                  0x08002921   Thumb Code     2  stm32f1xx_hal_tim_ex.o(i.HAL_TIMEx_BreakCallback)
    HAL_TIMEx_CommutCallback                 0x08002923   Thumb Code     2  stm32f1xx_hal_tim_ex.o(i.HAL_TIMEx_CommutCallback)
    HAL_TIMEx_ConfigBreakDeadTime            0x08002925   Thumb Code    84  stm32f1xx_hal_tim_ex.o(i.HAL_TIMEx_ConfigBreakDeadTime)
    HAL_TIMEx_MasterConfigSynchronization    0x08002979   Thumb Code    92  stm32f1xx_hal_tim_ex.o(i.HAL_TIMEx_MasterConfigSynchronization)
    HAL_TIM_Base_Start_IT                    0x080029e1   Thumb Code    76  stm32f1xx_hal_tim.o(i.HAL_TIM_Base_Start_IT)
    HAL_TIM_Encoder_Init                     0x08002a39   Thumb Code   164  stm32f1xx_hal_tim.o(i.HAL_TIM_Encoder_Init)
    HAL_TIM_Encoder_MspInit                  0x08002add   Thumb Code   150  tim.o(i.HAL_TIM_Encoder_MspInit)
    HAL_TIM_Encoder_Start                    0x08002b89   Thumb Code   142  stm32f1xx_hal_tim.o(i.HAL_TIM_Encoder_Start)
    HAL_TIM_IC_CaptureCallback               0x08002c19   Thumb Code   154  tim.o(i.HAL_TIM_IC_CaptureCallback)
    HAL_TIM_IC_ConfigChannel                 0x08002cbd   Thumb Code   292  stm32f1xx_hal_tim.o(i.HAL_TIM_IC_ConfigChannel)
    HAL_TIM_IC_Init                          0x08002de1   Thumb Code    90  stm32f1xx_hal_tim.o(i.HAL_TIM_IC_Init)
    HAL_TIM_IC_MspInit                       0x08002e3d   Thumb Code   112  tim.o(i.HAL_TIM_IC_MspInit)
    HAL_TIM_IC_Start_IT                      0x08002eb5   Thumb Code   216  stm32f1xx_hal_tim.o(i.HAL_TIM_IC_Start_IT)
    HAL_TIM_IRQHandler                       0x08002f99   Thumb Code   358  stm32f1xx_hal_tim.o(i.HAL_TIM_IRQHandler)
    HAL_TIM_MspPostInit                      0x08003101   Thumb Code    64  tim.o(i.HAL_TIM_MspPostInit)
    HAL_TIM_OC_DelayElapsedCallback          0x0800314d   Thumb Code     2  stm32f1xx_hal_tim.o(i.HAL_TIM_OC_DelayElapsedCallback)
    HAL_TIM_PWM_ConfigChannel                0x0800314f   Thumb Code   204  stm32f1xx_hal_tim.o(i.HAL_TIM_PWM_ConfigChannel)
    HAL_TIM_PWM_Init                         0x0800321b   Thumb Code    90  stm32f1xx_hal_tim.o(i.HAL_TIM_PWM_Init)
    HAL_TIM_PWM_MspInit                      0x08003275   Thumb Code    30  tim.o(i.HAL_TIM_PWM_MspInit)
    HAL_TIM_PWM_PulseFinishedCallback        0x0800329d   Thumb Code     2  stm32f1xx_hal_tim.o(i.HAL_TIM_PWM_PulseFinishedCallback)
    HAL_TIM_PWM_Start                        0x080032a1   Thumb Code   144  stm32f1xx_hal_tim.o(i.HAL_TIM_PWM_Start)
    HAL_TIM_PeriodElapsedCallback            0x0800333d   Thumb Code    44  tim.o(i.HAL_TIM_PeriodElapsedCallback)
    HAL_TIM_ReadCapturedValue                0x08003371   Thumb Code    42  stm32f1xx_hal_tim.o(i.HAL_TIM_ReadCapturedValue)
    HAL_TIM_TriggerCallback                  0x0800339b   Thumb Code     2  stm32f1xx_hal_tim.o(i.HAL_TIM_TriggerCallback)
    HAL_UARTEx_RxEventCallback               0x0800339d   Thumb Code     2  stm32f1xx_hal_uart.o(i.HAL_UARTEx_RxEventCallback)
    HAL_UART_ErrorCallback                   0x0800339f   Thumb Code     2  stm32f1xx_hal_uart.o(i.HAL_UART_ErrorCallback)
    HAL_UART_IRQHandler                      0x080033a1   Thumb Code   616  stm32f1xx_hal_uart.o(i.HAL_UART_IRQHandler)
    HAL_UART_Init                            0x0800360d   Thumb Code   100  stm32f1xx_hal_uart.o(i.HAL_UART_Init)
    HAL_UART_MspInit                         0x08003671   Thumb Code   282  usart.o(i.HAL_UART_MspInit)
    HAL_UART_Receive_IT                      0x080037a5   Thumb Code    28  stm32f1xx_hal_uart.o(i.HAL_UART_Receive_IT)
    HAL_UART_RxCpltCallback                  0x080037c1   Thumb Code   736  usart3.o(i.HAL_UART_RxCpltCallback)
    HAL_UART_TxCpltCallback                  0x08003af1   Thumb Code     2  stm32f1xx_hal_uart.o(i.HAL_UART_TxCpltCallback)
    HardFault_Handler                        0x08003af3   Thumb Code     2  stm32f1xx_it.o(i.HardFault_Handler)
    I2C_ReadOneByte                          0x08003af5   Thumb Code    62  ioi2c.o(i.I2C_ReadOneByte)
    IIC_Ack                                  0x08003b35   Thumb Code    54  ioi2c.o(i.IIC_Ack)
    IIC_NAck                                 0x08003b75   Thumb Code    56  ioi2c.o(i.IIC_NAck)
    IIC_Read_Byte                            0x08003bb5   Thumb Code   100  ioi2c.o(i.IIC_Read_Byte)
    IIC_Send_Byte                            0x08003c21   Thumb Code    86  ioi2c.o(i.IIC_Send_Byte)
    IIC_Start                                0x08003c81   Thumb Code    72  ioi2c.o(i.IIC_Start)
    IIC_Stop                                 0x08003cd1   Thumb Code    56  ioi2c.o(i.IIC_Stop)
    IIC_Wait_Ack                             0x08003d11   Thumb Code    80  ioi2c.o(i.IIC_Wait_Ack)
    IICreadByte                              0x08003d69   Thumb Code    14  ioi2c.o(i.IICreadByte)
    IICwriteBit                              0x08003d77   Thumb Code    50  ioi2c.o(i.IICwriteBit)
    IICwriteBits                             0x08003da9   Thumb Code    84  ioi2c.o(i.IICwriteBits)
    IICwriteByte                             0x08003dfd   Thumb Code    12  ioi2c.o(i.IICwriteByte)
    IICwriteBytes                            0x08003e09   Thumb Code    68  ioi2c.o(i.IICwriteBytes)
    Init_Sensor_Pins                         0x08003e4d   Thumb Code   108  gpio.o(i.Init_Sensor_Pins)
    JTAG_Set                                 0x08003ec5   Thumb Code    30  sys.o(i.JTAG_Set)
    KEY_Init                                 0x08003eed   Thumb Code    50  key.o(i.KEY_Init)
    Kalman_Filter_x                          0x08003f29   Thumb Code   330  filter.o(i.Kalman_Filter_x)
    Kalman_Filter_y                          0x08004085   Thumb Code   330  filter.o(i.Kalman_Filter_y)
    Key                                      0x080041e1   Thumb Code    36  control.o(i.Key)
    MPU6050_initialize                       0x08004219   Thumb Code    42  mpu6050.o(i.MPU6050_initialize)
    MPU6050_setClockSource                   0x08004243   Thumb Code    18  mpu6050.o(i.MPU6050_setClockSource)
    MPU6050_setFullScaleAccelRange           0x08004255   Thumb Code    18  mpu6050.o(i.MPU6050_setFullScaleAccelRange)
    MPU6050_setFullScaleGyroRange            0x08004267   Thumb Code    18  mpu6050.o(i.MPU6050_setFullScaleGyroRange)
    MPU6050_setI2CBypassEnabled              0x08004279   Thumb Code    12  mpu6050.o(i.MPU6050_setI2CBypassEnabled)
    MPU6050_setI2CMasterModeEnabled          0x08004285   Thumb Code    12  mpu6050.o(i.MPU6050_setI2CMasterModeEnabled)
    MPU6050_setSleepEnabled                  0x08004291   Thumb Code    12  mpu6050.o(i.MPU6050_setSleepEnabled)
    MX_ADC1_Init                             0x0800429d   Thumb Code    70  adc.o(i.MX_ADC1_Init)
    MX_ADC2_Init                             0x080042ed   Thumb Code    70  adc.o(i.MX_ADC2_Init)
    MX_GPIO_Init                             0x0800433d   Thumb Code   206  gpio.o(i.MX_GPIO_Init)
    MX_TIM1_Init                             0x08004421   Thumb Code   184  tim.o(i.MX_TIM1_Init)
    MX_TIM2_Init                             0x080044e1   Thumb Code   114  tim.o(i.MX_TIM2_Init)
    MX_TIM3_Init                             0x08004559   Thumb Code   112  tim.o(i.MX_TIM3_Init)
    MX_TIM4_Init                             0x080045d1   Thumb Code   112  tim.o(i.MX_TIM4_Init)
    MX_USART1_UART_Init                      0x08004649   Thumb Code    48  usart.o(i.MX_USART1_UART_Init)
    MX_USART3_UART_Init                      0x08004681   Thumb Code    54  usart.o(i.MX_USART3_UART_Init)
    MemManage_Handler                        0x080046c5   Thumb Code     2  stm32f1xx_it.o(i.MemManage_Handler)
    NMI_Handler                              0x080046c7   Thumb Code     2  stm32f1xx_it.o(i.NMI_Handler)
    PWM_Limit                                0x080046c9   Thumb Code    14  control.o(i.PWM_Limit)
    PendSV_Handler                           0x080046d7   Thumb Code     2  stm32f1xx_it.o(i.PendSV_Handler)
    Read_DMP                                 0x080046d9   Thumb Code   424  mpu6050.o(i.Read_DMP)
    Read_Distane                             0x08004889   Thumb Code    60  tim.o(i.Read_Distane)
    Read_Encoder                             0x080048d1   Thumb Code    28  encoder.o(i.Read_Encoder)
    Read_Temperature                         0x080048f5   Thumb Code    80  mpu6050.o(i.Read_Temperature)
    SVC_Handler                              0x08004955   Thumb Code     2  stm32f1xx_it.o(i.SVC_Handler)
    Set_Pwm                                  0x08004959   Thumb Code    74  control.o(i.Set_Pwm)
    SysTick_Handler                          0x080049ad   Thumb Code     4  stm32f1xx_it.o(i.SysTick_Handler)
    SystemClock_Config                       0x080049b1   Thumb Code   120  main.o(i.SystemClock_Config)
    SystemInit                               0x08004a29   Thumb Code     2  system_stm32f1xx.o(i.SystemInit)
    TIM2_IRQHandler                          0x08004a2d   Thumb Code     6  stm32f1xx_it.o(i.TIM2_IRQHandler)
    TIM3_IRQHandler                          0x08004a39   Thumb Code     6  stm32f1xx_it.o(i.TIM3_IRQHandler)
    TIM4_IRQHandler                          0x08004a45   Thumb Code     6  stm32f1xx_it.o(i.TIM4_IRQHandler)
    TIM_Base_SetConfig                       0x08004a51   Thumb Code    94  stm32f1xx_hal_tim.o(i.TIM_Base_SetConfig)
    TIM_CCxChannelCmd                        0x08004abd   Thumb Code    26  stm32f1xx_hal_tim.o(i.TIM_CCxChannelCmd)
    TIM_OC2_SetConfig                        0x08004b29   Thumb Code    84  stm32f1xx_hal_tim.o(i.TIM_OC2_SetConfig)
    TIM_TI1_SetConfig                        0x08004c1d   Thumb Code    76  stm32f1xx_hal_tim.o(i.TIM_TI1_SetConfig)
    UART_Start_Receive_IT                    0x08004e85   Thumb Code    54  stm32f1xx_hal_uart.o(i.UART_Start_Receive_IT)
    USART1_IRQHandler                        0x08004ebd   Thumb Code     6  stm32f1xx_it.o(i.USART1_IRQHandler)
    USART2_IRQHandler                        0x08004ec9   Thumb Code     6  stm32f1xx_it.o(i.USART2_IRQHandler)
    USART3_IRQHandler                        0x08004ed5   Thumb Code     6  stm32f1xx_it.o(i.USART3_IRQHandler)
    UsageFault_Handler                       0x08004ee1   Thumb Code     2  stm32f1xx_it.o(i.UsageFault_Handler)
    Velocity                                 0x08004ee5   Thumb Code   236  control.o(i.Velocity)
    __ARM_fpclassify                         0x0800503d   Thumb Code    40  fpclassify.o(i.__ARM_fpclassify)
    __kernel_poly                            0x08005085   Thumb Code   170  poly.o(i.__kernel_poly)
    __mathlib_dbl_divzero                    0x08005131   Thumb Code    12  dunder.o(i.__mathlib_dbl_divzero)
    __mathlib_dbl_infnan                     0x08005141   Thumb Code     6  dunder.o(i.__mathlib_dbl_infnan)
    __mathlib_dbl_infnan2                    0x08005147   Thumb Code     4  dunder.o(i.__mathlib_dbl_infnan2)
    __mathlib_dbl_invalid                    0x0800514b   Thumb Code    12  dunder.o(i.__mathlib_dbl_invalid)
    __mathlib_dbl_overflow                   0x08005157   Thumb Code    14  dunder.o(i.__mathlib_dbl_overflow)
    __mathlib_dbl_underflow                  0x08005165   Thumb Code    10  dunder.o(i.__mathlib_dbl_underflow)
    _sys_exit                                0x08005175   Thumb Code     2  usart.o(i._sys_exit)
    asin                                     0x080051f9   Thumb Code   572  asin.o(i.asin)
    atan                                     0x08005469   Thumb Code   474  atan.o(i.atan)
    atan2                                    0x08005689   Thumb Code   374  atan2.o(i.atan2)
    click                                    0x08005825   Thumb Code    40  key.o(i.click)
    data_process                             0x08005855   Thumb Code   486  lidar.o(i.data_process)
    delay_init                               0x08005a5d   Thumb Code    26  delay.o(i.delay_init)
    delay_ms                                 0x08005a7d   Thumb Code    46  delay.o(i.delay_ms)
    delay_us                                 0x08005ab1   Thumb Code    46  delay.o(i.delay_us)
    dmp_enable_6x_lp_quat                    0x08005ae5   Thumb Code    58  inv_mpu_dmp_motion_driver.o(i.dmp_enable_6x_lp_quat)
    dmp_enable_feature                       0x08005b21   Thumb Code   464  inv_mpu_dmp_motion_driver.o(i.dmp_enable_feature)
    dmp_enable_gyro_cal                      0x08005cf9   Thumb Code    34  inv_mpu_dmp_motion_driver.o(i.dmp_enable_gyro_cal)
    dmp_enable_lp_quat                       0x08005d35   Thumb Code    58  inv_mpu_dmp_motion_driver.o(i.dmp_enable_lp_quat)
    dmp_load_motion_driver_firmware          0x08005d71   Thumb Code    16  inv_mpu_dmp_motion_driver.o(i.dmp_load_motion_driver_firmware)
    dmp_read_fifo                            0x08005d85   Thumb Code   352  inv_mpu_dmp_motion_driver.o(i.dmp_read_fifo)
    dmp_set_accel_bias                       0x08005ee9   Thumb Code   210  inv_mpu_dmp_motion_driver.o(i.dmp_set_accel_bias)
    dmp_set_fifo_rate                        0x08005fc1   Thumb Code    82  inv_mpu_dmp_motion_driver.o(i.dmp_set_fifo_rate)
    dmp_set_gyro_bias                        0x08006025   Thumb Code   196  inv_mpu_dmp_motion_driver.o(i.dmp_set_gyro_bias)
    dmp_set_orientation                      0x080060f1   Thumb Code   246  inv_mpu_dmp_motion_driver.o(i.dmp_set_orientation)
    dmp_set_shake_reject_thresh              0x080061fd   Thumb Code    48  inv_mpu_dmp_motion_driver.o(i.dmp_set_shake_reject_thresh)
    dmp_set_shake_reject_time                0x0800622d   Thumb Code    32  inv_mpu_dmp_motion_driver.o(i.dmp_set_shake_reject_time)
    dmp_set_shake_reject_timeout             0x0800624d   Thumb Code    32  inv_mpu_dmp_motion_driver.o(i.dmp_set_shake_reject_timeout)
    dmp_set_tap_axes                         0x0800626d   Thumb Code    64  inv_mpu_dmp_motion_driver.o(i.dmp_set_tap_axes)
    dmp_set_tap_count                        0x080062ad   Thumb Code    34  inv_mpu_dmp_motion_driver.o(i.dmp_set_tap_count)
    dmp_set_tap_thresh                       0x080062d1   Thumb Code   274  inv_mpu_dmp_motion_driver.o(i.dmp_set_tap_thresh)
    dmp_set_tap_time                         0x080063f9   Thumb Code    32  inv_mpu_dmp_motion_driver.o(i.dmp_set_tap_time)
    dmp_set_tap_time_multi                   0x08006419   Thumb Code    32  inv_mpu_dmp_motion_driver.o(i.dmp_set_tap_time_multi)
    fputc                                    0x08006439   Thumb Code    44  usart.o(i.fputc)
    i2cRead                                  0x08006905   Thumb Code   112  ioi2c.o(i.i2cRead)
    i2cWrite                                 0x08006975   Thumb Code    84  ioi2c.o(i.i2cWrite)
    main                                     0x08006a11   Thumb Code   122  main.o(i.main)
    mpu_configure_fifo                       0x08006a95   Thumb Code    78  inv_mpu.o(i.mpu_configure_fifo)
    mpu_get_accel_fsr                        0x08006ae9   Thumb Code    54  inv_mpu.o(i.mpu_get_accel_fsr)
    mpu_get_accel_sens                       0x08006b25   Thumb Code    62  inv_mpu.o(i.mpu_get_accel_sens)
    mpu_get_gyro_fsr                         0x08006b69   Thumb Code    48  inv_mpu.o(i.mpu_get_gyro_fsr)
    mpu_get_gyro_sens                        0x08006b9d   Thumb Code    44  inv_mpu.o(i.mpu_get_gyro_sens)
    mpu_get_lpf                              0x08006bdd   Thumb Code    52  inv_mpu.o(i.mpu_get_lpf)
    mpu_get_sample_rate                      0x08006c15   Thumb Code    22  inv_mpu.o(i.mpu_get_sample_rate)
    mpu_init                                 0x08006c31   Thumb Code   310  inv_mpu.o(i.mpu_init)
    mpu_load_firmware                        0x08006db9   Thumb Code   154  inv_mpu.o(i.mpu_load_firmware)
    mpu_lp_accel_mode                        0x08006e59   Thumb Code   178  inv_mpu.o(i.mpu_lp_accel_mode)
    mpu_read_fifo_stream                     0x08006f11   Thumb Code   140  inv_mpu.o(i.mpu_read_fifo_stream)
    mpu_read_mem                             0x08006fa1   Thumb Code    80  inv_mpu.o(i.mpu_read_mem)
    mpu_reset_fifo                           0x08006ff5   Thumb Code   330  inv_mpu.o(i.mpu_reset_fifo)
    mpu_run_self_test                        0x08007145   Thumb Code   234  inv_mpu.o(i.mpu_run_self_test)
    mpu_set_accel_fsr                        0x08007235   Thumb Code    98  inv_mpu.o(i.mpu_set_accel_fsr)
    mpu_set_bypass                           0x0800729d   Thumb Code   214  inv_mpu.o(i.mpu_set_bypass)
    mpu_set_dmp_state                        0x08007379   Thumb Code   114  inv_mpu.o(i.mpu_set_dmp_state)
    mpu_set_gyro_fsr                         0x080073f1   Thumb Code   104  inv_mpu.o(i.mpu_set_gyro_fsr)
    mpu_set_int_latched                      0x0800745d   Thumb Code    94  inv_mpu.o(i.mpu_set_int_latched)
    mpu_set_lpf                              0x080074c1   Thumb Code   102  inv_mpu.o(i.mpu_set_lpf)
    mpu_set_sample_rate                      0x0800752d   Thumb Code   124  inv_mpu.o(i.mpu_set_sample_rate)
    mpu_set_sensors                          0x080075ad   Thumb Code   178  inv_mpu.o(i.mpu_set_sensors)
    mpu_write_mem                            0x08007665   Thumb Code    80  inv_mpu.o(i.mpu_write_mem)
    myabs                                    0x080076b9   Thumb Code     8  control.o(i.myabs)
    myget_ms                                 0x080076c1   Thumb Code     2  inv_mpu.o(i.myget_ms)
    pow                                      0x080076c5   Thumb Code  2512  pow.o(i.pow)
    sqrt                                     0x08008171   Thumb Code    76  sqrt.o(i.sqrt)
    _get_lc_numeric                          0x080081bd   Thumb Code    44  lc_numeric_c.o(locale$$code)
    __aeabi_d2f                              0x080081e9   Thumb Code     0  d2f.o(x$fpl$d2f)
    _d2f                                     0x080081e9   Thumb Code    98  d2f.o(x$fpl$d2f)
    __aeabi_dadd                             0x0800824d   Thumb Code     0  daddsub_clz.o(x$fpl$dadd)
    _dadd                                    0x0800824d   Thumb Code   332  daddsub_clz.o(x$fpl$dadd)
    __fpl_dcheck_NaN1                        0x0800839d   Thumb Code    10  dcheck1.o(x$fpl$dcheck1)
    __fpl_dcmp_Inf                           0x080083ad   Thumb Code    24  dcmpi.o(x$fpl$dcmpinf)
    __aeabi_ddiv                             0x080083c5   Thumb Code     0  ddiv.o(x$fpl$ddiv)
    _ddiv                                    0x080083c5   Thumb Code   552  ddiv.o(x$fpl$ddiv)
    __aeabi_cdcmpeq                          0x08008675   Thumb Code     0  deqf.o(x$fpl$deqf)
    _dcmpeq                                  0x08008675   Thumb Code   120  deqf.o(x$fpl$deqf)
    __aeabi_i2d                              0x080086ed   Thumb Code     0  dflt_clz.o(x$fpl$dflt)
    _dflt                                    0x080086ed   Thumb Code    46  dflt_clz.o(x$fpl$dflt)
    __aeabi_ui2d                             0x0800871b   Thumb Code     0  dflt_clz.o(x$fpl$dfltu)
    _dfltu                                   0x0800871b   Thumb Code    38  dflt_clz.o(x$fpl$dfltu)
    __aeabi_cdcmple                          0x08008741   Thumb Code     0  dleqf.o(x$fpl$dleqf)
    _dcmple                                  0x08008741   Thumb Code   120  dleqf.o(x$fpl$dleqf)
    __fpl_dcmple_InfNaN                      0x080087a3   Thumb Code     0  dleqf.o(x$fpl$dleqf)
    __aeabi_dmul                             0x080087b9   Thumb Code     0  dmul.o(x$fpl$dmul)
    _dmul                                    0x080087b9   Thumb Code   332  dmul.o(x$fpl$dmul)
    __fpl_dnaninf                            0x0800890d   Thumb Code   156  dnaninf.o(x$fpl$dnaninf)
    __fpl_dretinf                            0x080089a9   Thumb Code    12  dretinf.o(x$fpl$dretinf)
    __aeabi_cdrcmple                         0x080089b5   Thumb Code     0  drleqf.o(x$fpl$drleqf)
    _drcmple                                 0x080089b5   Thumb Code   108  drleqf.o(x$fpl$drleqf)
    __aeabi_drsub                            0x08008a21   Thumb Code     0  daddsub_clz.o(x$fpl$drsb)
    _drsb                                    0x08008a21   Thumb Code    22  daddsub_clz.o(x$fpl$drsb)
    _dsqrt                                   0x08008a39   Thumb Code   456  dsqrt_noumaal.o(x$fpl$dsqrt)
    __aeabi_dsub                             0x08008c05   Thumb Code     0  daddsub_clz.o(x$fpl$dsub)
    _dsub                                    0x08008c05   Thumb Code   464  daddsub_clz.o(x$fpl$dsub)
    __aeabi_f2d                              0x08008dd9   Thumb Code     0  f2d.o(x$fpl$f2d)
    _f2d                                     0x08008dd9   Thumb Code    86  f2d.o(x$fpl$f2d)
    __aeabi_fadd                             0x08008e31   Thumb Code     0  faddsub_clz.o(x$fpl$fadd)
    _fadd                                    0x08008e31   Thumb Code   196  faddsub_clz.o(x$fpl$fadd)
    __fpl_fcheck_NaN1                        0x08008ef5   Thumb Code     6  fcheck1.o(x$fpl$fcheck1)
    __aeabi_fdiv                             0x08008f01   Thumb Code     0  fdiv.o(x$fpl$fdiv)
    _fdiv                                    0x08008f01   Thumb Code   384  fdiv.o(x$fpl$fdiv)
    __aeabi_f2iz                             0x08009085   Thumb Code     0  ffix.o(x$fpl$ffix)
    _ffix                                    0x08009085   Thumb Code    54  ffix.o(x$fpl$ffix)
    __aeabi_f2uiz                            0x080090bd   Thumb Code     0  ffixu.o(x$fpl$ffixu)
    _ffixu                                   0x080090bd   Thumb Code    62  ffixu.o(x$fpl$ffixu)
    __aeabi_i2f                              0x080090fd   Thumb Code     0  fflt_clz.o(x$fpl$fflt)
    _fflt                                    0x080090fd   Thumb Code    48  fflt_clz.o(x$fpl$fflt)
    __aeabi_ui2f                             0x0800912d   Thumb Code     0  fflt_clz.o(x$fpl$ffltu)
    _ffltu                                   0x0800912d   Thumb Code    38  fflt_clz.o(x$fpl$ffltu)
    __aeabi_fmul                             0x08009155   Thumb Code     0  fmul.o(x$fpl$fmul)
    _fmul                                    0x08009155   Thumb Code   258  fmul.o(x$fpl$fmul)
    __fpl_fnaninf                            0x08009257   Thumb Code   140  fnaninf.o(x$fpl$fnaninf)
    __fpl_fretinf                            0x080092e3   Thumb Code    10  fretinf.o(x$fpl$fretinf)
    __aeabi_frsub                            0x080092ed   Thumb Code     0  faddsub_clz.o(x$fpl$frsb)
    _frsb                                    0x080092ed   Thumb Code    20  faddsub_clz.o(x$fpl$frsb)
    __aeabi_fsub                             0x08009301   Thumb Code     0  faddsub_clz.o(x$fpl$fsub)
    _fsub                                    0x08009301   Thumb Code   234  faddsub_clz.o(x$fpl$fsub)
    _printf_fp_dec                           0x080093eb   Thumb Code     4  printf1.o(x$fpl$printf1)
    __fpl_return_NaN                         0x080093ef   Thumb Code   100  retnan.o(x$fpl$retnan)
    __ARM_scalbn                             0x08009453   Thumb Code    92  scalbn.o(x$fpl$scalbn)
    __ARM_scalbnf                            0x080094af   Thumb Code    76  scalbnf.o(x$fpl$scalbnf)
    __fpl_cmpreturn                          0x080094fb   Thumb Code    48  trapv.o(x$fpl$trapveneer)
    __I$use$fp                               0x0800952a   Number         0  usenofp.o(x$fpl$usenofp)
    AHBPrescTable                            0x0800953c   Data          16  system_stm32f1xx.o(.constdata)
    APBPrescTable                            0x0800954c   Data           8  system_stm32f1xx.o(.constdata)
    hw                                       0x08009554   Data          12  inv_mpu.o(.constdata)
    reg                                      0x08009560   Data          27  inv_mpu.o(.constdata)
    test                                     0x0800957c   Data          40  inv_mpu.o(.constdata)
    __mathlib_zero                           0x0800a310   Data           8  qnan.o(.constdata)
    Region$$Table$$Base                      0x0800a3fc   Number         0  anon$$obj.o(Region$$Table)
    Region$$Table$$Limit                     0x0800a41c   Number         0  anon$$obj.o(Region$$Table)
    Way_Angle                                0x20000000   Data           1  main.o(.data)
    Flag_velocity                            0x20000001   Data           1  main.o(.data)
    Flag_Stop                                0x20000002   Data           1  main.o(.data)
    Flag_Show                                0x20000003   Data           1  main.o(.data)
    Mode                                     0x20000004   Data           1  main.o(.data)
    delay_flag                               0x20000005   Data           1  main.o(.data)
    delay_50                                 0x20000006   Data           1  main.o(.data)
    Balance_Kp                               0x20000008   Data           4  main.o(.data)
    Balance_Kd                               0x2000000c   Data           4  main.o(.data)
    Velocity_Kp                              0x20000010   Data           4  main.o(.data)
    Velocity_Ki                              0x20000014   Data           4  main.o(.data)
    Turn_Kp                                  0x20000018   Data           4  main.o(.data)
    Turn_Kd                                  0x2000001c   Data           4  main.o(.data)
    Target_Velocity                          0x20000020   Data           4  main.o(.data)
    Flag_front                               0x20000024   Data           1  main.o(.data)
    Flag_back                                0x20000025   Data           1  main.o(.data)
    Flag_Left                                0x20000026   Data           1  main.o(.data)
    Flag_Right                               0x20000027   Data           1  main.o(.data)
    Motor_Left                               0x20000028   Data           4  main.o(.data)
    Motor_Right                              0x2000002c   Data           4  main.o(.data)
    Temperature                              0x20000030   Data           4  main.o(.data)
    Angle_Balance                            0x20000034   Data           4  main.o(.data)
    Gyro_Balance                             0x20000038   Data           4  main.o(.data)
    Gyro_Turn                                0x2000003c   Data           4  main.o(.data)
    LD_Successful_Receive_flag               0x20000040   Data           1  main.o(.data)
    Distance                                 0x20000044   Data           4  main.o(.data)
    PID_Send                                 0x20000048   Data           1  main.o(.data)
    Acceleration_Z                           0x2000004c   Data           4  main.o(.data)
    TIM2CH2_CAPTURE_STA                      0x20000050   Data           2  tim.o(.data)
    TIM2CH2_CAPTURE_VAL                      0x20000052   Data           2  tim.o(.data)
    __stdout                                 0x20000054   Data           4  usart.o(.data)
    uwTickFreq                               0x20000058   Data           1  stm32f1xx_hal.o(.data)
    uwTickPrio                               0x2000005c   Data           4  stm32f1xx_hal.o(.data)
    uwTick                                   0x20000060   Data           4  stm32f1xx_hal.o(.data)
    SystemCoreClock                          0x20000064   Data           4  system_stm32f1xx.o(.data)
    Usart2_Receive_buf                       0x2000007a   Data           1  usart3.o(.data)
    Usart3_Receive_buf                       0x2000007b   Data           1  usart3.o(.data)
    Usart3_Receive                           0x2000007c   Data           1  usart3.o(.data)
    Follow_KP                                0x2000008c   Data           4  lidar.o(.data)
    Follow_KD                                0x20000090   Data           4  lidar.o(.data)
    Follow_KI                                0x20000094   Data           4  lidar.o(.data)
    dt                                       0x20000104   Data           4  filter.o(.data)
    sensors                                  0x200001b4   Data           2  mpu6050.o(.data)
    q0                                       0x200001b8   Data           4  mpu6050.o(.data)
    q1                                       0x200001bc   Data           4  mpu6050.o(.data)
    q2                                       0x200001c0   Data           4  mpu6050.o(.data)
    q3                                       0x200001c4   Data           4  mpu6050.o(.data)
    Roll                                     0x200001c8   Data           4  mpu6050.o(.data)
    Pitch                                    0x200001cc   Data           4  mpu6050.o(.data)
    Yaw                                      0x200001d0   Data           4  mpu6050.o(.data)
    gyro                                     0x200001d4   Data           6  mpu6050.o(.data)
    accel                                    0x200001da   Data           6  mpu6050.o(.data)
    Velocity_Left                            0x200001f0   Data           4  show.o(.data)
    Velocity_Right                           0x200001f4   Data           4  show.o(.data)
    hadc1                                    0x200001f8   Data          48  adc.o(.bss)
    hadc2                                    0x20000228   Data          48  adc.o(.bss)
    htim1                                    0x20000258   Data          72  tim.o(.bss)
    htim2                                    0x200002a0   Data          72  tim.o(.bss)
    htim3                                    0x200002e8   Data          72  tim.o(.bss)
    htim4                                    0x20000330   Data          72  tim.o(.bss)
    huart1                                   0x20000378   Data          72  usart.o(.bss)
    huart2                                   0x200003c0   Data          72  usart.o(.bss)
    huart3                                   0x20000408   Data          72  usart.o(.bss)
    PointDataProcess                         0x20000484   Data        1800  lidar.o(.bss)
    Pack_Data                                0x20000b8c   Data          58  lidar.o(.bss)
    Dataprocess                              0x20000bc8   Data        1800  lidar.o(.bss)
    __libspace_start                         0x20001300   Data          96  libspace.o(.bss)
    __temporary_stack_top$libspace           0x20001360   Data           0  libspace.o(.bss)



==============================================================================

Memory Map of the image

  Image Entry point : 0x080000ed

  Load Region LR_IROM1 (Base: 0x08000000, Size: 0x0000a630, Max: 0x00010000, ABSOLUTE, COMPRESSED[0x0000a48c])

    Execution Region ER_IROM1 (Exec base: 0x08000000, Load base: 0x08000000, Size: 0x0000a438, Max: 0x00010000, ABSOLUTE)

    Exec Addr    Load Addr    Size         Type   Attr      Idx    E Section Name        Object

    0x08000000   0x08000000   0x000000ec   Data   RO            3    RESET               startup_stm32f103xb.o
    0x080000ec   0x080000ec   0x00000008   Code   RO         4981  * !!!main             c_w.l(__main.o)
    0x080000f4   0x080000f4   0x00000034   Code   RO         5371    !!!scatter          c_w.l(__scatter.o)
    0x08000128   0x08000128   0x0000005a   Code   RO         5369    !!dczerorl2         c_w.l(__dczerorl2.o)
    0x08000182   0x08000182   0x00000002   PAD
    0x08000184   0x08000184   0x0000001c   Code   RO         5373    !!handler_zi        c_w.l(__scatter_zi.o)
    0x080001a0   0x080001a0   0x00000000   Code   RO         4970    .ARM.Collect$$_printf_percent$$00000000  c_w.l(_printf_percent.o)
    0x080001a0   0x080001a0   0x00000006   Code   RO         4969    .ARM.Collect$$_printf_percent$$00000003  c_w.l(_printf_f.o)
    0x080001a6   0x080001a6   0x00000006   Code   RO         4968    .ARM.Collect$$_printf_percent$$00000009  c_w.l(_printf_d.o)
    0x080001ac   0x080001ac   0x00000004   Code   RO         5084    .ARM.Collect$$_printf_percent$$00000017  c_w.l(_printf_percent_end.o)
    0x080001b0   0x080001b0   0x00000002   Code   RO         5236    .ARM.Collect$$libinit$$00000000  c_w.l(libinit.o)
    0x080001b2   0x080001b2   0x00000000   Code   RO         5238    .ARM.Collect$$libinit$$00000002  c_w.l(libinit2.o)
    0x080001b2   0x080001b2   0x00000000   Code   RO         5240    .ARM.Collect$$libinit$$00000004  c_w.l(libinit2.o)
    0x080001b2   0x080001b2   0x00000000   Code   RO         5243    .ARM.Collect$$libinit$$0000000A  c_w.l(libinit2.o)
    0x080001b2   0x080001b2   0x00000000   Code   RO         5245    .ARM.Collect$$libinit$$0000000C  c_w.l(libinit2.o)
    0x080001b2   0x080001b2   0x00000000   Code   RO         5247    .ARM.Collect$$libinit$$0000000E  c_w.l(libinit2.o)
    0x080001b2   0x080001b2   0x00000006   Code   RO         5248    .ARM.Collect$$libinit$$0000000F  c_w.l(libinit2.o)
    0x080001b8   0x080001b8   0x00000000   Code   RO         5250    .ARM.Collect$$libinit$$00000011  c_w.l(libinit2.o)
    0x080001b8   0x080001b8   0x00000000   Code   RO         5252    .ARM.Collect$$libinit$$00000013  c_w.l(libinit2.o)
    0x080001b8   0x080001b8   0x00000000   Code   RO         5254    .ARM.Collect$$libinit$$00000015  c_w.l(libinit2.o)
    0x080001b8   0x080001b8   0x0000000a   Code   RO         5255    .ARM.Collect$$libinit$$00000016  c_w.l(libinit2.o)
    0x080001c2   0x080001c2   0x00000000   Code   RO         5256    .ARM.Collect$$libinit$$00000017  c_w.l(libinit2.o)
    0x080001c2   0x080001c2   0x00000000   Code   RO         5258    .ARM.Collect$$libinit$$00000019  c_w.l(libinit2.o)
    0x080001c2   0x080001c2   0x00000000   Code   RO         5260    .ARM.Collect$$libinit$$0000001B  c_w.l(libinit2.o)
    0x080001c2   0x080001c2   0x00000000   Code   RO         5262    .ARM.Collect$$libinit$$0000001D  c_w.l(libinit2.o)
    0x080001c2   0x080001c2   0x00000000   Code   RO         5264    .ARM.Collect$$libinit$$0000001F  c_w.l(libinit2.o)
    0x080001c2   0x080001c2   0x00000000   Code   RO         5266    .ARM.Collect$$libinit$$00000021  c_w.l(libinit2.o)
    0x080001c2   0x080001c2   0x00000000   Code   RO         5268    .ARM.Collect$$libinit$$00000023  c_w.l(libinit2.o)
    0x080001c2   0x080001c2   0x00000000   Code   RO         5270    .ARM.Collect$$libinit$$00000025  c_w.l(libinit2.o)
    0x080001c2   0x080001c2   0x00000000   Code   RO         5274    .ARM.Collect$$libinit$$0000002C  c_w.l(libinit2.o)
    0x080001c2   0x080001c2   0x00000000   Code   RO         5276    .ARM.Collect$$libinit$$0000002E  c_w.l(libinit2.o)
    0x080001c2   0x080001c2   0x00000000   Code   RO         5278    .ARM.Collect$$libinit$$00000030  c_w.l(libinit2.o)
    0x080001c2   0x080001c2   0x00000000   Code   RO         5280    .ARM.Collect$$libinit$$00000032  c_w.l(libinit2.o)
    0x080001c2   0x080001c2   0x00000002   Code   RO         5281    .ARM.Collect$$libinit$$00000033  c_w.l(libinit2.o)
    0x080001c4   0x080001c4   0x00000002   Code   RO         5325    .ARM.Collect$$libshutdown$$00000000  c_w.l(libshutdown.o)
    0x080001c6   0x080001c6   0x00000000   Code   RO         5336    .ARM.Collect$$libshutdown$$00000002  c_w.l(libshutdown2.o)
    0x080001c6   0x080001c6   0x00000000   Code   RO         5338    .ARM.Collect$$libshutdown$$00000004  c_w.l(libshutdown2.o)
    0x080001c6   0x080001c6   0x00000000   Code   RO         5340    .ARM.Collect$$libshutdown$$00000006  c_w.l(libshutdown2.o)
    0x080001c6   0x080001c6   0x00000000   Code   RO         5343    .ARM.Collect$$libshutdown$$00000009  c_w.l(libshutdown2.o)
    0x080001c6   0x080001c6   0x00000000   Code   RO         5346    .ARM.Collect$$libshutdown$$0000000C  c_w.l(libshutdown2.o)
    0x080001c6   0x080001c6   0x00000000   Code   RO         5348    .ARM.Collect$$libshutdown$$0000000E  c_w.l(libshutdown2.o)
    0x080001c6   0x080001c6   0x00000000   Code   RO         5351    .ARM.Collect$$libshutdown$$00000011  c_w.l(libshutdown2.o)
    0x080001c6   0x080001c6   0x00000002   Code   RO         5352    .ARM.Collect$$libshutdown$$00000012  c_w.l(libshutdown2.o)
    0x080001c8   0x080001c8   0x00000000   Code   RO         5073    .ARM.Collect$$rtentry$$00000000  c_w.l(__rtentry.o)
    0x080001c8   0x080001c8   0x00000000   Code   RO         5142    .ARM.Collect$$rtentry$$00000002  c_w.l(__rtentry2.o)
    0x080001c8   0x080001c8   0x00000006   Code   RO         5154    .ARM.Collect$$rtentry$$00000004  c_w.l(__rtentry4.o)
    0x080001ce   0x080001ce   0x00000000   Code   RO         5144    .ARM.Collect$$rtentry$$00000009  c_w.l(__rtentry2.o)
    0x080001ce   0x080001ce   0x00000004   Code   RO         5145    .ARM.Collect$$rtentry$$0000000A  c_w.l(__rtentry2.o)
    0x080001d2   0x080001d2   0x00000000   Code   RO         5147    .ARM.Collect$$rtentry$$0000000C  c_w.l(__rtentry2.o)
    0x080001d2   0x080001d2   0x00000008   Code   RO         5148    .ARM.Collect$$rtentry$$0000000D  c_w.l(__rtentry2.o)
    0x080001da   0x080001da   0x00000002   Code   RO         5284    .ARM.Collect$$rtexit$$00000000  c_w.l(rtexit.o)
    0x080001dc   0x080001dc   0x00000000   Code   RO         5295    .ARM.Collect$$rtexit$$00000002  c_w.l(rtexit2.o)
    0x080001dc   0x080001dc   0x00000004   Code   RO         5296    .ARM.Collect$$rtexit$$00000003  c_w.l(rtexit2.o)
    0x080001e0   0x080001e0   0x00000006   Code   RO         5297    .ARM.Collect$$rtexit$$00000004  c_w.l(rtexit2.o)
    0x080001e6   0x080001e6   0x00000002   PAD
    0x080001e8   0x080001e8   0x00000040   Code   RO            4    .text               startup_stm32f103xb.o
    0x08000228   0x08000228   0x00000048   Code   RO         4938    .text               c_w.l(llsdiv.o)
    0x08000270   0x08000270   0x00000018   Code   RO         4942    .text               c_w.l(noretval__2printf.o)
    0x08000288   0x08000288   0x00000068   Code   RO         4944    .text               c_w.l(__printf.o)
    0x080002f0   0x080002f0   0x00000078   Code   RO         4946    .text               c_w.l(_printf_dec.o)
    0x08000368   0x08000368   0x00000058   Code   RO         4971    .text               c_w.l(memcmp.o)
    0x080003c0   0x080003c0   0x00000010   Code   RO         4973    .text               c_w.l(aeabi_memset.o)
    0x080003d0   0x080003d0   0x00000044   Code   RO         4975    .text               c_w.l(rt_memclr.o)
    0x08000414   0x08000414   0x0000004e   Code   RO         4977    .text               c_w.l(rt_memclr_w.o)
    0x08000462   0x08000462   0x00000006   Code   RO         4979    .text               c_w.l(heapauxi.o)
    0x08000468   0x08000468   0x000000ee   Code   RO         5074    .text               c_w.l(lludivv7m.o)
    0x08000556   0x08000556   0x00000016   Code   RO         5076    .text               c_w.l(_rserrno.o)
    0x0800056c   0x0800056c   0x000000b2   Code   RO         5078    .text               c_w.l(_printf_intcommon.o)
    0x0800061e   0x0800061e   0x0000041e   Code   RO         5080    .text               c_w.l(_printf_fp_dec.o)
    0x08000a3c   0x08000a3c   0x00000024   Code   RO         5082    .text               c_w.l(_printf_char_file.o)
    0x08000a60   0x08000a60   0x00000008   Code   RO         5163    .text               c_w.l(rt_locale_intlibspace.o)
    0x08000a68   0x08000a68   0x00000008   Code   RO         5168    .text               c_w.l(rt_errno_addr_intlibspace.o)
    0x08000a70   0x08000a70   0x0000008a   Code   RO         5170    .text               c_w.l(lludiv10.o)
    0x08000afa   0x08000afa   0x00000002   PAD
    0x08000afc   0x08000afc   0x00000030   Code   RO         5172    .text               c_w.l(_printf_char_common.o)
    0x08000b2c   0x08000b2c   0x00000080   Code   RO         5174    .text               c_w.l(_printf_fp_infnan.o)
    0x08000bac   0x08000bac   0x000000e4   Code   RO         5176    .text               c_w.l(bigflt0.o)
    0x08000c90   0x08000c90   0x00000008   Code   RO         5201    .text               c_w.l(ferror.o)
    0x08000c98   0x08000c98   0x00000008   Code   RO         5218    .text               c_w.l(libspace.o)
    0x08000ca0   0x08000ca0   0x0000004a   Code   RO         5221    .text               c_w.l(sys_stackheap_outer.o)
    0x08000cea   0x08000cea   0x00000012   Code   RO         5227    .text               c_w.l(exit.o)
    0x08000cfc   0x08000cfc   0x00000080   Code   RO         5229    .text               c_w.l(strcmpv7m.o)
    0x08000d7c   0x08000d7c   0x0000003e   Code   RO         5179    CL$$btod_d2e        c_w.l(btod.o)
    0x08000dba   0x08000dba   0x00000046   Code   RO         5181    CL$$btod_d2e_denorm_low  c_w.l(btod.o)
    0x08000e00   0x08000e00   0x00000060   Code   RO         5180    CL$$btod_d2e_norm_op1  c_w.l(btod.o)
    0x08000e60   0x08000e60   0x00000338   Code   RO         5189    CL$$btod_div_common  c_w.l(btod.o)
    0x08001198   0x08001198   0x000000dc   Code   RO         5186    CL$$btod_e2e        c_w.l(btod.o)
    0x08001274   0x08001274   0x0000002a   Code   RO         5183    CL$$btod_ediv       c_w.l(btod.o)
    0x0800129e   0x0800129e   0x0000002a   Code   RO         5182    CL$$btod_emul       c_w.l(btod.o)
    0x080012c8   0x080012c8   0x00000244   Code   RO         5188    CL$$btod_mult_common  c_w.l(btod.o)
    0x0800150c   0x0800150c   0x00000056   Code   RO          898    i.ADC_ConversionStop_Disable  stm32f1xx_hal_adc.o
    0x08001562   0x08001562   0x00000002   Code   RO          721    i.BusFault_Handler  stm32f1xx_it.o
    0x08001564   0x08001564   0x00000044   Code   RO         4223    i.Complementary_Filter_x  filter.o
    0x080015a8   0x080015a8   0x00000044   Code   RO         4224    i.Complementary_Filter_y  filter.o
    0x080015ec   0x080015ec   0x00000230   Code   RO         4740    i.DMP_Init          mpu6050.o
    0x0800181c   0x0800181c   0x00000002   Code   RO          722    i.DebugMon_Handler  stm32f1xx_it.o
    0x0800181e   0x0800181e   0x00000008   Code   RO          723    i.EXTI15_10_IRQHandler  stm32f1xx_it.o
    0x08001826   0x08001826   0x00000004   Code   RO           13    i.Error_Handler     main.o
    0x0800182a   0x0800182a   0x00000002   PAD
    0x0800182c   0x0800182c   0x0000027c   Code   RO         4047    i.Get_Angle         control.o
    0x08001aa8   0x08001aa8   0x000000c8   Code   RO         4048    i.Get_Velocity_Form_Encoder  control.o
    0x08001b70   0x08001b70   0x000000fc   Code   RO          904    i.HAL_ADC_ConfigChannel  stm32f1xx_hal_adc.o
    0x08001c6c   0x08001c6c   0x0000011c   Code   RO          913    i.HAL_ADC_Init      stm32f1xx_hal_adc.o
    0x08001d88   0x08001d88   0x00000088   Code   RO          485    i.HAL_ADC_MspInit   adc.o
    0x08001e10   0x08001e10   0x00000046   Code   RO         1555    i.HAL_DMA_Abort     stm32f1xx_hal_dma.o
    0x08001e56   0x08001e56   0x00000002   PAD
    0x08001e58   0x08001e58   0x00000098   Code   RO         1556    i.HAL_DMA_Abort_IT  stm32f1xx_hal_dma.o
    0x08001ef0   0x08001ef0   0x000000dc   Code   RO         4049    i.HAL_GPIO_EXTI_Callback  control.o
    0x08001fcc   0x08001fcc   0x00000018   Code   RO         1490    i.HAL_GPIO_EXTI_IRQHandler  stm32f1xx_hal_gpio.o
    0x08001fe4   0x08001fe4   0x000001e0   Code   RO         1491    i.HAL_GPIO_Init     stm32f1xx_hal_gpio.o
    0x080021c4   0x080021c4   0x0000000a   Code   RO         1495    i.HAL_GPIO_WritePin  stm32f1xx_hal_gpio.o
    0x080021ce   0x080021ce   0x00000002   PAD
    0x080021d0   0x080021d0   0x0000000c   Code   RO         1185    i.HAL_GetTick       stm32f1xx_hal.o
    0x080021dc   0x080021dc   0x00000010   Code   RO         1191    i.HAL_IncTick       stm32f1xx_hal.o
    0x080021ec   0x080021ec   0x00000024   Code   RO         1192    i.HAL_Init          stm32f1xx_hal.o
    0x08002210   0x08002210   0x00000040   Code   RO         1193    i.HAL_InitTick      stm32f1xx_hal.o
    0x08002250   0x08002250   0x00000044   Code   RO          838    i.HAL_MspInit       stm32f1xx_hal_msp.o
    0x08002294   0x08002294   0x00000022   Code   RO         1650    i.HAL_NVIC_DisableIRQ  stm32f1xx_hal_cortex.o
    0x080022b6   0x080022b6   0x0000001a   Code   RO         1651    i.HAL_NVIC_EnableIRQ  stm32f1xx_hal_cortex.o
    0x080022d0   0x080022d0   0x00000040   Code   RO         1657    i.HAL_NVIC_SetPriority  stm32f1xx_hal_cortex.o
    0x08002310   0x08002310   0x00000024   Code   RO         1658    i.HAL_NVIC_SetPriorityGrouping  stm32f1xx_hal_cortex.o
    0x08002334   0x08002334   0x000000ec   Code   RO         1453    i.HAL_RCCEx_PeriphCLKConfig  stm32f1xx_hal_rcc_ex.o
    0x08002420   0x08002420   0x0000012c   Code   RO         1349    i.HAL_RCC_ClockConfig  stm32f1xx_hal_rcc.o
    0x0800254c   0x0800254c   0x00000020   Code   RO         1356    i.HAL_RCC_GetPCLK1Freq  stm32f1xx_hal_rcc.o
    0x0800256c   0x0800256c   0x00000020   Code   RO         1357    i.HAL_RCC_GetPCLK2Freq  stm32f1xx_hal_rcc.o
    0x0800258c   0x0800258c   0x0000004c   Code   RO         1358    i.HAL_RCC_GetSysClockFreq  stm32f1xx_hal_rcc.o
    0x080025d8   0x080025d8   0x00000320   Code   RO         1361    i.HAL_RCC_OscConfig  stm32f1xx_hal_rcc.o
    0x080028f8   0x080028f8   0x00000028   Code   RO         1662    i.HAL_SYSTICK_Config  stm32f1xx_hal_cortex.o
    0x08002920   0x08002920   0x00000002   Code   RO         2857    i.HAL_TIMEx_BreakCallback  stm32f1xx_hal_tim_ex.o
    0x08002922   0x08002922   0x00000002   Code   RO         2858    i.HAL_TIMEx_CommutCallback  stm32f1xx_hal_tim_ex.o
    0x08002924   0x08002924   0x00000054   Code   RO         2860    i.HAL_TIMEx_ConfigBreakDeadTime  stm32f1xx_hal_tim_ex.o
    0x08002978   0x08002978   0x00000068   Code   RO         2876    i.HAL_TIMEx_MasterConfigSynchronization  stm32f1xx_hal_tim_ex.o
    0x080029e0   0x080029e0   0x00000058   Code   RO         2158    i.HAL_TIM_Base_Start_IT  stm32f1xx_hal_tim.o
    0x08002a38   0x08002a38   0x000000a4   Code   RO         2174    i.HAL_TIM_Encoder_Init  stm32f1xx_hal_tim.o
    0x08002adc   0x08002adc   0x000000ac   Code   RO          542    i.HAL_TIM_Encoder_MspInit  tim.o
    0x08002b88   0x08002b88   0x0000008e   Code   RO         2177    i.HAL_TIM_Encoder_Start  stm32f1xx_hal_tim.o
    0x08002c16   0x08002c16   0x00000002   PAD
    0x08002c18   0x08002c18   0x000000a4   Code   RO          543    i.HAL_TIM_IC_CaptureCallback  tim.o
    0x08002cbc   0x08002cbc   0x00000124   Code   RO         2189    i.HAL_TIM_IC_ConfigChannel  stm32f1xx_hal_tim.o
    0x08002de0   0x08002de0   0x0000005a   Code   RO         2192    i.HAL_TIM_IC_Init   stm32f1xx_hal_tim.o
    0x08002e3a   0x08002e3a   0x00000002   PAD
    0x08002e3c   0x08002e3c   0x00000078   Code   RO          545    i.HAL_TIM_IC_MspInit  tim.o
    0x08002eb4   0x08002eb4   0x000000e4   Code   RO         2197    i.HAL_TIM_IC_Start_IT  stm32f1xx_hal_tim.o
    0x08002f98   0x08002f98   0x00000166   Code   RO         2201    i.HAL_TIM_IRQHandler  stm32f1xx_hal_tim.o
    0x080030fe   0x080030fe   0x00000002   PAD
    0x08003100   0x08003100   0x0000004c   Code   RO          546    i.HAL_TIM_MspPostInit  tim.o
    0x0800314c   0x0800314c   0x00000002   Code   RO         2204    i.HAL_TIM_OC_DelayElapsedCallback  stm32f1xx_hal_tim.o
    0x0800314e   0x0800314e   0x000000cc   Code   RO         2225    i.HAL_TIM_PWM_ConfigChannel  stm32f1xx_hal_tim.o
    0x0800321a   0x0800321a   0x0000005a   Code   RO         2228    i.HAL_TIM_PWM_Init  stm32f1xx_hal_tim.o
    0x08003274   0x08003274   0x00000028   Code   RO          548    i.HAL_TIM_PWM_MspInit  tim.o
    0x0800329c   0x0800329c   0x00000002   Code   RO         2231    i.HAL_TIM_PWM_PulseFinishedCallback  stm32f1xx_hal_tim.o
    0x0800329e   0x0800329e   0x00000002   PAD
    0x080032a0   0x080032a0   0x0000009c   Code   RO         2233    i.HAL_TIM_PWM_Start  stm32f1xx_hal_tim.o
    0x0800333c   0x0800333c   0x00000034   Code   RO          549    i.HAL_TIM_PeriodElapsedCallback  tim.o
    0x08003370   0x08003370   0x0000002a   Code   RO         2241    i.HAL_TIM_ReadCapturedValue  stm32f1xx_hal_tim.o
    0x0800339a   0x0800339a   0x00000002   Code   RO         2244    i.HAL_TIM_TriggerCallback  stm32f1xx_hal_tim.o
    0x0800339c   0x0800339c   0x00000002   Code   RO         3136    i.HAL_UARTEx_RxEventCallback  stm32f1xx_hal_uart.o
    0x0800339e   0x0800339e   0x00000002   Code   RO         3150    i.HAL_UART_ErrorCallback  stm32f1xx_hal_uart.o
    0x080033a0   0x080033a0   0x0000026c   Code   RO         3153    i.HAL_UART_IRQHandler  stm32f1xx_hal_uart.o
    0x0800360c   0x0800360c   0x00000064   Code   RO         3154    i.HAL_UART_Init     stm32f1xx_hal_uart.o
    0x08003670   0x08003670   0x00000134   Code   RO          651    i.HAL_UART_MspInit  usart.o
    0x080037a4   0x080037a4   0x0000001c   Code   RO         3159    i.HAL_UART_Receive_IT  stm32f1xx_hal_uart.o
    0x080037c0   0x080037c0   0x00000330   Code   RO         3782    i.HAL_UART_RxCpltCallback  usart3.o
    0x08003af0   0x08003af0   0x00000002   Code   RO         3165    i.HAL_UART_TxCpltCallback  stm32f1xx_hal_uart.o
    0x08003af2   0x08003af2   0x00000002   Code   RO          724    i.HardFault_Handler  stm32f1xx_it.o
    0x08003af4   0x08003af4   0x0000003e   Code   RO         3814    i.I2C_ReadOneByte   ioi2c.o
    0x08003b32   0x08003b32   0x00000002   PAD
    0x08003b34   0x08003b34   0x00000040   Code   RO         3815    i.IIC_Ack           ioi2c.o
    0x08003b74   0x08003b74   0x00000040   Code   RO         3816    i.IIC_NAck          ioi2c.o
    0x08003bb4   0x08003bb4   0x0000006c   Code   RO         3817    i.IIC_Read_Byte     ioi2c.o
    0x08003c20   0x08003c20   0x00000060   Code   RO         3818    i.IIC_Send_Byte     ioi2c.o
    0x08003c80   0x08003c80   0x00000050   Code   RO         3819    i.IIC_Start         ioi2c.o
    0x08003cd0   0x08003cd0   0x00000040   Code   RO         3820    i.IIC_Stop          ioi2c.o
    0x08003d10   0x08003d10   0x00000058   Code   RO         3821    i.IIC_Wait_Ack      ioi2c.o
    0x08003d68   0x08003d68   0x0000000e   Code   RO         3822    i.IICreadByte       ioi2c.o
    0x08003d76   0x08003d76   0x00000032   Code   RO         3824    i.IICwriteBit       ioi2c.o
    0x08003da8   0x08003da8   0x00000054   Code   RO         3825    i.IICwriteBits      ioi2c.o
    0x08003dfc   0x08003dfc   0x0000000c   Code   RO         3826    i.IICwriteByte      ioi2c.o
    0x08003e08   0x08003e08   0x00000044   Code   RO         3827    i.IICwriteBytes     ioi2c.o
    0x08003e4c   0x08003e4c   0x00000078   Code   RO          283    i.Init_Sensor_Pins  gpio.o
    0x08003ec4   0x08003ec4   0x00000028   Code   RO         4015    i.JTAG_Set          sys.o
    0x08003eec   0x08003eec   0x0000003c   Code   RO         3612    i.KEY_Init          key.o
    0x08003f28   0x08003f28   0x0000015c   Code   RO         4225    i.Kalman_Filter_x   filter.o
    0x08004084   0x08004084   0x0000015c   Code   RO         4226    i.Kalman_Filter_y   filter.o
    0x080041e0   0x080041e0   0x00000038   Code   RO         4050    i.Key               control.o
    0x08004218   0x08004218   0x0000002a   Code   RO         4742    i.MPU6050_initialize  mpu6050.o
    0x08004242   0x08004242   0x00000012   Code   RO         4744    i.MPU6050_setClockSource  mpu6050.o
    0x08004254   0x08004254   0x00000012   Code   RO         4745    i.MPU6050_setFullScaleAccelRange  mpu6050.o
    0x08004266   0x08004266   0x00000012   Code   RO         4746    i.MPU6050_setFullScaleGyroRange  mpu6050.o
    0x08004278   0x08004278   0x0000000c   Code   RO         4747    i.MPU6050_setI2CBypassEnabled  mpu6050.o
    0x08004284   0x08004284   0x0000000c   Code   RO         4748    i.MPU6050_setI2CMasterModeEnabled  mpu6050.o
    0x08004290   0x08004290   0x0000000c   Code   RO         4749    i.MPU6050_setSleepEnabled  mpu6050.o
    0x0800429c   0x0800429c   0x00000050   Code   RO          486    i.MX_ADC1_Init      adc.o
    0x080042ec   0x080042ec   0x00000050   Code   RO          487    i.MX_ADC2_Init      adc.o
    0x0800433c   0x0800433c   0x000000e4   Code   RO          284    i.MX_GPIO_Init      gpio.o
    0x08004420   0x08004420   0x000000c0   Code   RO          550    i.MX_TIM1_Init      tim.o
    0x080044e0   0x080044e0   0x00000078   Code   RO          551    i.MX_TIM2_Init      tim.o
    0x08004558   0x08004558   0x00000078   Code   RO          552    i.MX_TIM3_Init      tim.o
    0x080045d0   0x080045d0   0x00000078   Code   RO          553    i.MX_TIM4_Init      tim.o
    0x08004648   0x08004648   0x00000038   Code   RO          652    i.MX_USART1_UART_Init  usart.o
    0x08004680   0x08004680   0x00000044   Code   RO          654    i.MX_USART3_UART_Init  usart.o
    0x080046c4   0x080046c4   0x00000002   Code   RO          725    i.MemManage_Handler  stm32f1xx_it.o
    0x080046c6   0x080046c6   0x00000002   Code   RO          726    i.NMI_Handler       stm32f1xx_it.o
    0x080046c8   0x080046c8   0x0000000e   Code   RO         4054    i.PWM_Limit         control.o
    0x080046d6   0x080046d6   0x00000002   Code   RO          727    i.PendSV_Handler    stm32f1xx_it.o
    0x080046d8   0x080046d8   0x000001b0   Code   RO         4751    i.Read_DMP          mpu6050.o
    0x08004888   0x08004888   0x00000048   Code   RO          554    i.Read_Distane      tim.o
    0x080048d0   0x080048d0   0x00000024   Code   RO         3588    i.Read_Encoder      encoder.o
    0x080048f4   0x080048f4   0x00000060   Code   RO         4752    i.Read_Temperature  mpu6050.o
    0x08004954   0x08004954   0x00000002   Code   RO          728    i.SVC_Handler       stm32f1xx_it.o
    0x08004956   0x08004956   0x00000002   PAD
    0x08004958   0x08004958   0x00000054   Code   RO         4058    i.Set_Pwm           control.o
    0x080049ac   0x080049ac   0x00000004   Code   RO          729    i.SysTick_Handler   stm32f1xx_it.o
    0x080049b0   0x080049b0   0x00000078   Code   RO           14    i.SystemClock_Config  main.o
    0x08004a28   0x08004a28   0x00000002   Code   RO         3488    i.SystemInit        system_stm32f1xx.o
    0x08004a2a   0x08004a2a   0x00000002   PAD
    0x08004a2c   0x08004a2c   0x0000000c   Code   RO          730    i.TIM2_IRQHandler   stm32f1xx_it.o
    0x08004a38   0x08004a38   0x0000000c   Code   RO          731    i.TIM3_IRQHandler   stm32f1xx_it.o
    0x08004a44   0x08004a44   0x0000000c   Code   RO          732    i.TIM4_IRQHandler   stm32f1xx_it.o
    0x08004a50   0x08004a50   0x0000006c   Code   RO         2246    i.TIM_Base_SetConfig  stm32f1xx_hal_tim.o
    0x08004abc   0x08004abc   0x0000001a   Code   RO         2247    i.TIM_CCxChannelCmd  stm32f1xx_hal_tim.o
    0x08004ad6   0x08004ad6   0x00000002   PAD
    0x08004ad8   0x08004ad8   0x00000050   Code   RO         2259    i.TIM_OC1_SetConfig  stm32f1xx_hal_tim.o
    0x08004b28   0x08004b28   0x00000058   Code   RO         2260    i.TIM_OC2_SetConfig  stm32f1xx_hal_tim.o
    0x08004b80   0x08004b80   0x00000058   Code   RO         2261    i.TIM_OC3_SetConfig  stm32f1xx_hal_tim.o
    0x08004bd8   0x08004bd8   0x00000044   Code   RO         2262    i.TIM_OC4_SetConfig  stm32f1xx_hal_tim.o
    0x08004c1c   0x08004c1c   0x00000058   Code   RO         2265    i.TIM_TI1_SetConfig  stm32f1xx_hal_tim.o
    0x08004c74   0x08004c74   0x00000036   Code   RO         2267    i.TIM_TI2_SetConfig  stm32f1xx_hal_tim.o
    0x08004caa   0x08004caa   0x00000010   Code   RO         3167    i.UART_DMAAbortOnError  stm32f1xx_hal_uart.o
    0x08004cba   0x08004cba   0x0000004e   Code   RO         3177    i.UART_EndRxTransfer  stm32f1xx_hal_uart.o
    0x08004d08   0x08004d08   0x000000c2   Code   RO         3179    i.UART_Receive_IT   stm32f1xx_hal_uart.o
    0x08004dca   0x08004dca   0x00000002   PAD
    0x08004dcc   0x08004dcc   0x000000b8   Code   RO         3180    i.UART_SetConfig    stm32f1xx_hal_uart.o
    0x08004e84   0x08004e84   0x00000036   Code   RO         3182    i.UART_Start_Receive_IT  stm32f1xx_hal_uart.o
    0x08004eba   0x08004eba   0x00000002   PAD
    0x08004ebc   0x08004ebc   0x0000000c   Code   RO          733    i.USART1_IRQHandler  stm32f1xx_it.o
    0x08004ec8   0x08004ec8   0x0000000c   Code   RO          734    i.USART2_IRQHandler  stm32f1xx_it.o
    0x08004ed4   0x08004ed4   0x0000000c   Code   RO          735    i.USART3_IRQHandler  stm32f1xx_it.o
    0x08004ee0   0x08004ee0   0x00000002   Code   RO          736    i.UsageFault_Handler  stm32f1xx_it.o
    0x08004ee2   0x08004ee2   0x00000002   PAD
    0x08004ee4   0x08004ee4   0x00000158   Code   RO         4060    i.Velocity          control.o
    0x0800503c   0x0800503c   0x00000028   Code   RO         5128    i.__ARM_fpclassify  m_ws.l(fpclassify.o)
    0x08005064   0x08005064   0x00000020   Code   RO         1664    i.__NVIC_SetPriority  stm32f1xx_hal_cortex.o
    0x08005084   0x08005084   0x000000aa   Code   RO         5130    i.__kernel_poly     m_ws.l(poly.o)
    0x0800512e   0x0800512e   0x00000002   PAD
    0x08005130   0x08005130   0x00000010   Code   RO         5114    i.__mathlib_dbl_divzero  m_ws.l(dunder.o)
    0x08005140   0x08005140   0x00000006   Code   RO         5115    i.__mathlib_dbl_infnan  m_ws.l(dunder.o)
    0x08005146   0x08005146   0x00000004   Code   RO         5116    i.__mathlib_dbl_infnan2  m_ws.l(dunder.o)
    0x0800514a   0x0800514a   0x0000000c   Code   RO         5117    i.__mathlib_dbl_invalid  m_ws.l(dunder.o)
    0x08005156   0x08005156   0x0000000e   Code   RO         5118    i.__mathlib_dbl_overflow  m_ws.l(dunder.o)
    0x08005164   0x08005164   0x00000010   Code   RO         5120    i.__mathlib_dbl_underflow  m_ws.l(dunder.o)
    0x08005174   0x08005174   0x00000002   Code   RO          655    i._sys_exit         usart.o
    0x08005176   0x08005176   0x00000002   PAD
    0x08005178   0x08005178   0x00000080   Code   RO         4260    i.accel_self_test   inv_mpu.o
    0x080051f8   0x080051f8   0x00000270   Code   RO         5046    i.asin              m_ws.l(asin.o)
    0x08005468   0x08005468   0x00000220   Code   RO         5105    i.atan              m_ws.l(atan.o)
    0x08005688   0x08005688   0x0000019c   Code   RO         5056    i.atan2             m_ws.l(atan2.o)
    0x08005824   0x08005824   0x00000030   Code   RO         3614    i.click             key.o
    0x08005854   0x08005854   0x00000208   Code   RO         3930    i.data_process      lidar.o
    0x08005a5c   0x08005a5c   0x00000020   Code   RO         3976    i.delay_init        delay.o
    0x08005a7c   0x08005a7c   0x00000034   Code   RO         3977    i.delay_ms          delay.o
    0x08005ab0   0x08005ab0   0x00000034   Code   RO         3978    i.delay_us          delay.o
    0x08005ae4   0x08005ae4   0x0000003a   Code   RO         4561    i.dmp_enable_6x_lp_quat  inv_mpu_dmp_motion_driver.o
    0x08005b1e   0x08005b1e   0x00000002   PAD
    0x08005b20   0x08005b20   0x000001d8   Code   RO         4562    i.dmp_enable_feature  inv_mpu_dmp_motion_driver.o
    0x08005cf8   0x08005cf8   0x0000003c   Code   RO         4563    i.dmp_enable_gyro_cal  inv_mpu_dmp_motion_driver.o
    0x08005d34   0x08005d34   0x0000003a   Code   RO         4564    i.dmp_enable_lp_quat  inv_mpu_dmp_motion_driver.o
    0x08005d6e   0x08005d6e   0x00000002   PAD
    0x08005d70   0x08005d70   0x00000014   Code   RO         4569    i.dmp_load_motion_driver_firmware  inv_mpu_dmp_motion_driver.o
    0x08005d84   0x08005d84   0x00000164   Code   RO         4570    i.dmp_read_fifo     inv_mpu_dmp_motion_driver.o
    0x08005ee8   0x08005ee8   0x000000d8   Code   RO         4573    i.dmp_set_accel_bias  inv_mpu_dmp_motion_driver.o
    0x08005fc0   0x08005fc0   0x00000064   Code   RO         4574    i.dmp_set_fifo_rate  inv_mpu_dmp_motion_driver.o
    0x08006024   0x08006024   0x000000cc   Code   RO         4575    i.dmp_set_gyro_bias  inv_mpu_dmp_motion_driver.o
    0x080060f0   0x080060f0   0x0000010c   Code   RO         4577    i.dmp_set_orientation  inv_mpu_dmp_motion_driver.o
    0x080061fc   0x080061fc   0x00000030   Code   RO         4580    i.dmp_set_shake_reject_thresh  inv_mpu_dmp_motion_driver.o
    0x0800622c   0x0800622c   0x00000020   Code   RO         4581    i.dmp_set_shake_reject_time  inv_mpu_dmp_motion_driver.o
    0x0800624c   0x0800624c   0x00000020   Code   RO         4582    i.dmp_set_shake_reject_timeout  inv_mpu_dmp_motion_driver.o
    0x0800626c   0x0800626c   0x00000040   Code   RO         4583    i.dmp_set_tap_axes  inv_mpu_dmp_motion_driver.o
    0x080062ac   0x080062ac   0x00000022   Code   RO         4584    i.dmp_set_tap_count  inv_mpu_dmp_motion_driver.o
    0x080062ce   0x080062ce   0x00000002   PAD
    0x080062d0   0x080062d0   0x00000128   Code   RO         4585    i.dmp_set_tap_thresh  inv_mpu_dmp_motion_driver.o
    0x080063f8   0x080063f8   0x00000020   Code   RO         4586    i.dmp_set_tap_time  inv_mpu_dmp_motion_driver.o
    0x08006418   0x08006418   0x00000020   Code   RO         4587    i.dmp_set_tap_time_multi  inv_mpu_dmp_motion_driver.o
    0x08006438   0x08006438   0x00000038   Code   RO          656    i.fputc             usart.o
    0x08006470   0x08006470   0x000000ac   Code   RO         4261    i.get_accel_prod_shift  inv_mpu.o
    0x0800651c   0x0800651c   0x00000314   Code   RO         4262    i.get_st_biases     inv_mpu.o
    0x08006830   0x08006830   0x000000d4   Code   RO         4263    i.gyro_self_test    inv_mpu.o
    0x08006904   0x08006904   0x00000070   Code   RO         3828    i.i2cRead           ioi2c.o
    0x08006974   0x08006974   0x00000054   Code   RO         3829    i.i2cWrite          ioi2c.o
    0x080069c8   0x080069c8   0x00000048   Code   RO         4753    i.inv_row_2_scale   mpu6050.o
    0x08006a10   0x08006a10   0x00000084   Code   RO           15    i.main              main.o
    0x08006a94   0x08006a94   0x00000054   Code   RO         4264    i.mpu_configure_fifo  inv_mpu.o
    0x08006ae8   0x08006ae8   0x0000003c   Code   RO         4265    i.mpu_get_accel_fsr  inv_mpu.o
    0x08006b24   0x08006b24   0x00000044   Code   RO         4267    i.mpu_get_accel_sens  inv_mpu.o
    0x08006b68   0x08006b68   0x00000034   Code   RO         4273    i.mpu_get_gyro_fsr  inv_mpu.o
    0x08006b9c   0x08006b9c   0x00000040   Code   RO         4275    i.mpu_get_gyro_sens  inv_mpu.o
    0x08006bdc   0x08006bdc   0x00000038   Code   RO         4277    i.mpu_get_lpf       inv_mpu.o
    0x08006c14   0x08006c14   0x0000001c   Code   RO         4279    i.mpu_get_sample_rate  inv_mpu.o
    0x08006c30   0x08006c30   0x00000188   Code   RO         4281    i.mpu_init          inv_mpu.o
    0x08006db8   0x08006db8   0x000000a0   Code   RO         4282    i.mpu_load_firmware  inv_mpu.o
    0x08006e58   0x08006e58   0x000000b8   Code   RO         4283    i.mpu_lp_accel_mode  inv_mpu.o
    0x08006f10   0x08006f10   0x00000090   Code   RO         4286    i.mpu_read_fifo_stream  inv_mpu.o
    0x08006fa0   0x08006fa0   0x00000054   Code   RO         4287    i.mpu_read_mem      inv_mpu.o
    0x08006ff4   0x08006ff4   0x00000150   Code   RO         4290    i.mpu_reset_fifo    inv_mpu.o
    0x08007144   0x08007144   0x000000f0   Code   RO         4291    i.mpu_run_self_test  inv_mpu.o
    0x08007234   0x08007234   0x00000068   Code   RO         4293    i.mpu_set_accel_fsr  inv_mpu.o
    0x0800729c   0x0800729c   0x000000dc   Code   RO         4294    i.mpu_set_bypass    inv_mpu.o
    0x08007378   0x08007378   0x00000078   Code   RO         4296    i.mpu_set_dmp_state  inv_mpu.o
    0x080073f0   0x080073f0   0x0000006c   Code   RO         4297    i.mpu_set_gyro_fsr  inv_mpu.o
    0x0800745c   0x0800745c   0x00000064   Code   RO         4298    i.mpu_set_int_latched  inv_mpu.o
    0x080074c0   0x080074c0   0x0000006c   Code   RO         4300    i.mpu_set_lpf       inv_mpu.o
    0x0800752c   0x0800752c   0x00000080   Code   RO         4301    i.mpu_set_sample_rate  inv_mpu.o
    0x080075ac   0x080075ac   0x000000b8   Code   RO         4302    i.mpu_set_sensors   inv_mpu.o
    0x08007664   0x08007664   0x00000054   Code   RO         4303    i.mpu_write_mem     inv_mpu.o
    0x080076b8   0x080076b8   0x00000008   Code   RO         4061    i.myabs             control.o
    0x080076c0   0x080076c0   0x00000002   Code   RO         4304    i.myget_ms          inv_mpu.o
    0x080076c2   0x080076c2   0x00000002   PAD
    0x080076c4   0x080076c4   0x000009d8   Code   RO         5064    i.pow               m_ws.l(pow.o)
    0x0800809c   0x0800809c   0x0000007a   Code   RO         4754    i.run_self_test     mpu6050.o
    0x08008116   0x08008116   0x00000002   PAD
    0x08008118   0x08008118   0x00000058   Code   RO         4305    i.set_int_enable    inv_mpu.o
    0x08008170   0x08008170   0x0000004c   Code   RO         5134    i.sqrt              m_ws.l(sqrt.o)
    0x080081bc   0x080081bc   0x0000002c   Code   RO         5206    locale$$code        c_w.l(lc_numeric_c.o)
    0x080081e8   0x080081e8   0x00000062   Code   RO         4983    x$fpl$d2f           fz_ws.l(d2f.o)
    0x0800824a   0x0800824a   0x00000002   PAD
    0x0800824c   0x0800824c   0x00000150   Code   RO         4985    x$fpl$dadd          fz_ws.l(daddsub_clz.o)
    0x0800839c   0x0800839c   0x00000010   Code   RO         5085    x$fpl$dcheck1       fz_ws.l(dcheck1.o)
    0x080083ac   0x080083ac   0x00000018   Code   RO         5208    x$fpl$dcmpinf       fz_ws.l(dcmpi.o)
    0x080083c4   0x080083c4   0x000002b0   Code   RO         4992    x$fpl$ddiv          fz_ws.l(ddiv.o)
    0x08008674   0x08008674   0x00000078   Code   RO         5087    x$fpl$deqf          fz_ws.l(deqf.o)
    0x080086ec   0x080086ec   0x0000002e   Code   RO         5000    x$fpl$dflt          fz_ws.l(dflt_clz.o)
    0x0800871a   0x0800871a   0x00000026   Code   RO         4999    x$fpl$dfltu         fz_ws.l(dflt_clz.o)
    0x08008740   0x08008740   0x00000078   Code   RO         5210    x$fpl$dleqf         fz_ws.l(dleqf.o)
    0x080087b8   0x080087b8   0x00000154   Code   RO         5005    x$fpl$dmul          fz_ws.l(dmul.o)
    0x0800890c   0x0800890c   0x0000009c   Code   RO         5089    x$fpl$dnaninf       fz_ws.l(dnaninf.o)
    0x080089a8   0x080089a8   0x0000000c   Code   RO         5091    x$fpl$dretinf       fz_ws.l(dretinf.o)
    0x080089b4   0x080089b4   0x0000006c   Code   RO         5093    x$fpl$drleqf        fz_ws.l(drleqf.o)
    0x08008a20   0x08008a20   0x00000016   Code   RO         4986    x$fpl$drsb          fz_ws.l(daddsub_clz.o)
    0x08008a36   0x08008a36   0x00000002   PAD
    0x08008a38   0x08008a38   0x000001cc   Code   RO         5212    x$fpl$dsqrt         fz_ws.l(dsqrt_noumaal.o)
    0x08008c04   0x08008c04   0x000001d4   Code   RO         4987    x$fpl$dsub          fz_ws.l(daddsub_clz.o)
    0x08008dd8   0x08008dd8   0x00000056   Code   RO         5007    x$fpl$f2d           fz_ws.l(f2d.o)
    0x08008e2e   0x08008e2e   0x00000002   PAD
    0x08008e30   0x08008e30   0x000000c4   Code   RO         5009    x$fpl$fadd          fz_ws.l(faddsub_clz.o)
    0x08008ef4   0x08008ef4   0x0000000c   Code   RO         5095    x$fpl$fcheck1       fz_ws.l(fcheck1.o)
    0x08008f00   0x08008f00   0x00000184   Code   RO         5016    x$fpl$fdiv          fz_ws.l(fdiv.o)
    0x08009084   0x08009084   0x00000036   Code   RO         5019    x$fpl$ffix          fz_ws.l(ffix.o)
    0x080090ba   0x080090ba   0x00000002   PAD
    0x080090bc   0x080090bc   0x0000003e   Code   RO         5023    x$fpl$ffixu         fz_ws.l(ffixu.o)
    0x080090fa   0x080090fa   0x00000002   PAD
    0x080090fc   0x080090fc   0x00000030   Code   RO         5028    x$fpl$fflt          fz_ws.l(fflt_clz.o)
    0x0800912c   0x0800912c   0x00000026   Code   RO         5027    x$fpl$ffltu         fz_ws.l(fflt_clz.o)
    0x08009152   0x08009152   0x00000002   PAD
    0x08009154   0x08009154   0x00000102   Code   RO         5035    x$fpl$fmul          fz_ws.l(fmul.o)
    0x08009256   0x08009256   0x0000008c   Code   RO         5099    x$fpl$fnaninf       fz_ws.l(fnaninf.o)
    0x080092e2   0x080092e2   0x0000000a   Code   RO         5101    x$fpl$fretinf       fz_ws.l(fretinf.o)
    0x080092ec   0x080092ec   0x00000014   Code   RO         5010    x$fpl$frsb          fz_ws.l(faddsub_clz.o)
    0x08009300   0x08009300   0x000000ea   Code   RO         5011    x$fpl$fsub          fz_ws.l(faddsub_clz.o)
    0x080093ea   0x080093ea   0x00000004   Code   RO         5039    x$fpl$printf1       fz_ws.l(printf1.o)
    0x080093ee   0x080093ee   0x00000064   Code   RO         5216    x$fpl$retnan        fz_ws.l(retnan.o)
    0x08009452   0x08009452   0x0000005c   Code   RO         5041    x$fpl$scalbn        fz_ws.l(scalbn.o)
    0x080094ae   0x080094ae   0x0000004c   Code   RO         5043    x$fpl$scalbnf       fz_ws.l(scalbnf.o)
    0x080094fa   0x080094fa   0x00000030   Code   RO         5282    x$fpl$trapveneer    fz_ws.l(trapv.o)
    0x0800952a   0x0800952a   0x00000000   Code   RO         5103    x$fpl$usenofp       fz_ws.l(usenofp.o)
    0x0800952a   0x0800952a   0x00000012   Data   RO         1362    .constdata          stm32f1xx_hal_rcc.o
    0x0800953c   0x0800953c   0x00000010   Data   RO         3489    .constdata          system_stm32f1xx.o
    0x0800954c   0x0800954c   0x00000008   Data   RO         3490    .constdata          system_stm32f1xx.o
    0x08009554   0x08009554   0x0000000c   Data   RO         4306    .constdata          inv_mpu.o
    0x08009560   0x08009560   0x0000001b   Data   RO         4307    .constdata          inv_mpu.o
    0x0800957b   0x0800957b   0x00000001   PAD
    0x0800957c   0x0800957c   0x00000028   Data   RO         4308    .constdata          inv_mpu.o
    0x080095a4   0x080095a4   0x00000bf6   Data   RO         4589    .constdata          inv_mpu_dmp_motion_driver.o
    0x0800a19a   0x0800a19a   0x00000006   PAD
    0x0800a1a0   0x0800a1a0   0x00000050   Data   RO         5047    .constdata          m_ws.l(asin.o)
    0x0800a1f0   0x0800a1f0   0x00000088   Data   RO         5065    .constdata          m_ws.l(pow.o)
    0x0800a278   0x0800a278   0x00000098   Data   RO         5106    .constdata          m_ws.l(atan.o)
    0x0800a310   0x0800a310   0x00000008   Data   RO         5132    .constdata          m_ws.l(qnan.o)
    0x0800a318   0x0800a318   0x00000094   Data   RO         5177    .constdata          c_w.l(bigflt0.o)
    0x0800a3ac   0x0800a3ac   0x0000004e   Data   RO         4309    .conststring        inv_mpu.o
    0x0800a3fa   0x0800a3fa   0x00000002   PAD
    0x0800a3fc   0x0800a3fc   0x00000020   Data   RO         5367    Region$$Table       anon$$obj.o
    0x0800a41c   0x0800a41c   0x0000001c   Data   RO         5205    locale$$data        c_w.l(lc_numeric_c.o)


    Execution Region RW_IRAM1 (Exec base: 0x20000000, Load base: 0x0800a438, Size: 0x00001960, Max: 0x00005000, ABSOLUTE, COMPRESSED[0x00000054])

    Exec Addr    Load Addr    Size         Type   Attr      Idx    E Section Name        Object

    0x20000000   COMPRESSED   0x00000001   Data   RW           17    .data               main.o
    0x20000001   COMPRESSED   0x00000001   Data   RW           18    .data               main.o
    0x20000002   COMPRESSED   0x00000001   Data   RW           19    .data               main.o
    0x20000003   COMPRESSED   0x00000001   Data   RW           20    .data               main.o
    0x20000004   COMPRESSED   0x00000003   Data   RW           21    .data               main.o
    0x20000007   COMPRESSED   0x00000001   PAD
    0x20000008   COMPRESSED   0x00000004   Data   RW           24    .data               main.o
    0x2000000c   COMPRESSED   0x00000004   Data   RW           25    .data               main.o
    0x20000010   COMPRESSED   0x00000004   Data   RW           26    .data               main.o
    0x20000014   COMPRESSED   0x00000004   Data   RW           27    .data               main.o
    0x20000018   COMPRESSED   0x00000004   Data   RW           28    .data               main.o
    0x2000001c   COMPRESSED   0x00000004   Data   RW           29    .data               main.o
    0x20000020   COMPRESSED   0x00000004   Data   RW           37    .data               main.o
    0x20000024   COMPRESSED   0x00000001   Data   RW           38    .data               main.o
    0x20000025   COMPRESSED   0x00000001   Data   RW           39    .data               main.o
    0x20000026   COMPRESSED   0x00000001   Data   RW           40    .data               main.o
    0x20000027   COMPRESSED   0x00000001   Data   RW           41    .data               main.o
    0x20000028   COMPRESSED   0x00000004   Data   RW           42    .data               main.o
    0x2000002c   COMPRESSED   0x00000004   Data   RW           43    .data               main.o
    0x20000030   COMPRESSED   0x00000004   Data   RW           44    .data               main.o
    0x20000034   COMPRESSED   0x00000004   Data   RW           47    .data               main.o
    0x20000038   COMPRESSED   0x00000004   Data   RW           48    .data               main.o
    0x2000003c   COMPRESSED   0x00000004   Data   RW           49    .data               main.o
    0x20000040   COMPRESSED   0x00000001   Data   RW           50    .data               main.o
    0x20000041   COMPRESSED   0x00000003   PAD
    0x20000044   COMPRESSED   0x00000004   Data   RW           56    .data               main.o
    0x20000048   COMPRESSED   0x00000001   Data   RW           57    .data               main.o
    0x20000049   COMPRESSED   0x00000003   PAD
    0x2000004c   COMPRESSED   0x00000004   Data   RW           58    .data               main.o
    0x20000050   COMPRESSED   0x00000004   Data   RW          556    .data               tim.o
    0x20000054   COMPRESSED   0x00000004   Data   RW          658    .data               usart.o
    0x20000058   COMPRESSED   0x0000000c   Data   RW         1199    .data               stm32f1xx_hal.o
    0x20000064   COMPRESSED   0x00000004   Data   RW         3491    .data               system_stm32f1xx.o
    0x20000068   COMPRESSED   0x0000000c   Data   RW         3616    .data               key.o
    0x20000074   COMPRESSED   0x00000014   Data   RW         3784    .data               usart3.o
    0x20000088   COMPRESSED   0x00000038   Data   RW         3932    .data               lidar.o
    0x200000c0   COMPRESSED   0x00000004   Data   RW         3979    .data               delay.o
    0x200000c4   COMPRESSED   0x00000040   Data   RW         4062    .data               control.o
    0x20000104   COMPRESSED   0x00000084   Data   RW         4228    .data               filter.o
    0x20000188   COMPRESSED   0x0000002c   Data   RW         4310    .data               inv_mpu.o
    0x200001b4   COMPRESSED   0x00000035   Data   RW         4756    .data               mpu6050.o
    0x200001e9   COMPRESSED   0x00000003   PAD
    0x200001ec   COMPRESSED   0x0000000c   Data   RW         4859    .data               show.o
    0x200001f8        -       0x00000060   Zero   RW          488    .bss                adc.o
    0x20000258        -       0x00000120   Zero   RW          555    .bss                tim.o
    0x20000378        -       0x000000d8   Zero   RW          657    .bss                usart.o
    0x20000450        -       0x00000032   Zero   RW         3783    .bss                usart3.o
    0x20000482   COMPRESSED   0x00000002   PAD
    0x20000484        -       0x00000e4c   Zero   RW         3931    .bss                lidar.o
    0x200012d0        -       0x00000020   Zero   RW         4227    .bss                filter.o
    0x200012f0        -       0x00000010   Zero   RW         4588    .bss                inv_mpu_dmp_motion_driver.o
    0x20001300        -       0x00000060   Zero   RW         5219    .bss                c_w.l(libspace.o)
    0x20001360        -       0x00000200   Zero   RW            2    HEAP                startup_stm32f103xb.o
    0x20001560        -       0x00000400   Zero   RW            1    STACK               startup_stm32f103xb.o


==============================================================================

Image component sizes


      Code (inc. data)   RO Data    RW Data    ZI Data      Debug   Object Name

       296         38          0          0         96       2414   adc.o
      1562        270          0         64          0      15314   control.o
       136         18          0          4          0       1767   delay.o
        36          8          0          0          0        607   encoder.o
       832         60          0        132         32       3627   filter.o
       348         34          0          0          0     442093   gpio.o
      4498        280        157         44          0      27042   inv_mpu.o
      2382        118       3062          0         16      19966   inv_mpu_dmp_motion_driver.o
      1050         60          0          0          0      10194   ioi2c.o
       108         18          0         12          0       2737   key.o
       520         50          0         56       3660       4681   lidar.o
       256         10          0         73          0      43241   main.o
      1414        362          0         53          0      34173   mpu6050.o
         0          0          0         12          0       1082   show.o
        64         26        236          0       1536        824   startup_stm32f103xb.o
       128         24          0         12          0       5465   stm32f1xx_hal.o
       622         24          0          0          0       3396   stm32f1xx_hal_adc.o
       232         14          0          0          0      29797   stm32f1xx_hal_cortex.o
       222          4          0          0          0       1843   stm32f1xx_hal_dma.o
       514         40          0          0          0       3583   stm32f1xx_hal_gpio.o
        68         10          0          0          0        918   stm32f1xx_hal_msp.o
      1240         84         18          0          0       5256   stm32f1xx_hal_rcc.o
       236         12          0          0          0       1428   stm32f1xx_hal_rcc_ex.o
      2460         82          0          0          0      18653   stm32f1xx_hal_tim.o
       192         12          0          0          0       3309   stm32f1xx_hal_tim_ex.o
      1280         10          0          0          0       9132   stm32f1xx_hal_uart.o
       100         36          0          0          0       7287   stm32f1xx_it.o
        40         10          0          0          0        487   sys.o
         2          0         24          4          0       1191   system_stm32f1xx.o
      1248        112          0          4        288       7609   tim.o
       490         60          0          4        216       4954   usart.o
       816        144          0         20         50       2412   usart3.o

    ----------------------------------------------------------------------
     23432       2030       3538        504       5896     716482   Object Totals
         0          0         32          0          0          0   (incl. Generated)
        40          0          9         10          2          0   (incl. Padding)

    ----------------------------------------------------------------------

      Code (inc. data)   RO Data    RW Data    ZI Data      Debug   Library Member Name

        90          0          0          0          0          0   __dczerorl2.o
         8          0          0          0          0         68   __main.o
       104          0          0          0          0         84   __printf.o
         0          0          0          0          0          0   __rtentry.o
        12          0          0          0          0          0   __rtentry2.o
         6          0          0          0          0          0   __rtentry4.o
        52          8          0          0          0          0   __scatter.o
        28          0          0          0          0          0   __scatter_zi.o
        48          6          0          0          0         96   _printf_char_common.o
        36          4          0          0          0         80   _printf_char_file.o
         6          0          0          0          0          0   _printf_d.o
       120         16          0          0          0         92   _printf_dec.o
         6          0          0          0          0          0   _printf_f.o
      1054          0          0          0          0        216   _printf_fp_dec.o
       128         16          0          0          0         84   _printf_fp_infnan.o
       178          0          0          0          0         88   _printf_intcommon.o
         0          0          0          0          0          0   _printf_percent.o
         4          0          0          0          0          0   _printf_percent_end.o
        22          0          0          0          0        100   _rserrno.o
        16          0          0          0          0         68   aeabi_memset.o
       228          4        148          0          0         96   bigflt0.o
      1936        128          0          0          0        672   btod.o
        18          0          0          0          0         80   exit.o
         8          0          0          0          0         68   ferror.o
         6          0          0          0          0        152   heapauxi.o
        44         10         28          0          0         76   lc_numeric_c.o
         2          0          0          0          0          0   libinit.o
        18          0          0          0          0          0   libinit2.o
         2          0          0          0          0          0   libshutdown.o
         2          0          0          0          0          0   libshutdown2.o
         8          4          0          0         96         68   libspace.o
        72          0          0          0          0         76   llsdiv.o
       138          0          0          0          0         80   lludiv10.o
       238          0          0          0          0        100   lludivv7m.o
        88          0          0          0          0         76   memcmp.o
        24          4          0          0          0         84   noretval__2printf.o
         8          4          0          0          0         68   rt_errno_addr_intlibspace.o
         8          4          0          0          0         68   rt_locale_intlibspace.o
        68          0          0          0          0         68   rt_memclr.o
        78          0          0          0          0         80   rt_memclr_w.o
         2          0          0          0          0          0   rtexit.o
        10          0          0          0          0          0   rtexit2.o
       128          0          0          0          0         68   strcmpv7m.o
        74          0          0          0          0         80   sys_stackheap_outer.o
        98          4          0          0          0         92   d2f.o
       826         16          0          0          0        348   daddsub_clz.o
        16          4          0          0          0         68   dcheck1.o
        24          0          0          0          0         68   dcmpi.o
       688        140          0          0          0        208   ddiv.o
       120          4          0          0          0         92   deqf.o
        84          0          0          0          0        136   dflt_clz.o
       120          4          0          0          0         92   dleqf.o
       340         12          0          0          0        104   dmul.o
       156          4          0          0          0         92   dnaninf.o
        12          0          0          0          0         68   dretinf.o
       108          0          0          0          0         80   drleqf.o
       460         56          0          0          0        120   dsqrt_noumaal.o
        86          4          0          0          0         84   f2d.o
       450          8          0          0          0        236   faddsub_clz.o
        12          4          0          0          0         68   fcheck1.o
       388         76          0          0          0         96   fdiv.o
        54          4          0          0          0         84   ffix.o
        62          4          0          0          0         84   ffixu.o
        86          0          0          0          0        136   fflt_clz.o
       258          4          0          0          0         84   fmul.o
       140          4          0          0          0         84   fnaninf.o
        10          0          0          0          0         68   fretinf.o
         4          0          0          0          0         68   printf1.o
       100          0          0          0          0         68   retnan.o
        92          0          0          0          0         68   scalbn.o
        76          0          0          0          0         68   scalbnf.o
        48          0          0          0          0         68   trapv.o
         0          0          0          0          0          0   usenofp.o
       624         52         80          0          0        168   asin.o
       544         70        152          0          0        124   atan.o
       412         38          0          0          0        144   atan2.o
        68         10          0          0          0        408   dunder.o
        40          0          0          0          0         68   fpclassify.o
       170          0          0          0          0         96   poly.o
      2520        190        136          0          0        324   pow.o
         0          0          8          0          0          0   qnan.o
        76          0          0          0          0         84   sqrt.o

    ----------------------------------------------------------------------
     14518        920        552          0         96       7384   Library Totals
        20          0          0          0          0          0   (incl. Padding)

    ----------------------------------------------------------------------

      Code (inc. data)   RO Data    RW Data    ZI Data      Debug   Library Name

      5126        208        176          0         96       3036   c_w.l
      4918        352          0          0          0       2932   fz_ws.l
      4454        360        376          0          0       1416   m_ws.l

    ----------------------------------------------------------------------
     14518        920        552          0         96       7384   Library Totals

    ----------------------------------------------------------------------

==============================================================================


      Code (inc. data)   RO Data    RW Data    ZI Data      Debug   

     37950       2950       4090        504       5992     709770   Grand Totals
     37950       2950       4090         84       5992     709770   ELF Image Totals (compressed)
     37950       2950       4090         84          0          0   ROM Totals

==============================================================================

    Total RO  Size (Code + RO Data)                42040 (  41.05kB)
    Total RW  Size (RW Data + ZI Data)              6496 (   6.34kB)
    Total ROM Size (Code + RO Data + RW Data)      42124 (  41.14kB)

==============================================================================

